ASxxxx Linker V03.00 + NoICE + sdld,  page 1.
Hexadecimal  [32-Bits]

Area                                    Addr        Size        Decimal Bytes (Attributes)
--------------------------------        ----        ----        ------- ----- ------------
CABS                                00000000    00000000 =           0. bytes (ABS,CON,CODE)

      Value  Global                              Global Defined In Module
      -----  --------------------------------   ------------------------
C:   00000000  l_BIT_BANK                      
C:   00000000  l_CABS                          
C:   00000000  l_GSINIT1                       
C:   00000000  l_GSINIT5                       
C:   00000000  l_IABS                          
C:   00000000  l_PSEG                          
C:   00000000  l_REG_BANK_1                    
C:   00000000  l_REG_BANK_2                    
C:   00000000  l_REG_BANK_3                    
C:   00000000  l_RSEG                          
C:   00000000  l_RSEG0                         
C:   00000000  l_RSEG1                         
C:   00000000  l_XABS                          
C:   00000000  l_XINIT                         
C:   00000000  l_XISEG                         
C:   00000000  l__CODE                         
C:   00000000  s_BSEG                          
C:   00000000  s_CABS                          
C:   00000000  s_DSEG                          
C:   00000000  s_HOME                          
C:   00000000  s_IABS                          
C:   00000000  s_REG_BANK_0                    
C:   00000000  s_RSEG                          
C:   00000000  s_RSEG0                         
C:   00000000  s_RSEG1                         
C:   00000000  s_XABS                          
C:   00000001  s_PSEG                          
C:   00000001  s_XSEG                          
C:   00000003  l_BSEG_BYTES                    
C:   00000003  l_GSFINAL                       
C:   00000003  l_GSINIT0                       
C:   00000006  l_ISEG                          
C:   00000006  l_OSEG                          
C:   00000008  l_REG_BANK_0                    
C:   00000008  s_REG_BANK_1                    
C:   0000000A  l_GSINIT2                       
C:   00000010  s_REG_BANK_2                    
C:   00000011  l_BSEG                          
C:   00000018  s_BIT_BANK                      
C:   00000018  s_REG_BANK_3                    
C:   0000001A  s_OSEG                          
C:   00000020  s_BSEG_BYTES                    
C:   00000020  s__CODE                         
C:   00000021  l_GSINIT                        
C:   00000022  l_GSINIT3                       
C:   0000002A  l_GSINIT4                       
C:   00000050  l_XSEG                          
C:   00000051  l_HOME                          
C:   00000051  s_GSINIT0                       
C:   00000051  s_XISEG                         
ASxxxx Linker V03.00 + NoICE + sdld,  page 2.
Hexadecimal  [32-Bits]

Area                                    Addr        Size        Decimal Bytes (Attributes)
--------------------------------        ----        ----        ------- ----- ------------
CABS                                00000000    00000000 =           0. bytes (ABS,CON,CODE)

      Value  Global                              Global Defined In Module
      -----  --------------------------------   ------------------------
C:   00000054  s_GSINIT1                       
C:   00000054  s_GSINIT2                       
C:   0000005E  s_GSINIT3                       
C:   0000007C  l_SSEG                          
C:   0000007E  s_ISEG                          
C:   00000080  l_DSEG                          
C:   00000080  s_GSINIT4                       
C:   00000084  s_SSEG                          
C:   000000AA  s_GSINIT                        
C:   000000AA  s_GSINIT5                       
C:   000000CB  s_GSFINAL                       
C:   000000CE  s_CSEG                          
C:   00000100  l_IRAM                          
C:   00000349  l_CONST                         
C:   00001ADF  l_CSEG                          
C:   00001BAD  s_CONST                         
C:   00001EF6  s_XINIT                         

ASxxxx Linker V03.00 + NoICE + sdld,  page 3.
Hexadecimal  [32-Bits]

Area                                    Addr        Size        Decimal Bytes (Attributes)
--------------------------------        ----        ----        ------- ----- ------------
.  .ABS.                            00000000    00000000 =           0. bytes (ABS,CON)

      Value  Global                              Global Defined In Module
      -----  --------------------------------   ------------------------
     00000000  .__.ABS.                           _startup
     00000080  G$P0$0$0                           Lab6
     00000080  G$P0_0$0$0                         Lab6
     00000080  _P0                                Lab6
     00000080  _P0_0                              Lab6
     00000081  G$P0_1$0$0                         Lab6
     00000081  G$SP$0$0                           Lab6
     00000081  _P0_1                              Lab6
     00000081  _SP                                Lab6
     00000082  G$DPL$0$0                          Lab6
     00000082  G$P0_2$0$0                         Lab6
     00000082  _DPL                               Lab6
     00000082  _P0_2                              Lab6
     00000083  G$BUS_SCL$0$0                      Lab6
     00000083  G$DPH$0$0                          Lab6
     00000083  G$P0_3$0$0                         Lab6
     00000083  _BUS_SCL                           Lab6
     00000083  _DPH                               Lab6
     00000083  _P0_3                              Lab6
     00000084  G$P0_4$0$0                         Lab6
     00000084  G$P4$0$0                           Lab6
     00000084  _P0_4                              Lab6
     00000084  _P4                                Lab6
     00000085  G$P0_5$0$0                         Lab6
     00000085  G$P5$0$0                           Lab6
     00000085  _P0_5                              Lab6
     00000085  _P5                                Lab6
     00000086  G$P0_6$0$0                         Lab6
     00000086  G$P6$0$0                           Lab6
     00000086  _P0_6                              Lab6
     00000086  _P6                                Lab6
     00000087  G$P0_7$0$0                         Lab6
     00000087  G$PCON$0$0                         Lab6
     00000087  _P0_7                              Lab6
     00000087  _PCON                              Lab6
     00000088  G$IT0$0$0                          Lab6
     00000088  G$TCON$0$0                         Lab6
     00000088  _IT0                               Lab6
     00000088  _TCON                              Lab6
     00000089  G$IE0$0$0                          Lab6
     00000089  G$TMOD$0$0                         Lab6
     00000089  _IE0                               Lab6
     00000089  _TMOD                              Lab6
     0000008A  G$IT1$0$0                          Lab6
     0000008A  G$TL0$0$0                          Lab6
     0000008A  _IT1                               Lab6
     0000008A  _TL0                               Lab6
     0000008B  G$IE1$0$0                          Lab6
     0000008B  G$TL1$0$0                          Lab6
     0000008B  _IE1                               Lab6
ASxxxx Linker V03.00 + NoICE + sdld,  page 4.
Hexadecimal  [32-Bits]

Area                                    Addr        Size        Decimal Bytes (Attributes)
--------------------------------        ----        ----        ------- ----- ------------
.  .ABS.                            00000000    00000000 =           0. bytes (ABS,CON)

      Value  Global                              Global Defined In Module
      -----  --------------------------------   ------------------------
     0000008B  _TL1                               Lab6
     0000008C  G$TH0$0$0                          Lab6
     0000008C  G$TR0$0$0                          Lab6
     0000008C  _TH0                               Lab6
     0000008C  _TR0                               Lab6
     0000008D  G$TF0$0$0                          Lab6
     0000008D  G$TH1$0$0                          Lab6
     0000008D  _TF0                               Lab6
     0000008D  _TH1                               Lab6
     0000008E  G$CKCON$0$0                        Lab6
     0000008E  G$TR1$0$0                          Lab6
     0000008E  _CKCON                             Lab6
     0000008E  _TR1                               Lab6
     0000008F  G$PSCTL$0$0                        Lab6
     0000008F  G$TF1$0$0                          Lab6
     0000008F  _PSCTL                             Lab6
     0000008F  _TF1                               Lab6
     00000090  G$P1$0$0                           Lab6
     00000090  G$P1_0$0$0                         Lab6
     00000090  _P1                                Lab6
     00000090  _P1_0                              Lab6
     00000091  G$P1_1$0$0                         Lab6
     00000091  G$TMR3CN$0$0                       Lab6
     00000091  _P1_1                              Lab6
     00000091  _TMR3CN                            Lab6
     00000092  G$P1_2$0$0                         Lab6
     00000092  G$TMR3RLL$0$0                      Lab6
     00000092  _P1_2                              Lab6
     00000092  _TMR3RLL                           Lab6
     00000093  G$P1_3$0$0                         Lab6
     00000093  G$TMR3RLH$0$0                      Lab6
     00000093  _P1_3                              Lab6
     00000093  _TMR3RLH                           Lab6
     00000094  G$P1_4$0$0                         Lab6
     00000094  G$TMR3L$0$0                        Lab6
     00000094  _P1_4                              Lab6
     00000094  _TMR3L                             Lab6
     00000095  G$P1_5$0$0                         Lab6
     00000095  G$TMR3H$0$0                        Lab6
     00000095  _P1_5                              Lab6
     00000095  _TMR3H                             Lab6
     00000096  G$BatteryVoltage$0$0               Lab6
     00000096  G$P1_6$0$0                         Lab6
     00000096  G$P7$0$0                           Lab6
     00000096  _BatteryVoltage                    Lab6
     00000096  _P1_6                              Lab6
     00000096  _P7                                Lab6
     00000097  G$P1_7$0$0                         Lab6
     00000097  _P1_7                              Lab6
     00000098  G$RI$0$0                           Lab6
     00000098  G$RI0$0$0                          Lab6
ASxxxx Linker V03.00 + NoICE + sdld,  page 5.
Hexadecimal  [32-Bits]

Area                                    Addr        Size        Decimal Bytes (Attributes)
--------------------------------        ----        ----        ------- ----- ------------
.  .ABS.                            00000000    00000000 =           0. bytes (ABS,CON)

      Value  Global                              Global Defined In Module
      -----  --------------------------------   ------------------------
     00000098  G$SCON$0$0                         Lab6
     00000098  G$SCON0$0$0                        Lab6
     00000098  _RI                                Lab6
     00000098  _RI0                               Lab6
     00000098  _SCON                              Lab6
     00000098  _SCON0                             Lab6
     00000099  G$SBUF$0$0                         Lab6
     00000099  G$SBUF0$0$0                        Lab6
     00000099  G$TI$0$0                           Lab6
     00000099  G$TI0$0$0                          Lab6
     00000099  _SBUF                              Lab6
     00000099  _SBUF0                             Lab6
     00000099  _TI                                Lab6
     00000099  _TI0                               Lab6
     0000009A  G$RB8$0$0                          Lab6
     0000009A  G$RB80$0$0                         Lab6
     0000009A  G$SPI0CFG$0$0                      Lab6
     0000009A  _RB8                               Lab6
     0000009A  _RB80                              Lab6
     0000009A  _SPI0CFG                           Lab6
     0000009B  G$SPI0DAT$0$0                      Lab6
     0000009B  G$TB8$0$0                          Lab6
     0000009B  G$TB80$0$0                         Lab6
     0000009B  _SPI0DAT                           Lab6
     0000009B  _TB8                               Lab6
     0000009B  _TB80                              Lab6
     0000009C  G$ADC1$0$0                         Lab6
     0000009C  G$REN$0$0                          Lab6
     0000009C  G$REN0$0$0                         Lab6
     0000009C  _ADC1                              Lab6
     0000009C  _REN                               Lab6
     0000009C  _REN0                              Lab6
     0000009D  G$MCE0$0$0                         Lab6
     0000009D  G$SM2$0$0                          Lab6
     0000009D  G$SM20$0$0                         Lab6
     0000009D  G$SPI0CKR$0$0                      Lab6
     0000009D  _MCE0                              Lab6
     0000009D  _SM2                               Lab6
     0000009D  _SM20                              Lab6
     0000009D  _SPI0CKR                           Lab6
     0000009E  G$CPT0CN$0$0                       Lab6
     0000009E  G$SM1$0$0                          Lab6
     0000009E  G$SM10$0$0                         Lab6
     0000009E  _CPT0CN                            Lab6
     0000009E  _SM1                               Lab6
     0000009E  _SM10                              Lab6
     0000009F  G$CPT1CN$0$0                       Lab6
     0000009F  G$S0MODE$0$0                       Lab6
     0000009F  G$SM0$0$0                          Lab6
     0000009F  G$SM00$0$0                         Lab6
     0000009F  _CPT1CN                            Lab6
ASxxxx Linker V03.00 + NoICE + sdld,  page 6.
Hexadecimal  [32-Bits]

Area                                    Addr        Size        Decimal Bytes (Attributes)
--------------------------------        ----        ----        ------- ----- ------------
.  .ABS.                            00000000    00000000 =           0. bytes (ABS,CON)

      Value  Global                              Global Defined In Module
      -----  --------------------------------   ------------------------
     0000009F  _S0MODE                            Lab6
     0000009F  _SM0                               Lab6
     0000009F  _SM00                              Lab6
     000000A0  G$P2$0$0                           Lab6
     000000A0  G$P2_0$0$0                         Lab6
     000000A0  _P2                                Lab6
     000000A0  _P2_0                              Lab6
     000000A1  G$EMI0TC$0$0                       Lab6
     000000A1  G$P2_1$0$0                         Lab6
     000000A1  _EMI0TC                            Lab6
     000000A1  _P2_1                              Lab6
     000000A2  G$P2_2$0$0                         Lab6
     000000A2  _P2_2                              Lab6
     000000A3  G$EMI0CF$0$0                       Lab6
     000000A3  G$P2_3$0$0                         Lab6
     000000A3  _EMI0CF                            Lab6
     000000A3  _P2_3                              Lab6
     000000A4  G$P0MDOUT$0$0                      Lab6
     000000A4  G$P2_4$0$0                         Lab6
     000000A4  G$PRT0CF$0$0                       Lab6
     000000A4  _P0MDOUT                           Lab6
     000000A4  _P2_4                              Lab6
     000000A4  _PRT0CF                            Lab6
     000000A5  G$P1MDOUT$0$0                      Lab6
     000000A5  G$P2_5$0$0                         Lab6
     000000A5  G$PRT1CF$0$0                       Lab6
     000000A5  _P1MDOUT                           Lab6
     000000A5  _P2_5                              Lab6
     000000A5  _PRT1CF                            Lab6
     000000A6  G$P2MDOUT$0$0                      Lab6
     000000A6  G$P2_6$0$0                         Lab6
     000000A6  G$PRT2CF$0$0                       Lab6
     000000A6  _P2MDOUT                           Lab6
     000000A6  _P2_6                              Lab6
     000000A6  _PRT2CF                            Lab6
     000000A7  G$P2_7$0$0                         Lab6
     000000A7  G$P3MDOUT$0$0                      Lab6
     000000A7  G$PRT3CF$0$0                       Lab6
     000000A7  _P2_7                              Lab6
     000000A7  _P3MDOUT                           Lab6
     000000A7  _PRT3CF                            Lab6
     000000A8  G$EX0$0$0                          Lab6
     000000A8  G$IE$0$0                           Lab6
     000000A8  _EX0                               Lab6
     000000A8  _IE                                Lab6
     000000A9  G$ET0$0$0                          Lab6
     000000A9  G$SADDR0$0$0                       Lab6
     000000A9  _ET0                               Lab6
     000000A9  _SADDR0                            Lab6
     000000AA  G$ADC1CN$0$0                       Lab6
     000000AA  G$EX1$0$0                          Lab6
ASxxxx Linker V03.00 + NoICE + sdld,  page 7.
Hexadecimal  [32-Bits]

Area                                    Addr        Size        Decimal Bytes (Attributes)
--------------------------------        ----        ----        ------- ----- ------------
.  .ABS.                            00000000    00000000 =           0. bytes (ABS,CON)

      Value  Global                              Global Defined In Module
      -----  --------------------------------   ------------------------
     000000AA  _ADC1CN                            Lab6
     000000AA  _EX1                               Lab6
     000000AB  G$ADC1CF$0$0                       Lab6
     000000AB  G$ET1$0$0                          Lab6
     000000AB  _ADC1CF                            Lab6
     000000AB  _ET1                               Lab6
     000000AC  G$AMX1SL$0$0                       Lab6
     000000AC  G$ES$0$0                           Lab6
     000000AC  G$ES0$0$0                          Lab6
     000000AC  _AMX1SL                            Lab6
     000000AC  _ES                                Lab6
     000000AC  _ES0                               Lab6
     000000AD  G$ET2$0$0                          Lab6
     000000AD  G$P3IF$0$0                         Lab6
     000000AD  _ET2                               Lab6
     000000AD  _P3IF                              Lab6
     000000AE  G$SADEN1$0$0                       Lab6
     000000AE  _SADEN1                            Lab6
     000000AF  G$EA$0$0                           Lab6
     000000AF  G$EMI0CN$0$0                       Lab6
     000000AF  G$_XPAGE$0$0                       Lab6
     000000AF  _EA                                Lab6
     000000AF  _EMI0CN                            Lab6
     000000AF  __XPAGE                            Lab6
     000000B0  G$P3$0$0                           Lab6
     000000B0  G$P3_0$0$0                         Lab6
     000000B0  _P3                                Lab6
     000000B0  _P3_0                              Lab6
     000000B1  G$OSCXCN$0$0                       Lab6
     000000B1  G$P3_1$0$0                         Lab6
     000000B1  _OSCXCN                            Lab6
     000000B1  _P3_1                              Lab6
     000000B2  G$OSCICN$0$0                       Lab6
     000000B2  G$P3_2$0$0                         Lab6
     000000B2  _OSCICN                            Lab6
     000000B2  _P3_2                              Lab6
     000000B3  G$P3_3$0$0                         Lab6
     000000B3  _P3_3                              Lab6
     000000B4  G$P3_4$0$0                         Lab6
     000000B4  _P3_4                              Lab6
     000000B5  G$P3_5$0$0                         Lab6
     000000B5  G$P74OUT$0$0                       Lab6
     000000B5  _P3_5                              Lab6
     000000B5  _P74OUT                            Lab6
     000000B6  G$FLSCL$0$0                        Lab6
     000000B6  G$P3_6$0$0                         Lab6
     000000B6  G$SSRanger$0$0                     Lab6
     000000B6  _FLSCL                             Lab6
     000000B6  _P3_6                              Lab6
     000000B6  _SSRanger                          Lab6
     000000B7  G$FLACL$0$0                        Lab6
ASxxxx Linker V03.00 + NoICE + sdld,  page 8.
Hexadecimal  [32-Bits]

Area                                    Addr        Size        Decimal Bytes (Attributes)
--------------------------------        ----        ----        ------- ----- ------------
.  .ABS.                            00000000    00000000 =           0. bytes (ABS,CON)

      Value  Global                              Global Defined In Module
      -----  --------------------------------   ------------------------
     000000B7  G$P3_7$0$0                         Lab6
     000000B7  G$SSCompass$0$0                    Lab6
     000000B7  _FLACL                             Lab6
     000000B7  _P3_7                              Lab6
     000000B7  _SSCompass                         Lab6
     000000B8  G$IP$0$0                           Lab6
     000000B8  G$PX0$0$0                          Lab6
     000000B8  _IP                                Lab6
     000000B8  _PX0                               Lab6
     000000B9  G$PT0$0$0                          Lab6
     000000B9  G$SADEN0$0$0                       Lab6
     000000B9  _PT0                               Lab6
     000000B9  _SADEN0                            Lab6
     000000BA  G$AMX0CF$0$0                       Lab6
     000000BA  G$PX1$0$0                          Lab6
     000000BA  _AMX0CF                            Lab6
     000000BA  _PX1                               Lab6
     000000BB  G$AMX0SL$0$0                       Lab6
     000000BB  G$PT1$0$0                          Lab6
     000000BB  _AMX0SL                            Lab6
     000000BB  _PT1                               Lab6
     000000BC  G$ADC0CF$0$0                       Lab6
     000000BC  G$PS$0$0                           Lab6
     000000BC  G$PS0$0$0                          Lab6
     000000BC  _ADC0CF                            Lab6
     000000BC  _PS                                Lab6
     000000BC  _PS0                               Lab6
     000000BD  G$P1MDIN$0$0                       Lab6
     000000BD  G$PT2$0$0                          Lab6
     000000BD  _P1MDIN                            Lab6
     000000BD  _PT2                               Lab6
     000000BE  G$ADC0L$0$0                        Lab6
     000000BE  _ADC0L                             Lab6
     000000BF  G$ADC0H$0$0                        Lab6
     000000BF  _ADC0H                             Lab6
     000000C0  G$BUS_TOE$0$0                      Lab6
     000000C0  G$SMB0CN$0$0                       Lab6
     000000C0  G$SMBTOE$0$0                       Lab6
     000000C0  _BUS_TOE                           Lab6
     000000C0  _SMB0CN                            Lab6
     000000C0  _SMBTOE                            Lab6
     000000C1  G$BUS_FTE$0$0                      Lab6
     000000C1  G$SMB0STA$0$0                      Lab6
     000000C1  G$SMBFTE$0$0                       Lab6
     000000C1  _BUS_FTE                           Lab6
     000000C1  _SMB0STA                           Lab6
     000000C1  _SMBFTE                            Lab6
     000000C2  G$AA$0$0                           Lab6
     000000C2  G$BUS_AA$0$0                       Lab6
     000000C2  G$SMB0DAT$0$0                      Lab6
     000000C2  _AA                                Lab6
ASxxxx Linker V03.00 + NoICE + sdld,  page 9.
Hexadecimal  [32-Bits]

Area                                    Addr        Size        Decimal Bytes (Attributes)
--------------------------------        ----        ----        ------- ----- ------------
.  .ABS.                            00000000    00000000 =           0. bytes (ABS,CON)

      Value  Global                              Global Defined In Module
      -----  --------------------------------   ------------------------
     000000C2  _BUS_AA                            Lab6
     000000C2  _SMB0DAT                           Lab6
     000000C3  G$BUS_INT$0$0                      Lab6
     000000C3  G$SI$0$0                           Lab6
     000000C3  G$SMB0ADR$0$0                      Lab6
     000000C3  _BUS_INT                           Lab6
     000000C3  _SI                                Lab6
     000000C3  _SMB0ADR                           Lab6
     000000C4  G$ADC0GTL$0$0                      Lab6
     000000C4  G$BUS_STOP$0$0                     Lab6
     000000C4  G$STO$0$0                          Lab6
     000000C4  _ADC0GTL                           Lab6
     000000C4  _BUS_STOP                          Lab6
     000000C4  _STO                               Lab6
     000000C5  G$ADC0GTH$0$0                      Lab6
     000000C5  G$BUS_START$0$0                    Lab6
     000000C5  G$STA$0$0                          Lab6
     000000C5  _ADC0GTH                           Lab6
     000000C5  _BUS_START                         Lab6
     000000C5  _STA                               Lab6
     000000C6  G$ADC0LTL$0$0                      Lab6
     000000C6  G$BUS_EN$0$0                       Lab6
     000000C6  G$ENSMB$0$0                        Lab6
     000000C6  _ADC0LTL                           Lab6
     000000C6  _BUS_EN                            Lab6
     000000C6  _ENSMB                             Lab6
     000000C7  G$ADC0LTH$0$0                      Lab6
     000000C7  G$BUSY$0$0                         Lab6
     000000C7  G$BUS_BUSY$0$0                     Lab6
     000000C7  _ADC0LTH                           Lab6
     000000C7  _BUSY                              Lab6
     000000C7  _BUS_BUSY                          Lab6
     000000C8  G$CPRL2$0$0                        Lab6
     000000C8  G$T2CON$0$0                        Lab6
     000000C8  _CPRL2                             Lab6
     000000C8  _T2CON                             Lab6
     000000C9  G$CT2$0$0                          Lab6
     000000C9  G$T4CON$0$0                        Lab6
     000000C9  _CT2                               Lab6
     000000C9  _T4CON                             Lab6
     000000CA  G$RCAP2L$0$0                       Lab6
     000000CA  G$TR2$0$0                          Lab6
     000000CA  _RCAP2L                            Lab6
     000000CA  _TR2                               Lab6
     000000CB  G$EXEN2$0$0                        Lab6
     000000CB  G$RCAP2H$0$0                       Lab6
     000000CB  _EXEN2                             Lab6
     000000CB  _RCAP2H                            Lab6
     000000CC  G$TCLK$0$0                         Lab6
     000000CC  G$TL2$0$0                          Lab6
     000000CC  _TCLK                              Lab6
ASxxxx Linker V03.00 + NoICE + sdld,  page 10.
Hexadecimal  [32-Bits]

Area                                    Addr        Size        Decimal Bytes (Attributes)
--------------------------------        ----        ----        ------- ----- ------------
.  .ABS.                            00000000    00000000 =           0. bytes (ABS,CON)

      Value  Global                              Global Defined In Module
      -----  --------------------------------   ------------------------
     000000CC  _TL2                               Lab6
     000000CD  G$RCLK$0$0                         Lab6
     000000CD  G$TH2$0$0                          Lab6
     000000CD  _RCLK                              Lab6
     000000CD  _TH2                               Lab6
     000000CE  G$EXF2$0$0                         Lab6
     000000CE  _EXF2                              Lab6
     000000CF  G$SMB0CR$0$0                       Lab6
     000000CF  G$TF2$0$0                          Lab6
     000000CF  _SMB0CR                            Lab6
     000000CF  _TF2                               Lab6
     000000D0  G$P$0$0                            Lab6
     000000D0  G$PSW$0$0                          Lab6
     000000D0  _P                                 Lab6
     000000D0  _PSW                               Lab6
     000000D1  G$F1$0$0                           Lab6
     000000D1  G$REF0CN$0$0                       Lab6
     000000D1  _F1                                Lab6
     000000D1  _REF0CN                            Lab6
     000000D2  G$DAC0L$0$0                        Lab6
     000000D2  G$OV$0$0                           Lab6
     000000D2  _DAC0L                             Lab6
     000000D2  _OV                                Lab6
     000000D3  G$DAC0H$0$0                        Lab6
     000000D3  G$RS0$0$0                          Lab6
     000000D3  _DAC0H                             Lab6
     000000D3  _RS0                               Lab6
     000000D4  G$DAC0CN$0$0                       Lab6
     000000D4  G$RS1$0$0                          Lab6
     000000D4  _DAC0CN                            Lab6
     000000D4  _RS1                               Lab6
     000000D5  G$DAC1L$0$0                        Lab6
     000000D5  G$F0$0$0                           Lab6
     000000D5  _DAC1L                             Lab6
     000000D5  _F0                                Lab6
     000000D6  G$AC$0$0                           Lab6
     000000D6  G$DAC1H$0$0                        Lab6
     000000D6  _AC                                Lab6
     000000D6  _DAC1H                             Lab6
     000000D7  G$CY$0$0                           Lab6
     000000D7  G$DAC1CN$0$0                       Lab6
     000000D7  _CY                                Lab6
     000000D7  _DAC1CN                            Lab6
     000000D8  G$CCF0$0$0                         Lab6
     000000D8  G$PCA0CN$0$0                       Lab6
     000000D8  _CCF0                              Lab6
     000000D8  _PCA0CN                            Lab6
     000000D9  G$CCF1$0$0                         Lab6
     000000D9  G$PCA0MD$0$0                       Lab6
     000000D9  _CCF1                              Lab6
     000000D9  _PCA0MD                            Lab6
ASxxxx Linker V03.00 + NoICE + sdld,  page 11.
Hexadecimal  [32-Bits]

Area                                    Addr        Size        Decimal Bytes (Attributes)
--------------------------------        ----        ----        ------- ----- ------------
.  .ABS.                            00000000    00000000 =           0. bytes (ABS,CON)

      Value  Global                              Global Defined In Module
      -----  --------------------------------   ------------------------
     000000DA  G$CCF2$0$0                         Lab6
     000000DA  G$PCA0CPM0$0$0                     Lab6
     000000DA  _CCF2                              Lab6
     000000DA  _PCA0CPM0                          Lab6
     000000DB  G$CCF3$0$0                         Lab6
     000000DB  G$PCA0CPM1$0$0                     Lab6
     000000DB  _CCF3                              Lab6
     000000DB  _PCA0CPM1                          Lab6
     000000DC  G$CCF4$0$0                         Lab6
     000000DC  G$PCA0CPM2$0$0                     Lab6
     000000DC  _CCF4                              Lab6
     000000DC  _PCA0CPM2                          Lab6
     000000DD  G$PCA0CPM3$0$0                     Lab6
     000000DD  _PCA0CPM3                          Lab6
     000000DE  G$CR$0$0                           Lab6
     000000DE  G$PCA0CPM4$0$0                     Lab6
     000000DE  _CR                                Lab6
     000000DE  _PCA0CPM4                          Lab6
     000000DF  G$CF$0$0                           Lab6
     000000DF  _CF                                Lab6
     000000E0  G$ACC$0$0                          Lab6
     000000E0  _ACC                               Lab6
     000000E1  G$XBR0$0$0                         Lab6
     000000E1  _XBR0                              Lab6
     000000E2  G$XBR1$0$0                         Lab6
     000000E2  _XBR1                              Lab6
     000000E3  G$XBR2$0$0                         Lab6
     000000E3  _XBR2                              Lab6
     000000E4  G$RCAP4L$0$0                       Lab6
     000000E4  _RCAP4L                            Lab6
     000000E5  G$RCAP4H$0$0                       Lab6
     000000E5  _RCAP4H                            Lab6
     000000E6  G$EIE1$0$0                         Lab6
     000000E6  _EIE1                              Lab6
     000000E7  G$EIE2$0$0                         Lab6
     000000E7  _EIE2                              Lab6
     000000E8  G$AD0LJST$0$0                      Lab6
     000000E8  G$ADC0CN$0$0                       Lab6
     000000E8  G$ADLJST$0$0                       Lab6
     000000E8  _AD0LJST                           Lab6
     000000E8  _ADC0CN                            Lab6
     000000E8  _ADLJST                            Lab6
     000000E9  G$AD0WINT$0$0                      Lab6
     000000E9  G$ADWINT$0$0                       Lab6
     000000E9  G$PCA0L$0$0                        Lab6
     000000E9  _AD0WINT                           Lab6
     000000E9  _ADWINT                            Lab6
     000000E9  _PCA0L                             Lab6
     000000EA  G$AD0CM0$0$0                       Lab6
     000000EA  G$ADSTM0$0$0                       Lab6
     000000EA  G$PCA0CPL0$0$0                     Lab6
ASxxxx Linker V03.00 + NoICE + sdld,  page 12.
Hexadecimal  [32-Bits]

Area                                    Addr        Size        Decimal Bytes (Attributes)
--------------------------------        ----        ----        ------- ----- ------------
.  .ABS.                            00000000    00000000 =           0. bytes (ABS,CON)

      Value  Global                              Global Defined In Module
      -----  --------------------------------   ------------------------
     000000EA  _AD0CM0                            Lab6
     000000EA  _ADSTM0                            Lab6
     000000EA  _PCA0CPL0                          Lab6
     000000EB  G$AD0CM1$0$0                       Lab6
     000000EB  G$ADSTM1$0$0                       Lab6
     000000EB  G$PCA0CPL1$0$0                     Lab6
     000000EB  _AD0CM1                            Lab6
     000000EB  _ADSTM1                            Lab6
     000000EB  _PCA0CPL1                          Lab6
     000000EC  G$AD0BUSY$0$0                      Lab6
     000000EC  G$ADBUSY$0$0                       Lab6
     000000EC  G$PCA0CPL2$0$0                     Lab6
     000000EC  _AD0BUSY                           Lab6
     000000EC  _ADBUSY                            Lab6
     000000EC  _PCA0CPL2                          Lab6
     000000ED  G$AD0INT$0$0                       Lab6
     000000ED  G$ADCINT$0$0                       Lab6
     000000ED  G$PCA0CPL3$0$0                     Lab6
     000000ED  _AD0INT                            Lab6
     000000ED  _ADCINT                            Lab6
     000000ED  _PCA0CPL3                          Lab6
     000000EE  G$AD0TM$0$0                        Lab6
     000000EE  G$ADCTM$0$0                        Lab6
     000000EE  G$PCA0CPL4$0$0                     Lab6
     000000EE  _AD0TM                             Lab6
     000000EE  _ADCTM                             Lab6
     000000EE  _PCA0CPL4                          Lab6
     000000EF  G$AD0EN$0$0                        Lab6
     000000EF  G$ADCEN$0$0                        Lab6
     000000EF  G$RSTSRC$0$0                       Lab6
     000000EF  _AD0EN                             Lab6
     000000EF  _ADCEN                             Lab6
     000000EF  _RSTSRC                            Lab6
     000000F0  G$B$0$0                            Lab6
     000000F0  _B                                 Lab6
     000000F1  G$SCON1$0$0                        Lab6
     000000F1  _SCON1                             Lab6
     000000F2  G$SBUF1$0$0                        Lab6
     000000F2  _SBUF1                             Lab6
     000000F3  G$SADDR1$0$0                       Lab6
     000000F3  _SADDR1                            Lab6
     000000F4  G$TL4$0$0                          Lab6
     000000F4  _TL4                               Lab6
     000000F5  G$TH4$0$0                          Lab6
     000000F5  _B_5                               _gptrget
     000000F5  _TH4                               Lab6
     000000F6  G$EIP1$0$0                         Lab6
     000000F6  _B_6                               _gptrget
     000000F6  _EIP1                              Lab6
     000000F7  G$EIP2$0$0                         Lab6
     000000F7  _B_7                               _gptrget
ASxxxx Linker V03.00 + NoICE + sdld,  page 13.
Hexadecimal  [32-Bits]

Area                                    Addr        Size        Decimal Bytes (Attributes)
--------------------------------        ----        ----        ------- ----- ------------
.  .ABS.                            00000000    00000000 =           0. bytes (ABS,CON)

      Value  Global                              Global Defined In Module
      -----  --------------------------------   ------------------------
     000000F7  _EIP2                              Lab6
     000000F8  G$SPI0CN$0$0                       Lab6
     000000F8  G$SPIEN$0$0                        Lab6
     000000F8  _SPI0CN                            Lab6
     000000F8  _SPIEN                             Lab6
     000000F9  G$MSTEN$0$0                        Lab6
     000000F9  G$PCA0H$0$0                        Lab6
     000000F9  _MSTEN                             Lab6
     000000F9  _PCA0H                             Lab6
     000000FA  G$PCA0CPH0$0$0                     Lab6
     000000FA  G$SLVSEL$0$0                       Lab6
     000000FA  _PCA0CPH0                          Lab6
     000000FA  _SLVSEL                            Lab6
     000000FB  G$PCA0CPH1$0$0                     Lab6
     000000FB  G$TXBSY$0$0                        Lab6
     000000FB  _PCA0CPH1                          Lab6
     000000FB  _TXBSY                             Lab6
     000000FC  G$PCA0CPH2$0$0                     Lab6
     000000FC  G$RXOVRN$0$0                       Lab6
     000000FC  _PCA0CPH2                          Lab6
     000000FC  _RXOVRN                            Lab6
     000000FD  G$MODF$0$0                         Lab6
     000000FD  G$PCA0CPH3$0$0                     Lab6
     000000FD  _MODF                              Lab6
     000000FD  _PCA0CPH3                          Lab6
     000000FE  G$PCA0CPH4$0$0                     Lab6
     000000FE  G$WCOL$0$0                         Lab6
     000000FE  _PCA0CPH4                          Lab6
     000000FE  _WCOL                              Lab6
     000000FF  G$SPIF$0$0                         Lab6
     000000FF  G$WDTCN$0$0                        Lab6
     000000FF  _SPIF                              Lab6
     000000FF  _WDTCN                             Lab6
     00008C8A  G$TMR0$0$0                         Lab6
     00008C8A  _TMR0                              Lab6
     00008D8B  G$TMR1$0$0                         Lab6
     00008D8B  _TMR1                              Lab6
     00009392  G$TMR3RL$0$0                       Lab6
     00009392  _TMR3RL                            Lab6
     00009594  G$TMR3$0$0                         Lab6
     00009594  _TMR3                              Lab6
     0000BFBE  G$ADC0$0$0                         Lab6
     0000BFBE  _ADC0                              Lab6
     0000C5C4  G$ADC0GT$0$0                       Lab6
     0000C5C4  _ADC0GT                            Lab6
     0000C7C6  G$ADC0LT$0$0                       Lab6
     0000C7C6  _ADC0LT                            Lab6
     0000CBCA  G$RCAP2$0$0                        Lab6
     0000CBCA  _RCAP2                             Lab6
     0000CDCC  G$TMR2$0$0                         Lab6
     0000CDCC  _TMR2                              Lab6
ASxxxx Linker V03.00 + NoICE + sdld,  page 14.
Hexadecimal  [32-Bits]

Area                                    Addr        Size        Decimal Bytes (Attributes)
--------------------------------        ----        ----        ------- ----- ------------
.  .ABS.                            00000000    00000000 =           0. bytes (ABS,CON)

      Value  Global                              Global Defined In Module
      -----  --------------------------------   ------------------------
     0000D3D2  G$DAC0$0$0                         Lab6
     0000D3D2  _DAC0                              Lab6
     0000D6D5  G$DAC1$0$0                         Lab6
     0000D6D5  _DAC1                              Lab6
     0000E5E4  G$RCAP4$0$0                        Lab6
     0000E5E4  _RCAP4                             Lab6
     0000F5F4  G$TMR4$0$0                         Lab6
     0000F5F4  _TMR4                              Lab6
     0000F9E9  G$PCA0$0$0                         Lab6
     0000F9E9  _PCA0                              Lab6
     0000FAEA  G$PCA0CP0$0$0                      Lab6
     0000FAEA  _PCA0CP0                           Lab6
     0000FBEB  G$PCA0CP1$0$0                      Lab6
     0000FBEB  _PCA0CP1                           Lab6
     0000FCEC  G$PCA0CP2$0$0                      Lab6
     0000FCEC  _PCA0CP2                           Lab6
     0000FDED  G$PCA0CP3$0$0                      Lab6
     0000FDED  _PCA0CP3                           Lab6
     0000FEEE  G$PCA0CP4$0$0                      Lab6
     0000FEEE  _PCA0CP4                           Lab6

ASxxxx Linker V03.00 + NoICE + sdld,  page 15.
Hexadecimal  [32-Bits]

Area                                    Addr        Size        Decimal Bytes (Attributes)
--------------------------------        ----        ----        ------- ----- ------------
BSEG_BYTES                          00000020    00000003 =           3. bytes (REL,CON)

      Value  Global                              Global Defined In Module
      -----  --------------------------------   ------------------------
ASxxxx Linker V03.00 + NoICE + sdld,  page 16.
Hexadecimal  [32-Bits]

Area                                    Addr        Size        Decimal Bytes (Attributes)
--------------------------------        ----        ----        ------- ----- ------------
REG_BANK_0                          00000000    00000008 =           8. bytes (REL,OVR)

      Value  Global                              Global Defined In Module
      -----  --------------------------------   ------------------------
ASxxxx Linker V03.00 + NoICE + sdld,  page 17.
Hexadecimal  [32-Bits]

Area                                    Addr        Size        Decimal Bytes (Attributes)
--------------------------------        ----        ----        ------- ----- ------------
DSEG                                00000000    00000080 =         128. bytes (REL,CON)

      Value  Global                              Global Defined In Module
      -----  --------------------------------   ------------------------
     00000011  _vsprintf_PARM_2                   sprintf
     00000014  _vsprintf_PARM_3                   sprintf
     00000018  _bp                                _bp
     00000019  _vprintf_PARM_2                    vprintf
     00000023  LLab6.lcd_clear$NumBytes$1$77      Lab6
     00000024  LLab6.lcd_clear$Cmd$1$77           Lab6
     00000026  LLab6.read_keypad$Data$1$78        Lab6
     00000028  LLab6.i2c_write_data$start_reg$1   Lab6
     00000028  _i2c_write_data_PARM_2             Lab6
     00000029  LLab6.i2c_write_data$buffer$1$97   Lab6
     00000029  _i2c_write_data_PARM_3             Lab6
     0000002C  LLab6.i2c_write_data$num_bytes$1   Lab6
     0000002C  _i2c_write_data_PARM_4             Lab6
     0000002D  LLab6.i2c_read_data$start_reg$1$   Lab6
     0000002D  _i2c_read_data_PARM_2              Lab6
     0000002E  LLab6.i2c_read_data$buffer$1$99    Lab6
     0000002E  _i2c_read_data_PARM_3              Lab6
     00000031  LLab6.i2c_read_data$num_bytes$1$   Lab6
     00000031  _i2c_read_data_PARM_4              Lab6
     00000032  LLab6.Accel_Init$Data2$1$103       Lab6
     00000033  G$PW_NEUT$0$0                      Lab6
     00000033  _PW_NEUT                           Lab6
     00000035  G$PW_MIN$0$0                       Lab6
     00000035  _PW_MIN                            Lab6
     00000037  G$PW_MAX$0$0                       Lab6
     00000037  _PW_MAX                            Lab6
     00000039  G$counts$0$0                       Lab6
     00000039  _counts                            Lab6
     0000003B  G$counts2$0$0                      Lab6
     0000003B  _counts2                           Lab6
     0000003D  G$addr_ranger$0$0                  Lab6
     0000003D  _addr_ranger                       Lab6
     0000003E  G$addr_compass$0$0                 Lab6
     0000003E  _addr_compass                      Lab6
     0000003F  LLab6.main$error$1$114             Lab6
     00000041  LLab6.main$prev_error$1$114        Lab6
     00000043  LLab6.main$temp_motorpw_alg6$1$1   Lab6
     00000047  LLab6.main$original_desired$1$11   Lab6
     00000049  LLab6.main$desired$1$114           Lab6
     0000004B  LLab6.main$actual$1$114            Lab6
     0000004D  LLab6.main$kp$1$114                Lab6
     00000051  LLab6.main$kd$1$114                Lab6
     00000053  LLab6.main$range$1$114             Lab6
     00000055  LLab6.main$batteryV$1$114          Lab6
     00000057  LLab6.main$kpError$1$114           Lab6
     0000005B  LLab6.main$sloc0$1$0               Lab6
     0000005D  LLab6.ReadRanger$Data$1$120        Lab6
     0000005F  LLab6.ReadCompass$Data$1$122       Lab6
     00000061  LLab6.getNumberFromKeypad$data2$   Lab6
     00000070  __print_format_PARM_2              printf_large
ASxxxx Linker V03.00 + NoICE + sdld,  page 18.
Hexadecimal  [32-Bits]

Area                                    Addr        Size        Decimal Bytes (Attributes)
--------------------------------        ----        ----        ------- ----- ------------
DSEG                                00000000    00000080 =         128. bytes (REL,CON)

      Value  Global                              Global Defined In Module
      -----  --------------------------------   ------------------------
     00000073  __print_format_PARM_3              printf_large
     00000076  __print_format_PARM_4              printf_large

ASxxxx Linker V03.00 + NoICE + sdld,  page 19.
Hexadecimal  [32-Bits]

Area                                    Addr        Size        Decimal Bytes (Attributes)
--------------------------------        ----        ----        ------- ----- ------------
OSEG                                0000001A    00000006 =           6. bytes (REL,OVR)

      Value  Global                              Global Defined In Module
      -----  --------------------------------   ------------------------
     0000001A  __gptrput_PARM_2                   _gptrput
     0000001A  __modsint_PARM_2                   _moduint
     0000001A  __moduint_PARM_2                   _moduint
     0000001A  __mulint_PARM_2                    _mulint
     0000001A  __mullong_PARM_2                   _mullong

ASxxxx Linker V03.00 + NoICE + sdld,  page 20.
Hexadecimal  [32-Bits]

Area                                    Addr        Size        Decimal Bytes (Attributes)
--------------------------------        ----        ----        ------- ----- ------------
ISEG                                0000007E    00000006 =           6. bytes (REL,CON)

      Value  Global                              Global Defined In Module
      -----  --------------------------------   ------------------------
ASxxxx Linker V03.00 + NoICE + sdld,  page 21.
Hexadecimal  [32-Bits]

Area                                    Addr        Size        Decimal Bytes (Attributes)
--------------------------------        ----        ----        ------- ----- ------------
SSEG                                00000084    0000007C =         124. bytes (REL,OVR)

      Value  Global                              Global Defined In Module
      -----  --------------------------------   ------------------------
     00000084  __start__stack                     Lab6

ASxxxx Linker V03.00 + NoICE + sdld,  page 22.
Hexadecimal  [32-Bits]

Area                                    Addr        Size        Decimal Bytes (Attributes)
--------------------------------        ----        ----        ------- ----- ------------
XSEG                                00000001    00000050 =          80. bytes (REL,CON,XDATA)

      Value  Global                              Global Defined In Module
      -----  --------------------------------   ------------------------
D:   00000001  LLab6.lcd_print$text$1$73          Lab6

ASxxxx Linker V03.00 + NoICE + sdld,  page 23.
Hexadecimal  [32-Bits]

Area                                    Addr        Size        Decimal Bytes (Attributes)
--------------------------------        ----        ----        ------- ----- ------------
HOME                                00000000    00000051 =          81. bytes (REL,CON,CODE)

      Value  Global                              Global Defined In Module
      -----  --------------------------------   ------------------------
C:   00000000  A$Lab6$1104                        Lab6
C:   00000003  A$Lab6$1105                        Lab6
C:   0000000B  A$Lab6$1107                        Lab6
C:   00000013  A$Lab6$1109                        Lab6
C:   0000001B  A$Lab6$1111                        Lab6
C:   00000023  A$Lab6$1113                        Lab6
C:   0000002B  A$Lab6$1115                        Lab6
C:   00000033  A$Lab6$1117                        Lab6
C:   0000003B  A$Lab6$1119                        Lab6
C:   00000043  A$Lab6$1121                        Lab6
C:   0000004B  A$Lab6$1123                        Lab6
C:   0000004E  A$Lab6$1172                        Lab6
C:   0000004E  __sdcc_program_startup             Lab6

ASxxxx Linker V03.00 + NoICE + sdld,  page 24.
Hexadecimal  [32-Bits]

Area                                    Addr        Size        Decimal Bytes (Attributes)
--------------------------------        ----        ----        ------- ----- ------------
GSINIT0                             00000051    00000003 =           3. bytes (REL,CON,CODE)

      Value  Global                              Global Defined In Module
      -----  --------------------------------   ------------------------
C:   00000051  __sdcc_gsinit_startup              

ASxxxx Linker V03.00 + NoICE + sdld,  page 25.
Hexadecimal  [32-Bits]

Area                                    Addr        Size        Decimal Bytes (Attributes)
--------------------------------        ----        ----        ------- ----- ------------
GSINIT2                             00000054    0000000A =          10. bytes (REL,CON,CODE)

      Value  Global                              Global Defined In Module
      -----  --------------------------------   ------------------------
ASxxxx Linker V03.00 + NoICE + sdld,  page 26.
Hexadecimal  [32-Bits]

Area                                    Addr        Size        Decimal Bytes (Attributes)
--------------------------------        ----        ----        ------- ----- ------------
GSINIT3                             0000005E    00000022 =          34. bytes (REL,CON,CODE)

      Value  Global                              Global Defined In Module
      -----  --------------------------------   ------------------------
C:   0000005E  __mcs51_genXINIT                   

ASxxxx Linker V03.00 + NoICE + sdld,  page 27.
Hexadecimal  [32-Bits]

Area                                    Addr        Size        Decimal Bytes (Attributes)
--------------------------------        ----        ----        ------- ----- ------------
GSINIT4                             00000080    0000002A =          42. bytes (REL,CON,CODE)

      Value  Global                              Global Defined In Module
      -----  --------------------------------   ------------------------
C:   00000080  __mcs51_genRAMCLEAR                
C:   00000086  __mcs51_genXRAMCLEAR               

ASxxxx Linker V03.00 + NoICE + sdld,  page 28.
Hexadecimal  [32-Bits]

Area                                    Addr        Size        Decimal Bytes (Attributes)
--------------------------------        ----        ----        ------- ----- ------------
GSINIT                              000000AA    00000021 =          33. bytes (REL,CON,CODE)

      Value  Global                              Global Defined In Module
      -----  --------------------------------   ------------------------
C:   000000AA  A$Lab6$1139                        Lab6
C:   000000AA  C$Lab6.c$30$1$156                  Lab6
C:   000000AD  A$Lab6$1140                        Lab6
C:   000000B0  A$Lab6$1143                        Lab6
C:   000000B0  C$Lab6.c$31$1$156                  Lab6
C:   000000B3  A$Lab6$1144                        Lab6
C:   000000B6  A$Lab6$1147                        Lab6
C:   000000B6  C$Lab6.c$32$1$156                  Lab6
C:   000000B9  A$Lab6$1148                        Lab6
C:   000000BC  A$Lab6$1151                        Lab6
C:   000000BC  C$Lab6.c$34$1$156                  Lab6
C:   000000BD  A$Lab6$1152                        Lab6
C:   000000BF  A$Lab6$1153                        Lab6
C:   000000C1  A$Lab6$1156                        Lab6
C:   000000C1  C$Lab6.c$35$1$156                  Lab6
C:   000000C3  A$Lab6$1157                        Lab6
C:   000000C5  A$Lab6$1160                        Lab6
C:   000000C5  C$Lab6.c$37$1$156                  Lab6
C:   000000C8  A$Lab6$1163                        Lab6
C:   000000C8  C$Lab6.c$38$1$156                  Lab6

ASxxxx Linker V03.00 + NoICE + sdld,  page 29.
Hexadecimal  [32-Bits]

Area                                    Addr        Size        Decimal Bytes (Attributes)
--------------------------------        ----        ----        ------- ----- ------------
GSFINAL                             000000CB    00000003 =           3. bytes (REL,CON,CODE)

      Value  Global                              Global Defined In Module
      -----  --------------------------------   ------------------------
C:   000000CB  A$Lab6$1165                        Lab6

ASxxxx Linker V03.00 + NoICE + sdld,  page 30.
Hexadecimal  [32-Bits]

Area                                    Addr        Size        Decimal Bytes (Attributes)
--------------------------------        ----        ----        ------- ----- ------------
CSEG                                000000CE    00001ADF =        6879. bytes (REL,CON,CODE)

      Value  Global                              Global Defined In Module
      -----  --------------------------------   ------------------------
C:   000000CE  A$Lab6$1200                        Lab6
C:   000000CE  C$c8051_SDCC.h$42$0$0              Lab6
C:   000000CE  C$c8051_SDCC.h$46$1$31             Lab6
C:   000000CE  G$SYSCLK_Init$0$0                  Lab6
C:   000000CE  _SYSCLK_Init                       Lab6
C:   000000D1  A$Lab6$1203                        Lab6
C:   000000D1  C$c8051_SDCC.h$49$1$31             Lab6
C:   000000D3  A$Lab6$1204                        Lab6
C:   000000D5  A$Lab6$1206                        Lab6
C:   000000D6  A$Lab6$1207                        Lab6
C:   000000D9  A$Lab6$1208                        Lab6
C:   000000DA  A$Lab6$1210                        Lab6
C:   000000DB  A$Lab6$1211                        Lab6
C:   000000DC  A$Lab6$1212                        Lab6
C:   000000DE  A$Lab6$1216                        Lab6
C:   000000DE  C$c8051_SDCC.h$51$1$31             Lab6
C:   000000E0  A$Lab6$1217                        Lab6
C:   000000E3  A$Lab6$1220                        Lab6
C:   000000E3  C$c8051_SDCC.h$53$1$31             Lab6
C:   000000E6  A$Lab6$1223                        Lab6
C:   000000E6  C$c8051_SDCC.h$56$1$31             Lab6
C:   000000E6  XG$SYSCLK_Init$0$0                 Lab6
C:   000000E7  A$Lab6$1236                        Lab6
C:   000000E7  C$c8051_SDCC.h$64$1$31             Lab6
C:   000000E7  C$c8051_SDCC.h$66$1$33             Lab6
C:   000000E7  G$UART0_Init$0$0                   Lab6
C:   000000E7  _UART0_Init                        Lab6
C:   000000EA  A$Lab6$1239                        Lab6
C:   000000EA  C$c8051_SDCC.h$67$1$33             Lab6
C:   000000ED  A$Lab6$1242                        Lab6
C:   000000ED  C$c8051_SDCC.h$68$1$33             Lab6
C:   000000F0  A$Lab6$1245                        Lab6
C:   000000F0  C$c8051_SDCC.h$69$1$33             Lab6
C:   000000F2  A$Lab6$1248                        Lab6
C:   000000F2  C$c8051_SDCC.h$70$1$33             Lab6
C:   000000F5  A$Lab6$1251                        Lab6
C:   000000F5  C$c8051_SDCC.h$71$1$33             Lab6
C:   000000F8  A$Lab6$1254                        Lab6
C:   000000F8  C$c8051_SDCC.h$73$1$33             Lab6
C:   000000FA  A$Lab6$1257                        Lab6
C:   000000FA  C$c8051_SDCC.h$74$1$33             Lab6
C:   000000FD  A$Lab6$1260                        Lab6
C:   000000FD  C$c8051_SDCC.h$75$1$33             Lab6
C:   000000FD  XG$UART0_Init$0$0                  Lab6
C:   000000FE  A$Lab6$1273                        Lab6
C:   000000FE  C$c8051_SDCC.h$83$1$33             Lab6
C:   000000FE  C$c8051_SDCC.h$85$1$35             Lab6
C:   000000FE  G$Sys_Init$0$0                     Lab6
C:   000000FE  _Sys_Init                          Lab6
C:   00000101  A$Lab6$1276                        Lab6
ASxxxx Linker V03.00 + NoICE + sdld,  page 31.
Hexadecimal  [32-Bits]

Area                                    Addr        Size        Decimal Bytes (Attributes)
--------------------------------        ----        ----        ------- ----- ------------
CSEG                                000000CE    00001ADF =        6879. bytes (REL,CON,CODE)

      Value  Global                              Global Defined In Module
      -----  --------------------------------   ------------------------
C:   00000101  C$c8051_SDCC.h$86$1$35             Lab6
C:   00000104  A$Lab6$1279                        Lab6
C:   00000104  C$c8051_SDCC.h$88$1$35             Lab6
C:   00000107  A$Lab6$1282                        Lab6
C:   00000107  C$c8051_SDCC.h$89$1$35             Lab6
C:   0000010A  A$Lab6$1285                        Lab6
C:   0000010A  C$c8051_SDCC.h$91$1$35             Lab6
C:   0000010D  A$Lab6$1288                        Lab6
C:   0000010D  C$c8051_SDCC.h$92$1$35             Lab6
C:   00000110  A$Lab6$1291                        Lab6
C:   00000110  C$c8051_SDCC.h$93$1$35             Lab6
C:   00000110  XG$Sys_Init$0$0                    Lab6
C:   00000111  A$Lab6$1304                        Lab6
C:   00000111  C$c8051_SDCC.h$98$1$35             Lab6
C:   00000111  G$putchar$0$0                      Lab6
C:   00000111  _putchar                           Lab6
C:   00000113  A$Lab6$1310                        Lab6
C:   00000113  C$c8051_SDCC.h$100$1$37            Lab6
C:   00000113  C$c8051_SDCC.h$101$1$37            Lab6
C:   00000116  A$Lab6$1311                        Lab6
C:   00000118  A$Lab6$1315                        Lab6
C:   00000118  C$c8051_SDCC.h$102$1$37            Lab6
C:   0000011A  A$Lab6$1318                        Lab6
C:   0000011A  C$c8051_SDCC.h$103$1$37            Lab6
C:   0000011A  XG$putchar$0$0                     Lab6
C:   0000011B  A$Lab6$1336                        Lab6
C:   0000011B  C$c8051_SDCC.h$108$1$37            Lab6
C:   0000011B  C$c8051_SDCC.h$111$1$39            Lab6
C:   0000011B  C$c8051_SDCC.h$112$1$39            Lab6
C:   0000011B  G$getchar$0$0                      Lab6
C:   0000011B  _getchar                           Lab6
C:   0000011E  A$Lab6$1337                        Lab6
C:   00000120  A$Lab6$1341                        Lab6
C:   00000120  C$c8051_SDCC.h$113$1$39            Lab6
C:   00000123  A$Lab6$1344                        Lab6
C:   00000123  C$c8051_SDCC.h$114$1$39            Lab6
C:   00000126  A$Lab6$1347                        Lab6
C:   00000126  C$c8051_SDCC.h$115$1$39            Lab6
C:   00000129  A$Lab6$1350                        Lab6
C:   00000129  C$c8051_SDCC.h$116$1$39            Lab6
C:   00000129  XG$getchar$0$0                     Lab6
C:   0000012A  A$Lab6$1367                        Lab6
C:   0000012A  C$i2c.h$81$1$39                    Lab6
C:   0000012A  G$lcd_print$0$0                    Lab6
C:   0000012A  _lcd_print                         Lab6
C:   0000012C  A$Lab6$1368                        Lab6
C:   0000012F  A$Lab6$1371                        Lab6
C:   0000012F  C$i2c.h$87$1$73                    Lab6
C:   00000131  A$Lab6$1372                        Lab6
C:   00000133  A$Lab6$1373                        Lab6
C:   00000134  A$Lab6$1374                        Lab6
ASxxxx Linker V03.00 + NoICE + sdld,  page 32.
Hexadecimal  [32-Bits]

Area                                    Addr        Size        Decimal Bytes (Attributes)
--------------------------------        ----        ----        ------- ----- ------------
CSEG                                000000CE    00001ADF =        6879. bytes (REL,CON,CODE)

      Value  Global                              Global Defined In Module
      -----  --------------------------------   ------------------------
C:   00000136  A$Lab6$1375                        Lab6
C:   00000137  A$Lab6$1376                        Lab6
C:   00000139  A$Lab6$1377                        Lab6
C:   0000013A  A$Lab6$1378                        Lab6
C:   0000013C  A$Lab6$1379                        Lab6
C:   0000013F  A$Lab6$1380                        Lab6
C:   00000141  A$Lab6$1381                        Lab6
C:   00000144  A$Lab6$1382                        Lab6
C:   00000146  A$Lab6$1383                        Lab6
C:   00000148  A$Lab6$1384                        Lab6
C:   0000014A  A$Lab6$1388                        Lab6
C:   0000014A  C$i2c.h$89$2$74                    Lab6
C:   0000014C  A$Lab6$1389                        Lab6
C:   0000014E  A$Lab6$1390                        Lab6
C:   0000014F  A$Lab6$1391                        Lab6
C:   00000151  A$Lab6$1394                        Lab6
C:   00000151  C$i2c.h$90$1$73                    Lab6
C:   00000153  A$Lab6$1395                        Lab6
C:   00000155  A$Lab6$1396                        Lab6
C:   00000156  A$Lab6$1397                        Lab6
C:   00000158  A$Lab6$1398                        Lab6
C:   00000159  A$Lab6$1399                        Lab6
C:   0000015B  A$Lab6$1400                        Lab6
C:   0000015C  A$Lab6$1401                        Lab6
C:   0000015E  A$Lab6$1402                        Lab6
C:   00000161  A$Lab6$1403                        Lab6
C:   00000164  A$Lab6$1404                        Lab6
C:   00000167  A$Lab6$1407                        Lab6
C:   00000167  C$i2c.h$93$1$73                    Lab6
C:   0000016A  A$Lab6$1408                        Lab6
C:   0000016D  A$Lab6$1409                        Lab6
C:   00000170  A$Lab6$1410                        Lab6
C:   00000172  A$Lab6$1413                        Lab6
C:   00000174  A$Lab6$1415                        Lab6
C:   00000175  A$Lab6$1416                        Lab6
C:   00000176  A$Lab6$1417                        Lab6
C:   00000177  A$Lab6$1418                        Lab6
C:   00000179  A$Lab6$1421                        Lab6
C:   00000179  C$i2c.h$96$2$76                    Lab6
C:   0000017A  A$Lab6$1422                        Lab6
C:   0000017C  A$Lab6$1423                        Lab6
C:   0000017E  A$Lab6$1424                        Lab6
C:   0000017F  A$Lab6$1425                        Lab6
C:   00000181  A$Lab6$1426                        Lab6
C:   00000183  A$Lab6$1427                        Lab6
C:   00000184  A$Lab6$1428                        Lab6
C:   00000185  A$Lab6$1429                        Lab6
C:   00000188  A$Lab6$1430                        Lab6
C:   00000189  A$Lab6$1431                        Lab6
C:   0000018B  A$Lab6$1432                        Lab6
C:   0000018D  A$Lab6$1433                        Lab6
ASxxxx Linker V03.00 + NoICE + sdld,  page 33.
Hexadecimal  [32-Bits]

Area                                    Addr        Size        Decimal Bytes (Attributes)
--------------------------------        ----        ----        ------- ----- ------------
CSEG                                000000CE    00001ADF =        6879. bytes (REL,CON,CODE)

      Value  Global                              Global Defined In Module
      -----  --------------------------------   ------------------------
C:   0000018E  A$Lab6$1434                        Lab6
C:   00000190  A$Lab6$1435                        Lab6
C:   00000192  A$Lab6$1436                        Lab6
C:   00000194  A$Lab6$1437                        Lab6
C:   00000195  A$Lab6$1441                        Lab6
C:   00000195  C$i2c.h$94$1$73                    Lab6
C:   00000196  A$Lab6$1442                        Lab6
C:   00000198  A$Lab6$1446                        Lab6
C:   00000198  C$i2c.h$99$1$73                    Lab6
C:   0000019B  A$Lab6$1447                        Lab6
C:   0000019E  A$Lab6$1448                        Lab6
C:   000001A1  A$Lab6$1449                        Lab6
C:   000001A4  A$Lab6$1450                        Lab6
C:   000001A6  A$Lab6$1451                        Lab6
C:   000001A9  A$Lab6$1452                        Lab6
C:   000001AC  A$Lab6$1454                        Lab6
C:   000001AE  A$Lab6$1457                        Lab6
C:   000001AE  C$i2c.h$100$1$73                   Lab6
C:   000001AE  XG$lcd_print$0$0                   Lab6
C:   000001AF  A$Lab6$1473                        Lab6
C:   000001AF  C$i2c.h$103$1$73                   Lab6
C:   000001AF  C$i2c.h$105$1$73                   Lab6
C:   000001AF  G$lcd_clear$0$0                    Lab6
C:   000001AF  _lcd_clear                         Lab6
C:   000001B2  A$Lab6$1477                        Lab6
C:   000001B2  C$i2c.h$107$1$77                   Lab6
C:   000001B4  A$Lab6$1478                        Lab6
C:   000001B6  A$Lab6$1479                        Lab6
C:   000001B8  A$Lab6$1480                        Lab6
C:   000001BB  A$Lab6$1481                        Lab6
C:   000001BE  A$Lab6$1482                        Lab6
C:   000001C1  A$Lab6$1483                        Lab6
C:   000001C4  A$Lab6$1484                        Lab6
C:   000001C7  A$Lab6$1485                        Lab6
C:   000001CA  A$Lab6$1486                        Lab6
C:   000001CD  A$Lab6$1487                        Lab6
C:   000001CF  A$Lab6$1491                        Lab6
C:   000001CF  C$i2c.h$109$1$77                   Lab6
C:   000001D2  A$Lab6$1494                        Lab6
C:   000001D2  C$i2c.h$110$1$77                   Lab6
C:   000001D5  A$Lab6$1495                        Lab6
C:   000001D8  A$Lab6$1496                        Lab6
C:   000001DB  A$Lab6$1497                        Lab6
C:   000001DE  A$Lab6$1498                        Lab6
C:   000001E1  A$Lab6$1499                        Lab6
C:   000001E4  A$Lab6$1500                        Lab6
C:   000001E7  A$Lab6$1503                        Lab6
C:   000001E7  C$i2c.h$111$1$77                   Lab6
C:   000001E7  XG$lcd_clear$0$0                   Lab6
C:   000001E8  A$Lab6$1519                        Lab6
C:   000001E8  C$i2c.h$114$1$77                   Lab6
ASxxxx Linker V03.00 + NoICE + sdld,  page 34.
Hexadecimal  [32-Bits]

Area                                    Addr        Size        Decimal Bytes (Attributes)
--------------------------------        ----        ----        ------- ----- ------------
CSEG                                000000CE    00001ADF =        6879. bytes (REL,CON,CODE)

      Value  Global                              Global Defined In Module
      -----  --------------------------------   ------------------------
C:   000001E8  C$i2c.h$118$1$78                   Lab6
C:   000001E8  G$read_keypad$0$0                  Lab6
C:   000001E8  _read_keypad                       Lab6
C:   000001EB  A$Lab6$1520                        Lab6
C:   000001EE  A$Lab6$1521                        Lab6
C:   000001F1  A$Lab6$1522                        Lab6
C:   000001F4  A$Lab6$1523                        Lab6
C:   000001F7  A$Lab6$1524                        Lab6
C:   000001FA  A$Lab6$1525                        Lab6
C:   000001FD  A$Lab6$1528                        Lab6
C:   000001FD  C$i2c.h$119$1$78                   Lab6
C:   000001FF  A$Lab6$1529                        Lab6
C:   00000202  A$Lab6$1530                        Lab6
C:   00000205  A$Lab6$1531                        Lab6
C:   00000207  A$Lab6$1535                        Lab6
C:   00000209  A$Lab6$1536                        Lab6
C:   0000020B  A$Lab6$1540                        Lab6
C:   0000020B  C$i2c.h$123$2$79                   Lab6
C:   0000020D  A$Lab6$1541                        Lab6
C:   0000020F  A$Lab6$1542                        Lab6
C:   00000211  A$Lab6$1543                        Lab6
C:   00000213  A$Lab6$1544                        Lab6
C:   00000215  A$Lab6$1546                        Lab6
C:   00000216  A$Lab6$1547                        Lab6
C:   00000217  A$Lab6$1548                        Lab6
C:   00000218  A$Lab6$1549                        Lab6
C:   00000219  A$Lab6$1550                        Lab6
C:   0000021A  A$Lab6$1551                        Lab6
C:   0000021B  A$Lab6$1553                        Lab6
C:   0000021E  A$Lab6$1554                        Lab6
C:   00000220  A$Lab6$1555                        Lab6
C:   00000222  A$Lab6$1556                        Lab6
C:   00000223  A$Lab6$1557                        Lab6
C:   00000225  A$Lab6$1558                        Lab6
C:   00000226  A$Lab6$1559                        Lab6
C:   00000228  A$Lab6$1560                        Lab6
C:   00000229  A$Lab6$1561                        Lab6
C:   0000022A  A$Lab6$1562                        Lab6
C:   0000022C  A$Lab6$1565                        Lab6
C:   0000022C  C$i2c.h$124$2$79                   Lab6
C:   0000022E  A$Lab6$1566                        Lab6
C:   0000022F  A$Lab6$1567                        Lab6
C:   00000231  A$Lab6$1568                        Lab6
C:   00000233  A$Lab6$1572                        Lab6
C:   00000233  C$i2c.h$121$1$78                   Lab6
C:   00000234  A$Lab6$1573                        Lab6
C:   00000236  A$Lab6$1574                        Lab6
C:   00000239  A$Lab6$1576                        Lab6
C:   0000023B  A$Lab6$1579                        Lab6
C:   0000023B  C$i2c.h$127$1$78                   Lab6
C:   0000023D  A$Lab6$1580                        Lab6
ASxxxx Linker V03.00 + NoICE + sdld,  page 35.
Hexadecimal  [32-Bits]

Area                                    Addr        Size        Decimal Bytes (Attributes)
--------------------------------        ----        ----        ------- ----- ------------
CSEG                                000000CE    00001ADF =        6879. bytes (REL,CON,CODE)

      Value  Global                              Global Defined In Module
      -----  --------------------------------   ------------------------
C:   00000240  A$Lab6$1581                        Lab6
C:   00000243  A$Lab6$1582                        Lab6
C:   00000245  A$Lab6$1586                        Lab6
C:   00000245  C$i2c.h$129$1$78                   Lab6
C:   00000247  A$Lab6$1587                        Lab6
C:   0000024A  A$Lab6$1588                        Lab6
C:   0000024D  A$Lab6$1589                        Lab6
C:   0000024F  A$Lab6$1593                        Lab6
C:   0000024F  C$i2c.h$131$1$78                   Lab6
C:   00000251  A$Lab6$1594                        Lab6
C:   00000254  A$Lab6$1595                        Lab6
C:   00000257  A$Lab6$1596                        Lab6
C:   00000259  A$Lab6$1600                        Lab6
C:   00000259  C$i2c.h$133$1$78                   Lab6
C:   0000025B  A$Lab6$1601                        Lab6
C:   0000025E  A$Lab6$1602                        Lab6
C:   00000261  A$Lab6$1603                        Lab6
C:   00000263  A$Lab6$1607                        Lab6
C:   00000263  C$i2c.h$135$1$78                   Lab6
C:   00000266  A$Lab6$1611                        Lab6
C:   00000266  C$i2c.h$136$1$78                   Lab6
C:   00000266  XG$read_keypad$0$0                 Lab6
C:   00000267  A$Lab6$1627                        Lab6
C:   00000267  C$i2c.h$148$1$78                   Lab6
C:   00000267  G$kpd_input$0$0                    Lab6
C:   00000267  _kpd_input                         Lab6
C:   00000269  A$Lab6$1632                        Lab6
C:   00000269  C$i2c.h$153$1$81                   Lab6
C:   00000269  C$i2c.h$156$1$81                   Lab6
C:   0000026A  A$Lab6$1633                        Lab6
C:   0000026B  A$Lab6$1634                        Lab6
C:   0000026C  A$Lab6$1635                        Lab6
C:   0000026D  A$Lab6$1636                        Lab6
C:   0000026F  A$Lab6$1637                        Lab6
C:   00000271  A$Lab6$1638                        Lab6
C:   00000273  A$Lab6$1639                        Lab6
C:   00000275  A$Lab6$1640                        Lab6
C:   00000277  A$Lab6$1641                        Lab6
C:   00000279  A$Lab6$1642                        Lab6
C:   0000027B  A$Lab6$1643                        Lab6
C:   0000027D  A$Lab6$1644                        Lab6
C:   0000027F  A$Lab6$1645                        Lab6
C:   00000282  A$Lab6$1646                        Lab6
C:   00000284  A$Lab6$1647                        Lab6
C:   00000286  A$Lab6$1648                        Lab6
C:   00000288  A$Lab6$1649                        Lab6
C:   0000028A  A$Lab6$1650                        Lab6
C:   0000028C  A$Lab6$1654                        Lab6
C:   0000028C  C$i2c.h$158$1$81                   Lab6
C:   0000028E  A$Lab6$1655                        Lab6
C:   00000290  A$Lab6$1656                        Lab6
ASxxxx Linker V03.00 + NoICE + sdld,  page 36.
Hexadecimal  [32-Bits]

Area                                    Addr        Size        Decimal Bytes (Attributes)
--------------------------------        ----        ----        ------- ----- ------------
CSEG                                000000CE    00001ADF =        6879. bytes (REL,CON,CODE)

      Value  Global                              Global Defined In Module
      -----  --------------------------------   ------------------------
C:   00000292  A$Lab6$1657                        Lab6
C:   00000294  A$Lab6$1658                        Lab6
C:   00000295  A$Lab6$1659                        Lab6
C:   00000297  A$Lab6$1660                        Lab6
C:   00000299  A$Lab6$1661                        Lab6
C:   0000029B  A$Lab6$1662                        Lab6
C:   0000029C  A$Lab6$1663                        Lab6
C:   0000029E  A$Lab6$1664                        Lab6
C:   000002A0  A$Lab6$1665                        Lab6
C:   000002A2  A$Lab6$1666                        Lab6
C:   000002A3  A$Lab6$1667                        Lab6
C:   000002A5  A$Lab6$1668                        Lab6
C:   000002A7  A$Lab6$1669                        Lab6
C:   000002A9  A$Lab6$1670                        Lab6
C:   000002AA  A$Lab6$1671                        Lab6
C:   000002AC  A$Lab6$1672                        Lab6
C:   000002AE  A$Lab6$1673                        Lab6
C:   000002B0  A$Lab6$1674                        Lab6
C:   000002B1  A$Lab6$1675                        Lab6
C:   000002B3  A$Lab6$1676                        Lab6
C:   000002B5  A$Lab6$1677                        Lab6
C:   000002B7  A$Lab6$1678                        Lab6
C:   000002B9  A$Lab6$1679                        Lab6
C:   000002BB  A$Lab6$1680                        Lab6
C:   000002BD  A$Lab6$1681                        Lab6
C:   000002BF  A$Lab6$1682                        Lab6
C:   000002C2  A$Lab6$1683                        Lab6
C:   000002C4  A$Lab6$1684                        Lab6
C:   000002C6  A$Lab6$1685                        Lab6
C:   000002C8  A$Lab6$1688                        Lab6
C:   000002C8  C$i2c.h$160$1$81                   Lab6
C:   000002CB  A$Lab6$1689                        Lab6
C:   000002CE  A$Lab6$1690                        Lab6
C:   000002CF  A$Lab6$1691                        Lab6
C:   000002D2  A$Lab6$1692                        Lab6
C:   000002D4  A$Lab6$1693                        Lab6
C:   000002D6  A$Lab6$1696                        Lab6
C:   000002D8  A$Lab6$1700                        Lab6
C:   000002D8  C$i2c.h$166$3$84                   Lab6
C:   000002DA  A$Lab6$1701                        Lab6
C:   000002DC  A$Lab6$1702                        Lab6
C:   000002DE  A$Lab6$1703                        Lab6
C:   000002E1  A$Lab6$1704                        Lab6
C:   000002E3  A$Lab6$1705                        Lab6
C:   000002E5  A$Lab6$1706                        Lab6
C:   000002E7  A$Lab6$1707                        Lab6
C:   000002E9  A$Lab6$1708                        Lab6
C:   000002EB  A$Lab6$1709                        Lab6
C:   000002EE  A$Lab6$1710                        Lab6
C:   000002F0  A$Lab6$1712                        Lab6
C:   000002F3  A$Lab6$1714                        Lab6
ASxxxx Linker V03.00 + NoICE + sdld,  page 37.
Hexadecimal  [32-Bits]

Area                                    Addr        Size        Decimal Bytes (Attributes)
--------------------------------        ----        ----        ------- ----- ------------
CSEG                                000000CE    00001ADF =        6879. bytes (REL,CON,CODE)

      Value  Global                              Global Defined In Module
      -----  --------------------------------   ------------------------
C:   000002F6  A$Lab6$1715                        Lab6
C:   000002F7  A$Lab6$1716                        Lab6
C:   000002F9  A$Lab6$1717                        Lab6
C:   000002FB  A$Lab6$1718                        Lab6
[...]
C:   00000AF6  A$Lab6$3368                        Lab6
C:   00000AF8  A$Lab6$3369                        Lab6
C:   00000AFA  A$Lab6$3373                        Lab6
C:   00000AFA  C$Lab6.c$286$2$140                 Lab6
C:   00000AFB  A$Lab6$3374                        Lab6
C:   00000AFD  A$Lab6$3375                        Lab6
ASxxxx Linker V03.00 + NoICE + sdld,  page 62.
Hexadecimal  [32-Bits]

Area                                    Addr        Size        Decimal Bytes (Attributes)
--------------------------------        ----        ----        ------- ----- ------------
CSEG                                000000CE    00001ADF =        6879. bytes (REL,CON,CODE)

      Value  Global                              Global Defined In Module
      -----  --------------------------------   ------------------------
C:   00000AFF  A$Lab6$3376                        Lab6
C:   00000B01  A$Lab6$3377                        Lab6
C:   00000B03  A$Lab6$3378                        Lab6
C:   00000B05  A$Lab6$3379                        Lab6
C:   00000B07  A$Lab6$3383                        Lab6
C:   00000B07  C$Lab6.c$289$1$138                 Lab6
C:   00000B09  A$Lab6$3386                        Lab6
C:   00000B09  C$Lab6.c$291$1$138                 Lab6
C:   00000B09  XG$getIndividualPress$0$0          Lab6
C:   00000B0A  A$Lab6$3404                        Lab6
C:   00000B0A  C$Lab6.c$294$1$138                 Lab6
C:   00000B0A  C$Lab6.c$301$1$142                 Lab6
C:   00000B0A  G$getNumberFromKeypad$0$0          Lab6
C:   00000B0A  _getNumberFromKeypad               Lab6
C:   00000B0D  A$Lab6$3407                        Lab6
C:   00000B0D  C$Lab6.c$302$1$142                 Lab6
C:   00000B10  A$Lab6$3410                        Lab6
C:   00000B10  C$Lab6.c$303$1$142                 Lab6
C:   00000B13  A$Lab6$3413                        Lab6
C:   00000B15  A$Lab6$3417                        Lab6
C:   00000B15  C$Lab6.c$307$2$143                 Lab6
C:   00000B17  A$Lab6$3418                        Lab6
C:   00000B1A  A$Lab6$3419                        Lab6
C:   00000B1C  A$Lab6$3420                        Lab6
C:   00000B1E  A$Lab6$3423                        Lab6
C:   00000B1E  C$Lab6.c$309$2$143                 Lab6
C:   00000B21  A$Lab6$3424                        Lab6
C:   00000B23  A$Lab6$3426                        Lab6
C:   00000B26  A$Lab6$3427                        Lab6
C:   00000B28  A$Lab6$3431                        Lab6
C:   00000B28  C$Lab6.c$311$3$144                 Lab6
C:   00000B29  A$Lab6$3432                        Lab6
C:   00000B2B  A$Lab6$3433                        Lab6
C:   00000B2C  A$Lab6$3434                        Lab6
C:   00000B2E  A$Lab6$3435                        Lab6
C:   00000B30  A$Lab6$3439                        Lab6
C:   00000B30  C$Lab6.c$313$2$143                 Lab6
C:   00000B33  A$Lab6$3440                        Lab6
C:   00000B35  A$Lab6$3444                        Lab6
C:   00000B35  C$Lab6.c$317$2$143                 Lab6
C:   00000B38  A$Lab6$3447                        Lab6
C:   00000B38  C$Lab6.c$319$3$146                 Lab6
C:   00000B39  A$Lab6$3448                        Lab6
C:   00000B3B  A$Lab6$3449                        Lab6
C:   00000B3C  A$Lab6$3450                        Lab6
C:   00000B3E  A$Lab6$3454                        Lab6
C:   00000B3E  C$Lab6.c$321$2$143                 Lab6
C:   00000B3F  A$Lab6$3455                        Lab6
C:   00000B41  A$Lab6$3456                        Lab6
C:   00000B42  A$Lab6$3457                        Lab6
C:   00000B44  A$Lab6$3458                        Lab6
ASxxxx Linker V03.00 + NoICE + sdld,  page 63.
Hexadecimal  [32-Bits]

Area                                    Addr        Size        Decimal Bytes (Attributes)
--------------------------------        ----        ----        ------- ----- ------------
CSEG                                000000CE    00001ADF =        6879. bytes (REL,CON,CODE)

      Value  Global                              Global Defined In Module
      -----  --------------------------------   ------------------------
C:   00000B46  A$Lab6$3459                        Lab6
C:   00000B48  A$Lab6$3460                        Lab6
C:   00000B4A  A$Lab6$3461                        Lab6
C:   00000B4C  A$Lab6$3462                        Lab6
C:   00000B4E  A$Lab6$3463                        Lab6
C:   00000B50  A$Lab6$3464                        Lab6
C:   00000B52  A$Lab6$3465                        Lab6
C:   00000B54  A$Lab6$3466                        Lab6
C:   00000B56  A$Lab6$3467                        Lab6
C:   00000B58  A$Lab6$3468                        Lab6
C:   00000B5B  A$Lab6$3469                        Lab6
C:   00000B5D  A$Lab6$3470                        Lab6
C:   00000B5F  A$Lab6$3471                        Lab6
C:   00000B61  A$Lab6$3472                        Lab6
C:   00000B63  A$Lab6$3475                        Lab6
C:   00000B63  C$Lab6.c$305$1$142                 Lab6
C:   00000B64  A$Lab6$3476                        Lab6
C:   00000B67  A$Lab6$3478                        Lab6
C:   00000B69  A$Lab6$3482                        Lab6
C:   00000B69  C$Lab6.c$324$1$142                 Lab6
C:   00000B6C  A$Lab6$3483                        Lab6
C:   00000B6F  A$Lab6$3484                        Lab6
C:   00000B72  A$Lab6$3489                        Lab6
C:   00000B72  C$Lab6.c$326$1$142                 Lab6
C:   00000B72  C$Lab6.c$327$1$142                 Lab6
C:   00000B72  XG$getNumberFromKeypad$0$0         Lab6
C:   00000B73  A$Lab6$3502                        Lab6
C:   00000B73  C$Lab6.c$332$1$142                 Lab6
C:   00000B73  C$Lab6.c$335$1$147                 Lab6
C:   00000B73  G$Port_Init$0$0                    Lab6
C:   00000B73  _Port_Init                         Lab6
C:   00000B76  A$Lab6$3505                        Lab6
C:   00000B76  C$Lab6.c$336$1$147                 Lab6
C:   00000B79  A$Lab6$3508                        Lab6
C:   00000B79  C$Lab6.c$337$1$147                 Lab6
C:   00000B7C  A$Lab6$3511                        Lab6
C:   00000B7C  C$Lab6.c$338$1$147                 Lab6
C:   00000B7E  A$Lab6$3512                        Lab6
C:   00000B80  A$Lab6$3513                        Lab6
C:   00000B81  A$Lab6$3514                        Lab6
C:   00000B83  A$Lab6$3517                        Lab6
C:   00000B83  C$Lab6.c$340$1$147                 Lab6
C:   00000B86  A$Lab6$3520                        Lab6
C:   00000B86  C$Lab6.c$341$1$147                 Lab6
C:   00000B88  A$Lab6$3521                        Lab6
C:   00000B8A  A$Lab6$3522                        Lab6
C:   00000B8B  A$Lab6$3523                        Lab6
C:   00000B8D  A$Lab6$3526                        Lab6
C:   00000B8D  C$Lab6.c$342$1$147                 Lab6
C:   00000B90  A$Lab6$3529                        Lab6
C:   00000B90  C$Lab6.c$343$1$147                 Lab6
ASxxxx Linker V03.00 + NoICE + sdld,  page 64.
Hexadecimal  [32-Bits]

Area                                    Addr        Size        Decimal Bytes (Attributes)
--------------------------------        ----        ----        ------- ----- ------------
CSEG                                000000CE    00001ADF =        6879. bytes (REL,CON,CODE)

      Value  Global                              Global Defined In Module
      -----  --------------------------------   ------------------------
C:   00000B90  XG$Port_Init$0$0                   Lab6
C:   00000B91  A$Lab6$3542                        Lab6
C:   00000B91  C$Lab6.c$348$1$147                 Lab6
C:   00000B91  C$Lab6.c$350$1$149                 Lab6
C:   00000B91  G$ADC_Init$0$0                     Lab6
C:   00000B91  _ADC_Init                          Lab6
C:   00000B94  A$Lab6$3545                        Lab6
C:   00000B94  C$Lab6.c$351$1$149                 Lab6
C:   00000B97  A$Lab6$3548                        Lab6
C:   00000B97  C$Lab6.c$352$1$149                 Lab6
C:   00000B9A  A$Lab6$3551                        Lab6
C:   00000B9A  C$Lab6.c$354$1$149                 Lab6
C:   00000B9D  A$Lab6$3554                        Lab6
C:   00000B9D  C$Lab6.c$356$1$149                 Lab6
C:   00000B9D  XG$ADC_Init$0$0                    Lab6
C:   00000B9E  A$Lab6$3567                        Lab6
C:   00000B9E  C$Lab6.c$361$1$149                 Lab6
C:   00000B9E  C$Lab6.c$363$1$150                 Lab6
C:   00000B9E  G$XBR0_Init$0$0                    Lab6
C:   00000B9E  _XBR0_Init                         Lab6
C:   00000BA1  A$Lab6$3570                        Lab6
C:   00000BA1  C$Lab6.c$365$1$150                 Lab6
C:   00000BA1  XG$XBR0_Init$0$0                   Lab6
C:   00000BA2  A$Lab6$3583                        Lab6
C:   00000BA2  C$Lab6.c$370$1$150                 Lab6
C:   00000BA2  C$Lab6.c$372$1$152                 Lab6
C:   00000BA2  G$PCA_Init$0$0                     Lab6
C:   00000BA2  _PCA_Init                          Lab6
C:   00000BA5  A$Lab6$3586                        Lab6
C:   00000BA5  C$Lab6.c$373$1$152                 Lab6
C:   00000BA8  A$Lab6$3589                        Lab6
C:   00000BA8  C$Lab6.c$375$1$152                 Lab6
C:   00000BAB  A$Lab6$3592                        Lab6
C:   00000BAB  C$Lab6.c$377$1$152                 Lab6
C:   00000BAE  A$Lab6$3595                        Lab6
C:   00000BAE  C$Lab6.c$378$1$152                 Lab6
C:   00000BB1  A$Lab6$3598                        Lab6
C:   00000BB1  C$Lab6.c$379$1$152                 Lab6
C:   00000BB4  A$Lab6$3601                        Lab6
C:   00000BB4  C$Lab6.c$380$1$152                 Lab6
C:   00000BB7  A$Lab6$3604                        Lab6
C:   00000BB7  C$Lab6.c$382$1$152                 Lab6
C:   00000BBA  A$Lab6$3607                        Lab6
C:   00000BBA  C$Lab6.c$383$1$152                 Lab6
C:   00000BBC  A$Lab6$3610                        Lab6
C:   00000BBC  C$Lab6.c$384$1$152                 Lab6
C:   00000BBC  XG$PCA_Init$0$0                    Lab6
C:   00000BBD  A$Lab6$3621                        Lab6
C:   00000BBD  C$Lab6.c$389$1$152                 Lab6
C:   00000BBD  G$PCA_ISR$0$0                      Lab6
C:   00000BBD  _PCA_ISR                           Lab6
ASxxxx Linker V03.00 + NoICE + sdld,  page 65.
Hexadecimal  [32-Bits]

Area                                    Addr        Size        Decimal Bytes (Attributes)
--------------------------------        ----        ----        ------- ----- ------------
CSEG                                000000CE    00001ADF =        6879. bytes (REL,CON,CODE)

      Value  Global                              Global Defined In Module
      -----  --------------------------------   ------------------------
C:   00000BBF  A$Lab6$3622                        Lab6
C:   00000BC1  A$Lab6$3625                        Lab6
C:   00000BC1  C$Lab6.c$391$1$154                 Lab6
C:   00000BC4  A$Lab6$3628                        Lab6
C:   00000BC4  C$Lab6.c$393$2$155                 Lab6
C:   00000BC6  A$Lab6$3629                        Lab6
C:   00000BC7  A$Lab6$3630                        Lab6
C:   00000BCA  A$Lab6$3631                        Lab6
C:   00000BCC  A$Lab6$3635                        Lab6
C:   00000BCC  C$Lab6.c$394$2$155                 Lab6
C:   00000BCE  A$Lab6$3636                        Lab6
C:   00000BCF  A$Lab6$3637                        Lab6
C:   00000BD2  A$Lab6$3638                        Lab6
C:   00000BD4  A$Lab6$3642                        Lab6
C:   00000BD4  C$Lab6.c$395$2$155                 Lab6
C:   00000BD6  A$Lab6$3645                        Lab6
C:   00000BD6  C$Lab6.c$396$2$155                 Lab6
C:   00000BD9  A$Lab6$3646                        Lab6
C:   00000BDC  A$Lab6$3650                        Lab6
C:   00000BDC  C$Lab6.c$399$1$154                 Lab6
C:   00000BDF  A$Lab6$3651                        Lab6
C:   00000BE1  A$Lab6$3652                        Lab6
C:   00000BE3  A$Lab6$3655                        Lab6
C:   00000BE3  C$Lab6.c$400$1$154                 Lab6
C:   00000BE3  XG$PCA_ISR$0$0                     Lab6
C:   00000BE4  A$Lab6$3672                        Lab6
C:   00000BE4  C$Lab6.c$405$1$154                 Lab6
C:   00000BE4  C$Lab6.c$407$1$156                 Lab6
C:   00000BE4  G$SMB0_Init$0$0                    Lab6
C:   00000BE4  _SMB0_Init                         Lab6
C:   00000BE7  A$Lab6$3675                        Lab6
C:   00000BE7  C$Lab6.c$408$1$156                 Lab6
C:   00000BE9  A$Lab6$3678                        Lab6
C:   00000BE9  C$Lab6.c$409$1$156                 Lab6
C:   00000BE9  XG$SMB0_Init$0$0                   Lab6
C:   00000BEA  _printf_fast_f                     printf_fast_f
C:   0000106B  ___fsmul                           _fsmul
C:   0000110E  fsgetargs                          _fsget2args
C:   0000113C  fs_rshift_a                        _fsrshift
C:   0000117F  fs_normalize_a                     _fsnormalize
C:   000011B2  ___slong2fs                        _slong2fs
C:   000011BB  slong2fs_doit                      _slong2fs
C:   000011DF  ___fs2slong                        _fs2slong
C:   0000123A  _atoi                              _atoi
C:   00001326  fsgetarg                           _fsget1arg
C:   00001338  __gptrput                          _gptrput
C:   00001353  __mulint                           _mulint
C:   00001353  __mulint_dummy                     _mulint
C:   000013E0  _vsprintf                          sprintf
C:   0000141D  _sprintf                           sprintf
C:   0000146B  __mullong                          _mullong
ASxxxx Linker V03.00 + NoICE + sdld,  page 66.
Hexadecimal  [32-Bits]

Area                                    Addr        Size        Decimal Bytes (Attributes)
--------------------------------        ----        ----        ------- ----- ------------
CSEG                                000000CE    00001ADF =        6879. bytes (REL,CON,CODE)

      Value  Global                              Global Defined In Module
      -----  --------------------------------   ------------------------
C:   0000146B  __mullong_dummy                    _mullong
C:   000014D9  __moduint                          _moduint
C:   00001526  fs_round_and_return                _fsreturnval
C:   0000153E  fs_zerocheck_return                _fsreturnval
C:   00001547  fs_return_zero                     _fsreturnval
C:   0000154F  fs_direct_return                   _fsreturnval
C:   0000155D  fs_return_inf                      _fsreturnval
C:   0000156A  fs_return_nan                      _fsreturnval
C:   00001580  _vprintf                           vprintf
C:   00001599  _printf                            vprintf
C:   0000166B  __print_format                     printf_large
C:   00001B75  _strlen                            _strlen
C:   00001B8D  __gptrget                          _gptrget
C:   00001BA9  __sdcc_external_startup            _startup

ASxxxx Linker V03.00 + NoICE + sdld,  page 67.
Hexadecimal  [32-Bits]

Area                                    Addr        Size        Decimal Bytes (Attributes)
--------------------------------        ----        ----        ------- ----- ------------
CONST                               00001BAD    00000349 =         841. bytes (REL,CON,CODE)

      Value  Global                              Global Defined In Module
      -----  --------------------------------   ------------------------
C:   00001BAD  FLab6$__str_0$0$0                  Lab6
C:   00001BC3  FLab6$__str_1$0$0                  Lab6
C:   00001BD3  FLab6$__str_2$0$0                  Lab6
C:   00001BD6  FLab6$__str_3$0$0                  Lab6
C:   00001BEF  FLab6$__str_4$0$0                  Lab6
C:   00001C12  FLab6$__str_5$0$0                  Lab6
C:   00001C31  FLab6$__str_6$0$0                  Lab6
C:   00001C46  FLab6$__str_7$0$0                  Lab6
C:   00001C5B  FLab6$__str_8$0$0                  Lab6
C:   00001C70  FLab6$__str_9$0$0                  Lab6
C:   00001C7A  FLab6$__str_10$0$0                 Lab6
C:   00001C8F  FLab6$__str_11$0$0                 Lab6
C:   00001CA4  FLab6$__str_12$0$0                 Lab6
C:   00001CB9  FLab6$__str_13$0$0                 Lab6
C:   00001CD1  FLab6$__str_14$0$0                 Lab6
C:   00001CE6  FLab6$__str_15$0$0                 Lab6
C:   00001CFB  FLab6$__str_16$0$0                 Lab6

ASxxxx Linker V03.00 + NoICE + sdld,  page 68.

Files Linked                              [ module(s) ]

C:\Users\Christopher\Google Drive\School\2015 Spring - Embedded Control\Labs\06 - Something with the Gondola\Code\Lab6.rel
                                          [  ]


Libraries Linked                          [ object file ]

C:\Program Files\SDCC\bin\..\lib\small/libsdcc.lib
                                          [ printf_fast_f.rel ]
C:\Program Files\SDCC\bin\..\lib\small/libfloat.lib
                                          [ _fsmul.rel ]
C:\Program Files\SDCC\bin\..\lib\small/libfloat.lib
                                          [ _fsget2args.rel ]
C:\Program Files\SDCC\bin\..\lib\small/mcs51.lib
                                          [ crtclear.rel ]
C:\Program Files\SDCC\bin\..\lib\small/libfloat.lib
                                          [ _fsrshift.rel ]
C:\Program Files\SDCC\bin\..\lib\small/libfloat.lib
                                          [ _fsnormalize.rel ]
C:\Program Files\SDCC\bin\..\lib\small/libfloat.lib
                                          [ _slong2fs.rel ]
C:\Program Files\SDCC\bin\..\lib\small/libfloat.lib
                                          [ _fs2slong.rel ]
C:\Program Files\SDCC\bin\..\lib\small/libsdcc.lib
                                          [ _atoi.rel ]
C:\Program Files\SDCC\bin\..\lib\small/mcs51.lib
                                          [ crtxinit.rel ]
C:\Program Files\SDCC\bin\..\lib\small/libfloat.lib
                                          [ _fsget1arg.rel ]
C:\Program Files\SDCC\bin\..\lib\small/libsdcc.lib
                                          [ _gptrput.rel ]
C:\Program Files\SDCC\bin\..\lib\small/libint.lib
                                          [ _mulint.rel ]
C:\Program Files\SDCC\bin\..\lib\small/libsdcc.lib
                                          [ sprintf.rel ]
C:\Program Files\SDCC\bin\..\lib\small/liblong.lib
                                          [ _mullong.rel ]
C:\Program Files\SDCC\bin\..\lib\small/libint.lib
                                          [ _moduint.rel ]
C:\Program Files\SDCC\bin\..\lib\small/mcs51.lib
                                          [ crtxclear.rel ]
C:\Program Files\SDCC\bin\..\lib\small/libfloat.lib
                                          [ _fsreturnval.rel ]
C:\Program Files\SDCC\bin\..\lib\small/libsdcc.lib
                                          [ _bp.rel ]
C:\Program Files\SDCC\bin\..\lib\small/libsdcc.lib
                                          [ vprintf.rel ]
C:\Program Files\SDCC\bin\..\lib\small/libsdcc.lib
                                          [ printf_large.rel ]
C:\Program Files\SDCC\bin\..\lib\small/libsdcc.lib
                                          [ _strlen.rel ]
C:\Program Files\SDCC\bin\..\lib\small/mcs51.lib
                                          [ crtstart.rel ]
C:\Program Files\SDCC\bin\..\lib\small/libsdcc.lib
                                          [ _gptrget.rel ]
C:\Program Files\SDCC\bin\..\lib\small/libsdcc.lib
                                          [ _startup.rel ]

ASxxxx Linker V03.00 + NoICE + sdld,  page 69.

User Base Address Definitions

HOME = 0x0000
XSEG = 0x0001
PSEG = 0x0001
ISEG = 0x0000
BSEG = 0x0000

