ASxxxx Linker V03.00 + NoICE + sdld,  page 1.
Hexadecimal  [32-Bits]

Area                                    Addr        Size        Decimal Bytes (Attributes)
--------------------------------        ----        ----        ------- ----- ------------
CABS                                00000000    00000000 =           0. bytes (ABS,CON,CODE)

      Value  Global                              Global Defined In Module
      -----  --------------------------------   ------------------------
C:   00000000  l_BIT_BANK                      
C:   00000000  l_CABS                          
C:   00000000  l_GSINIT1                       
C:   00000000  l_GSINIT5                       
C:   00000000  l_IABS                          
C:   00000000  l_PSEG                          
C:   00000000  l_REG_BANK_1                    
C:   00000000  l_REG_BANK_2                    
C:   00000000  l_REG_BANK_3                    
C:   00000000  l_RSEG                          
C:   00000000  l_RSEG0                         
C:   00000000  l_RSEG1                         
C:   00000000  l_XABS                          
C:   00000000  l_XINIT                         
C:   00000000  l_XISEG                         
C:   00000000  l__CODE                         
C:   00000000  s_BSEG                          
C:   00000000  s_CABS                          
C:   00000000  s_DSEG                          
C:   00000000  s_HOME                          
C:   00000000  s_IABS                          
C:   00000000  s_REG_BANK_0                    
C:   00000000  s_RSEG                          
C:   00000000  s_RSEG0                         
C:   00000000  s_RSEG1                         
C:   00000000  s_XABS                          
C:   00000001  s_PSEG                          
C:   00000001  s_XSEG                          
C:   00000002  l_BSEG_BYTES                    
C:   00000003  l_GSFINAL                       
C:   00000003  l_GSINIT0                       
C:   00000006  l_ISEG                          
C:   00000006  l_OSEG                          
C:   00000008  l_REG_BANK_0                    
C:   00000008  s_REG_BANK_1                    
C:   00000009  l_GSINIT                        
C:   0000000A  l_BSEG                          
C:   0000000A  l_GSINIT2                       
C:   00000010  s_REG_BANK_2                    
C:   00000018  s_BIT_BANK                      
C:   00000018  s_REG_BANK_3                    
C:   00000020  s_BSEG_BYTES                    
C:   00000020  s__CODE                         
C:   00000022  l_GSINIT3                       
C:   0000002A  l_GSINIT4                       
C:   00000044  s_OSEG                          
C:   0000004A  s_ISEG                          
C:   00000050  l_XSEG                          
C:   00000050  s_SSEG                          
C:   00000051  l_HOME                          
ASxxxx Linker V03.00 + NoICE + sdld,  page 2.
Hexadecimal  [32-Bits]

Area                                    Addr        Size        Decimal Bytes (Attributes)
--------------------------------        ----        ----        ------- ----- ------------
CABS                                00000000    00000000 =           0. bytes (ABS,CON,CODE)

      Value  Global                              Global Defined In Module
      -----  --------------------------------   ------------------------
C:   00000051  s_GSINIT0                       
C:   00000051  s_XISEG                         
C:   00000054  s_GSINIT1                       
C:   00000054  s_GSINIT2                       
C:   0000005E  s_GSINIT3                       
C:   00000080  l_DSEG                          
C:   00000080  s_GSINIT4                       
C:   00000099  l_CONST                         
C:   000000AA  s_GSINIT                        
C:   000000AA  s_GSINIT5                       
C:   000000B0  l_SSEG                          
C:   000000B3  s_GSFINAL                       
C:   000000B6  s_CSEG                          
C:   00000100  l_IRAM                          
C:   00000E06  l_CSEG                          
C:   00000EBC  s_CONST                         
C:   00000F55  s_XINIT                         

ASxxxx Linker V03.00 + NoICE + sdld,  page 3.
Hexadecimal  [32-Bits]

Area                                    Addr        Size        Decimal Bytes (Attributes)
--------------------------------        ----        ----        ------- ----- ------------
.  .ABS.                            00000000    00000000 =           0. bytes (ABS,CON)

      Value  Global                              Global Defined In Module
      -----  --------------------------------   ------------------------
     00000000  .__.ABS.                           _startup
     00000080  G$P0$0$0                           lab3_2
     00000080  G$P0_0$0$0                         lab3_2
     00000080  _P0                                lab3_2
     00000080  _P0_0                              lab3_2
     00000081  G$P0_1$0$0                         lab3_2
     00000081  G$SP$0$0                           lab3_2
     00000081  _P0_1                              lab3_2
     00000081  _SP                                lab3_2
     00000082  G$DPL$0$0                          lab3_2
     00000082  G$P0_2$0$0                         lab3_2
     00000082  _DPL                               lab3_2
     00000082  _P0_2                              lab3_2
     00000083  G$BUS_SCL$0$0                      lab3_2
     00000083  G$DPH$0$0                          lab3_2
     00000083  G$P0_3$0$0                         lab3_2
     00000083  _BUS_SCL                           lab3_2
     00000083  _DPH                               lab3_2
     00000083  _P0_3                              lab3_2
     00000084  G$P0_4$0$0                         lab3_2
     00000084  G$P4$0$0                           lab3_2
     00000084  _P0_4                              lab3_2
     00000084  _P4                                lab3_2
     00000085  G$P0_5$0$0                         lab3_2
     00000085  G$P5$0$0                           lab3_2
     00000085  _P0_5                              lab3_2
     00000085  _P5                                lab3_2
     00000086  G$P0_6$0$0                         lab3_2
     00000086  G$P6$0$0                           lab3_2
     00000086  _P0_6                              lab3_2
     00000086  _P6                                lab3_2
     00000087  G$P0_7$0$0                         lab3_2
     00000087  G$PCON$0$0                         lab3_2
     00000087  _P0_7                              lab3_2
     00000087  _PCON                              lab3_2
     00000088  G$IT0$0$0                          lab3_2
     00000088  G$TCON$0$0                         lab3_2
     00000088  _IT0                               lab3_2
     00000088  _TCON                              lab3_2
     00000089  G$IE0$0$0                          lab3_2
     00000089  G$TMOD$0$0                         lab3_2
     00000089  _IE0                               lab3_2
     00000089  _TMOD                              lab3_2
     0000008A  G$IT1$0$0                          lab3_2
     0000008A  G$TL0$0$0                          lab3_2
     0000008A  _IT1                               lab3_2
     0000008A  _TL0                               lab3_2
     0000008B  G$IE1$0$0                          lab3_2
     0000008B  G$TL1$0$0                          lab3_2
     0000008B  _IE1                               lab3_2
ASxxxx Linker V03.00 + NoICE + sdld,  page 4.
Hexadecimal  [32-Bits]

Area                                    Addr        Size        Decimal Bytes (Attributes)
--------------------------------        ----        ----        ------- ----- ------------
.  .ABS.                            00000000    00000000 =           0. bytes (ABS,CON)

      Value  Global                              Global Defined In Module
      -----  --------------------------------   ------------------------
     0000008B  _TL1                               lab3_2
     0000008C  G$TH0$0$0                          lab3_2
     0000008C  G$TR0$0$0                          lab3_2
     0000008C  _TH0                               lab3_2
     0000008C  _TR0                               lab3_2
     0000008D  G$TF0$0$0                          lab3_2
     0000008D  G$TH1$0$0                          lab3_2
     0000008D  _TF0                               lab3_2
     0000008D  _TH1                               lab3_2
     0000008E  G$CKCON$0$0                        lab3_2
     0000008E  G$TR1$0$0                          lab3_2
     0000008E  _CKCON                             lab3_2
     0000008E  _TR1                               lab3_2
     0000008F  G$PSCTL$0$0                        lab3_2
     0000008F  G$TF1$0$0                          lab3_2
     0000008F  _PSCTL                             lab3_2
     0000008F  _TF1                               lab3_2
     00000090  G$P1$0$0                           lab3_2
     00000090  G$P1_0$0$0                         lab3_2
     00000090  _P1                                lab3_2
     00000090  _P1_0                              lab3_2
     00000091  G$P1_1$0$0                         lab3_2
     00000091  G$TMR3CN$0$0                       lab3_2
     00000091  _P1_1                              lab3_2
     00000091  _TMR3CN                            lab3_2
     00000092  G$P1_2$0$0                         lab3_2
     00000092  G$TMR3RLL$0$0                      lab3_2
     00000092  _P1_2                              lab3_2
     00000092  _TMR3RLL                           lab3_2
     00000093  G$P1_3$0$0                         lab3_2
     00000093  G$TMR3RLH$0$0                      lab3_2
     00000093  _P1_3                              lab3_2
     00000093  _TMR3RLH                           lab3_2
     00000094  G$P1_4$0$0                         lab3_2
     00000094  G$TMR3L$0$0                        lab3_2
     00000094  _P1_4                              lab3_2
     00000094  _TMR3L                             lab3_2
     00000095  G$P1_5$0$0                         lab3_2
     00000095  G$TMR3H$0$0                        lab3_2
     00000095  _P1_5                              lab3_2
     00000095  _TMR3H                             lab3_2
     00000096  G$P1_6$0$0                         lab3_2
     00000096  G$P7$0$0                           lab3_2
     00000096  _P1_6                              lab3_2
     00000096  _P7                                lab3_2
     00000097  G$P1_7$0$0                         lab3_2
     00000097  _P1_7                              lab3_2
     00000098  G$RI$0$0                           lab3_2
     00000098  G$RI0$0$0                          lab3_2
     00000098  G$SCON$0$0                         lab3_2
     00000098  G$SCON0$0$0                        lab3_2
ASxxxx Linker V03.00 + NoICE + sdld,  page 5.
Hexadecimal  [32-Bits]

Area                                    Addr        Size        Decimal Bytes (Attributes)
--------------------------------        ----        ----        ------- ----- ------------
.  .ABS.                            00000000    00000000 =           0. bytes (ABS,CON)

      Value  Global                              Global Defined In Module
      -----  --------------------------------   ------------------------
     00000098  _RI                                lab3_2
     00000098  _RI0                               lab3_2
     00000098  _SCON                              lab3_2
     00000098  _SCON0                             lab3_2
     00000099  G$SBUF$0$0                         lab3_2
     00000099  G$SBUF0$0$0                        lab3_2
     00000099  G$TI$0$0                           lab3_2
     00000099  G$TI0$0$0                          lab3_2
     00000099  _SBUF                              lab3_2
     00000099  _SBUF0                             lab3_2
     00000099  _TI                                lab3_2
     00000099  _TI0                               lab3_2
     0000009A  G$RB8$0$0                          lab3_2
     0000009A  G$RB80$0$0                         lab3_2
     0000009A  G$SPI0CFG$0$0                      lab3_2
     0000009A  _RB8                               lab3_2
     0000009A  _RB80                              lab3_2
     0000009A  _SPI0CFG                           lab3_2
     0000009B  G$SPI0DAT$0$0                      lab3_2
     0000009B  G$TB8$0$0                          lab3_2
     0000009B  G$TB80$0$0                         lab3_2
     0000009B  _SPI0DAT                           lab3_2
     0000009B  _TB8                               lab3_2
     0000009B  _TB80                              lab3_2
     0000009C  G$ADC1$0$0                         lab3_2
     0000009C  G$REN$0$0                          lab3_2
     0000009C  G$REN0$0$0                         lab3_2
     0000009C  _ADC1                              lab3_2
     0000009C  _REN                               lab3_2
     0000009C  _REN0                              lab3_2
     0000009D  G$MCE0$0$0                         lab3_2
     0000009D  G$SM2$0$0                          lab3_2
     0000009D  G$SM20$0$0                         lab3_2
     0000009D  G$SPI0CKR$0$0                      lab3_2
     0000009D  _MCE0                              lab3_2
     0000009D  _SM2                               lab3_2
     0000009D  _SM20                              lab3_2
     0000009D  _SPI0CKR                           lab3_2
     0000009E  G$CPT0CN$0$0                       lab3_2
     0000009E  G$SM1$0$0                          lab3_2
     0000009E  G$SM10$0$0                         lab3_2
     0000009E  _CPT0CN                            lab3_2
     0000009E  _SM1                               lab3_2
     0000009E  _SM10                              lab3_2
     0000009F  G$CPT1CN$0$0                       lab3_2
     0000009F  G$S0MODE$0$0                       lab3_2
     0000009F  G$SM0$0$0                          lab3_2
     0000009F  G$SM00$0$0                         lab3_2
     0000009F  _CPT1CN                            lab3_2
     0000009F  _S0MODE                            lab3_2
     0000009F  _SM0                               lab3_2
ASxxxx Linker V03.00 + NoICE + sdld,  page 6.
Hexadecimal  [32-Bits]

Area                                    Addr        Size        Decimal Bytes (Attributes)
--------------------------------        ----        ----        ------- ----- ------------
.  .ABS.                            00000000    00000000 =           0. bytes (ABS,CON)

      Value  Global                              Global Defined In Module
      -----  --------------------------------   ------------------------
     0000009F  _SM00                              lab3_2
     000000A0  G$P2$0$0                           lab3_2
     000000A0  G$P2_0$0$0                         lab3_2
     000000A0  _P2                                lab3_2
     000000A0  _P2_0                              lab3_2
     000000A1  G$EMI0TC$0$0                       lab3_2
     000000A1  G$P2_1$0$0                         lab3_2
     000000A1  _EMI0TC                            lab3_2
     000000A1  _P2_1                              lab3_2
     000000A2  G$P2_2$0$0                         lab3_2
     000000A2  _P2_2                              lab3_2
     000000A3  G$EMI0CF$0$0                       lab3_2
     000000A3  G$P2_3$0$0                         lab3_2
     000000A3  _EMI0CF                            lab3_2
     000000A3  _P2_3                              lab3_2
     000000A4  G$P0MDOUT$0$0                      lab3_2
     000000A4  G$P2_4$0$0                         lab3_2
     000000A4  G$PRT0CF$0$0                       lab3_2
     000000A4  _P0MDOUT                           lab3_2
     000000A4  _P2_4                              lab3_2
     000000A4  _PRT0CF                            lab3_2
     000000A5  G$P1MDOUT$0$0                      lab3_2
     000000A5  G$P2_5$0$0                         lab3_2
     000000A5  G$PRT1CF$0$0                       lab3_2
     000000A5  _P1MDOUT                           lab3_2
     000000A5  _P2_5                              lab3_2
     000000A5  _PRT1CF                            lab3_2
     000000A6  G$P2MDOUT$0$0                      lab3_2
     000000A6  G$P2_6$0$0                         lab3_2
     000000A6  G$PRT2CF$0$0                       lab3_2
     000000A6  _P2MDOUT                           lab3_2
     000000A6  _P2_6                              lab3_2
     000000A6  _PRT2CF                            lab3_2
     000000A7  G$P2_7$0$0                         lab3_2
     000000A7  G$P3MDOUT$0$0                      lab3_2
     000000A7  G$PRT3CF$0$0                       lab3_2
     000000A7  _P2_7                              lab3_2
     000000A7  _P3MDOUT                           lab3_2
     000000A7  _PRT3CF                            lab3_2
     000000A8  G$EX0$0$0                          lab3_2
     000000A8  G$IE$0$0                           lab3_2
     000000A8  _EX0                               lab3_2
     000000A8  _IE                                lab3_2
     000000A9  G$ET0$0$0                          lab3_2
     000000A9  G$SADDR0$0$0                       lab3_2
     000000A9  _ET0                               lab3_2
     000000A9  _SADDR0                            lab3_2
     000000AA  G$ADC1CN$0$0                       lab3_2
     000000AA  G$EX1$0$0                          lab3_2
     000000AA  _ADC1CN                            lab3_2
     000000AA  _EX1                               lab3_2
ASxxxx Linker V03.00 + NoICE + sdld,  page 7.
Hexadecimal  [32-Bits]

Area                                    Addr        Size        Decimal Bytes (Attributes)
--------------------------------        ----        ----        ------- ----- ------------
.  .ABS.                            00000000    00000000 =           0. bytes (ABS,CON)

      Value  Global                              Global Defined In Module
      -----  --------------------------------   ------------------------
     000000AB  G$ADC1CF$0$0                       lab3_2
     000000AB  G$ET1$0$0                          lab3_2
     000000AB  _ADC1CF                            lab3_2
     000000AB  _ET1                               lab3_2
     000000AC  G$AMX1SL$0$0                       lab3_2
     000000AC  G$ES$0$0                           lab3_2
     000000AC  G$ES0$0$0                          lab3_2
     000000AC  _AMX1SL                            lab3_2
     000000AC  _ES                                lab3_2
     000000AC  _ES0                               lab3_2
     000000AD  G$ET2$0$0                          lab3_2
     000000AD  G$P3IF$0$0                         lab3_2
     000000AD  _ET2                               lab3_2
     000000AD  _P3IF                              lab3_2
     000000AE  G$SADEN1$0$0                       lab3_2
     000000AE  _SADEN1                            lab3_2
     000000AF  G$EA$0$0                           lab3_2
     000000AF  G$EMI0CN$0$0                       lab3_2
     000000AF  G$_XPAGE$0$0                       lab3_2
     000000AF  _EA                                lab3_2
     000000AF  _EMI0CN                            lab3_2
     000000AF  __XPAGE                            lab3_2
     000000B0  G$P3$0$0                           lab3_2
     000000B0  G$P3_0$0$0                         lab3_2
     000000B0  _P3                                lab3_2
     000000B0  _P3_0                              lab3_2
     000000B1  G$OSCXCN$0$0                       lab3_2
     000000B1  G$P3_1$0$0                         lab3_2
     000000B1  _OSCXCN                            lab3_2
     000000B1  _P3_1                              lab3_2
     000000B2  G$OSCICN$0$0                       lab3_2
     000000B2  G$P3_2$0$0                         lab3_2
     000000B2  _OSCICN                            lab3_2
     000000B2  _P3_2                              lab3_2
     000000B3  G$P3_3$0$0                         lab3_2
     000000B3  _P3_3                              lab3_2
     000000B4  G$P3_4$0$0                         lab3_2
     000000B4  _P3_4                              lab3_2
     000000B5  G$P3_5$0$0                         lab3_2
     000000B5  G$P74OUT$0$0                       lab3_2
     000000B5  _P3_5                              lab3_2
     000000B5  _P74OUT                            lab3_2
     000000B6  G$FLSCL$0$0                        lab3_2
     000000B6  G$P3_6$0$0                         lab3_2
     000000B6  _FLSCL                             lab3_2
     000000B6  _P3_6                              lab3_2
     000000B7  G$FLACL$0$0                        lab3_2
     000000B7  G$P3_7$0$0                         lab3_2
     000000B7  _FLACL                             lab3_2
     000000B7  _P3_7                              lab3_2
     000000B8  G$IP$0$0                           lab3_2
ASxxxx Linker V03.00 + NoICE + sdld,  page 8.
Hexadecimal  [32-Bits]

Area                                    Addr        Size        Decimal Bytes (Attributes)
--------------------------------        ----        ----        ------- ----- ------------
.  .ABS.                            00000000    00000000 =           0. bytes (ABS,CON)

      Value  Global                              Global Defined In Module
      -----  --------------------------------   ------------------------
     000000B8  G$PX0$0$0                          lab3_2
     000000B8  _IP                                lab3_2
     000000B8  _PX0                               lab3_2
     000000B9  G$PT0$0$0                          lab3_2
     000000B9  G$SADEN0$0$0                       lab3_2
     000000B9  _PT0                               lab3_2
     000000B9  _SADEN0                            lab3_2
     000000BA  G$AMX0CF$0$0                       lab3_2
     000000BA  G$PX1$0$0                          lab3_2
     000000BA  _AMX0CF                            lab3_2
     000000BA  _PX1                               lab3_2
     000000BB  G$AMX0SL$0$0                       lab3_2
     000000BB  G$PT1$0$0                          lab3_2
     000000BB  _AMX0SL                            lab3_2
     000000BB  _PT1                               lab3_2
     000000BC  G$ADC0CF$0$0                       lab3_2
     000000BC  G$PS$0$0                           lab3_2
     000000BC  G$PS0$0$0                          lab3_2
     000000BC  _ADC0CF                            lab3_2
     000000BC  _PS                                lab3_2
     000000BC  _PS0                               lab3_2
     000000BD  G$P1MDIN$0$0                       lab3_2
     000000BD  G$PT2$0$0                          lab3_2
     000000BD  _P1MDIN                            lab3_2
     000000BD  _PT2                               lab3_2
     000000BE  G$ADC0L$0$0                        lab3_2
     000000BE  _ADC0L                             lab3_2
     000000BF  G$ADC0H$0$0                        lab3_2
     000000BF  _ADC0H                             lab3_2
     000000C0  G$BUS_TOE$0$0                      lab3_2
     000000C0  G$SMB0CN$0$0                       lab3_2
     000000C0  G$SMBTOE$0$0                       lab3_2
     000000C0  _BUS_TOE                           lab3_2
     000000C0  _SMB0CN                            lab3_2
     000000C0  _SMBTOE                            lab3_2
     000000C1  G$BUS_FTE$0$0                      lab3_2
     000000C1  G$SMB0STA$0$0                      lab3_2
     000000C1  G$SMBFTE$0$0                       lab3_2
     000000C1  _BUS_FTE                           lab3_2
     000000C1  _SMB0STA                           lab3_2
     000000C1  _SMBFTE                            lab3_2
     000000C2  G$AA$0$0                           lab3_2
     000000C2  G$BUS_AA$0$0                       lab3_2
     000000C2  G$SMB0DAT$0$0                      lab3_2
     000000C2  _AA                                lab3_2
     000000C2  _BUS_AA                            lab3_2
     000000C2  _SMB0DAT                           lab3_2
     000000C3  G$BUS_INT$0$0                      lab3_2
     000000C3  G$SI$0$0                           lab3_2
     000000C3  G$SMB0ADR$0$0                      lab3_2
     000000C3  _BUS_INT                           lab3_2
ASxxxx Linker V03.00 + NoICE + sdld,  page 9.
Hexadecimal  [32-Bits]

Area                                    Addr        Size        Decimal Bytes (Attributes)
--------------------------------        ----        ----        ------- ----- ------------
.  .ABS.                            00000000    00000000 =           0. bytes (ABS,CON)

      Value  Global                              Global Defined In Module
      -----  --------------------------------   ------------------------
     000000C3  _SI                                lab3_2
     000000C3  _SMB0ADR                           lab3_2
     000000C4  G$ADC0GTL$0$0                      lab3_2
     000000C4  G$BUS_STOP$0$0                     lab3_2
     000000C4  G$STO$0$0                          lab3_2
     000000C4  _ADC0GTL                           lab3_2
     000000C4  _BUS_STOP                          lab3_2
     000000C4  _STO                               lab3_2
     000000C5  G$ADC0GTH$0$0                      lab3_2
     000000C5  G$BUS_START$0$0                    lab3_2
     000000C5  G$STA$0$0                          lab3_2
     000000C5  _ADC0GTH                           lab3_2
     000000C5  _BUS_START                         lab3_2
     000000C5  _STA                               lab3_2
     000000C6  G$ADC0LTL$0$0                      lab3_2
     000000C6  G$BUS_EN$0$0                       lab3_2
     000000C6  G$ENSMB$0$0                        lab3_2
     000000C6  _ADC0LTL                           lab3_2
     000000C6  _BUS_EN                            lab3_2
     000000C6  _ENSMB                             lab3_2
     000000C7  G$ADC0LTH$0$0                      lab3_2
     000000C7  G$BUSY$0$0                         lab3_2
     000000C7  G$BUS_BUSY$0$0                     lab3_2
     000000C7  _ADC0LTH                           lab3_2
     000000C7  _BUSY                              lab3_2
     000000C7  _BUS_BUSY                          lab3_2
     000000C8  G$CPRL2$0$0                        lab3_2
     000000C8  G$T2CON$0$0                        lab3_2
     000000C8  _CPRL2                             lab3_2
     000000C8  _T2CON                             lab3_2
     000000C9  G$CT2$0$0                          lab3_2
     000000C9  G$T4CON$0$0                        lab3_2
     000000C9  _CT2                               lab3_2
     000000C9  _T4CON                             lab3_2
     000000CA  G$RCAP2L$0$0                       lab3_2
     000000CA  G$TR2$0$0                          lab3_2
     000000CA  _RCAP2L                            lab3_2
     000000CA  _TR2                               lab3_2
     000000CB  G$EXEN2$0$0                        lab3_2
     000000CB  G$RCAP2H$0$0                       lab3_2
     000000CB  _EXEN2                             lab3_2
     000000CB  _RCAP2H                            lab3_2
     000000CC  G$TCLK$0$0                         lab3_2
     000000CC  G$TL2$0$0                          lab3_2
     000000CC  _TCLK                              lab3_2
     000000CC  _TL2                               lab3_2
     000000CD  G$RCLK$0$0                         lab3_2
     000000CD  G$TH2$0$0                          lab3_2
     000000CD  _RCLK                              lab3_2
     000000CD  _TH2                               lab3_2
     000000CE  G$EXF2$0$0                         lab3_2
ASxxxx Linker V03.00 + NoICE + sdld,  page 10.
Hexadecimal  [32-Bits]

Area                                    Addr        Size        Decimal Bytes (Attributes)
--------------------------------        ----        ----        ------- ----- ------------
.  .ABS.                            00000000    00000000 =           0. bytes (ABS,CON)

      Value  Global                              Global Defined In Module
      -----  --------------------------------   ------------------------
     000000CE  _EXF2                              lab3_2
     000000CF  G$SMB0CR$0$0                       lab3_2
     000000CF  G$TF2$0$0                          lab3_2
     000000CF  _SMB0CR                            lab3_2
     000000CF  _TF2                               lab3_2
     000000D0  G$P$0$0                            lab3_2
     000000D0  G$PSW$0$0                          lab3_2
     000000D0  _P                                 lab3_2
     000000D0  _PSW                               lab3_2
     000000D1  G$F1$0$0                           lab3_2
     000000D1  G$REF0CN$0$0                       lab3_2
     000000D1  _F1                                lab3_2
     000000D1  _REF0CN                            lab3_2
     000000D2  G$DAC0L$0$0                        lab3_2
     000000D2  G$OV$0$0                           lab3_2
     000000D2  _DAC0L                             lab3_2
     000000D2  _OV                                lab3_2
     000000D3  G$DAC0H$0$0                        lab3_2
     000000D3  G$RS0$0$0                          lab3_2
     000000D3  _DAC0H                             lab3_2
     000000D3  _RS0                               lab3_2
     000000D4  G$DAC0CN$0$0                       lab3_2
     000000D4  G$RS1$0$0                          lab3_2
     000000D4  _DAC0CN                            lab3_2
     000000D4  _RS1                               lab3_2
     000000D5  G$DAC1L$0$0                        lab3_2
     000000D5  G$F0$0$0                           lab3_2
     000000D5  _DAC1L                             lab3_2
     000000D5  _F0                                lab3_2
     000000D6  G$AC$0$0                           lab3_2
     000000D6  G$DAC1H$0$0                        lab3_2
     000000D6  _AC                                lab3_2
     000000D6  _DAC1H                             lab3_2
     000000D7  G$CY$0$0                           lab3_2
     000000D7  G$DAC1CN$0$0                       lab3_2
     000000D7  _CY                                lab3_2
     000000D7  _DAC1CN                            lab3_2
     000000D8  G$CCF0$0$0                         lab3_2
     000000D8  G$PCA0CN$0$0                       lab3_2
     000000D8  _CCF0                              lab3_2
     000000D8  _PCA0CN                            lab3_2
     000000D9  G$CCF1$0$0                         lab3_2
     000000D9  G$PCA0MD$0$0                       lab3_2
     000000D9  _CCF1                              lab3_2
     000000D9  _PCA0MD                            lab3_2
     000000DA  G$CCF2$0$0                         lab3_2
     000000DA  G$PCA0CPM0$0$0                     lab3_2
     000000DA  _CCF2                              lab3_2
     000000DA  _PCA0CPM0                          lab3_2
     000000DB  G$CCF3$0$0                         lab3_2
     000000DB  G$PCA0CPM1$0$0                     lab3_2
ASxxxx Linker V03.00 + NoICE + sdld,  page 11.
Hexadecimal  [32-Bits]

Area                                    Addr        Size        Decimal Bytes (Attributes)
--------------------------------        ----        ----        ------- ----- ------------
.  .ABS.                            00000000    00000000 =           0. bytes (ABS,CON)

      Value  Global                              Global Defined In Module
      -----  --------------------------------   ------------------------
     000000DB  _CCF3                              lab3_2
     000000DB  _PCA0CPM1                          lab3_2
     000000DC  G$CCF4$0$0                         lab3_2
     000000DC  G$PCA0CPM2$0$0                     lab3_2
     000000DC  _CCF4                              lab3_2
     000000DC  _PCA0CPM2                          lab3_2
     000000DD  G$PCA0CPM3$0$0                     lab3_2
     000000DD  _PCA0CPM3                          lab3_2
     000000DE  G$CR$0$0                           lab3_2
     000000DE  G$PCA0CPM4$0$0                     lab3_2
     000000DE  _CR                                lab3_2
     000000DE  _PCA0CPM4                          lab3_2
     000000DF  G$CF$0$0                           lab3_2
     000000DF  _CF                                lab3_2
     000000E0  G$ACC$0$0                          lab3_2
     000000E0  _ACC                               lab3_2
     000000E1  G$XBR0$0$0                         lab3_2
     000000E1  _XBR0                              lab3_2
     000000E2  G$XBR1$0$0                         lab3_2
     000000E2  _XBR1                              lab3_2
     000000E3  G$XBR2$0$0                         lab3_2
     000000E3  _XBR2                              lab3_2
     000000E4  G$RCAP4L$0$0                       lab3_2
     000000E4  _RCAP4L                            lab3_2
     000000E5  G$RCAP4H$0$0                       lab3_2
     000000E5  _RCAP4H                            lab3_2
     000000E6  G$EIE1$0$0                         lab3_2
     000000E6  _EIE1                              lab3_2
     000000E7  G$EIE2$0$0                         lab3_2
     000000E7  _EIE2                              lab3_2
     000000E8  G$AD0LJST$0$0                      lab3_2
     000000E8  G$ADC0CN$0$0                       lab3_2
     000000E8  G$ADLJST$0$0                       lab3_2
     000000E8  _AD0LJST                           lab3_2
     000000E8  _ADC0CN                            lab3_2
     000000E8  _ADLJST                            lab3_2
     000000E9  G$AD0WINT$0$0                      lab3_2
     000000E9  G$ADWINT$0$0                       lab3_2
     000000E9  G$PCA0L$0$0                        lab3_2
     000000E9  _AD0WINT                           lab3_2
     000000E9  _ADWINT                            lab3_2
     000000E9  _PCA0L                             lab3_2
     000000EA  G$AD0CM0$0$0                       lab3_2
     000000EA  G$ADSTM0$0$0                       lab3_2
     000000EA  G$PCA0CPL0$0$0                     lab3_2
     000000EA  _AD0CM0                            lab3_2
     000000EA  _ADSTM0                            lab3_2
     000000EA  _PCA0CPL0                          lab3_2
     000000EB  G$AD0CM1$0$0                       lab3_2
     000000EB  G$ADSTM1$0$0                       lab3_2
     000000EB  G$PCA0CPL1$0$0                     lab3_2
ASxxxx Linker V03.00 + NoICE + sdld,  page 12.
Hexadecimal  [32-Bits]

Area                                    Addr        Size        Decimal Bytes (Attributes)
--------------------------------        ----        ----        ------- ----- ------------
.  .ABS.                            00000000    00000000 =           0. bytes (ABS,CON)

      Value  Global                              Global Defined In Module
      -----  --------------------------------   ------------------------
     000000EB  _AD0CM1                            lab3_2
     000000EB  _ADSTM1                            lab3_2
     000000EB  _PCA0CPL1                          lab3_2
     000000EC  G$AD0BUSY$0$0                      lab3_2
     000000EC  G$ADBUSY$0$0                       lab3_2
     000000EC  G$PCA0CPL2$0$0                     lab3_2
     000000EC  _AD0BUSY                           lab3_2
     000000EC  _ADBUSY                            lab3_2
     000000EC  _PCA0CPL2                          lab3_2
     000000ED  G$AD0INT$0$0                       lab3_2
     000000ED  G$ADCINT$0$0                       lab3_2
     000000ED  G$PCA0CPL3$0$0                     lab3_2
     000000ED  _AD0INT                            lab3_2
     000000ED  _ADCINT                            lab3_2
     000000ED  _PCA0CPL3                          lab3_2
     000000EE  G$AD0TM$0$0                        lab3_2
     000000EE  G$ADCTM$0$0                        lab3_2
     000000EE  G$PCA0CPL4$0$0                     lab3_2
     000000EE  _AD0TM                             lab3_2
     000000EE  _ADCTM                             lab3_2
     000000EE  _PCA0CPL4                          lab3_2
     000000EF  G$AD0EN$0$0                        lab3_2
     000000EF  G$ADCEN$0$0                        lab3_2
     000000EF  G$RSTSRC$0$0                       lab3_2
     000000EF  _AD0EN                             lab3_2
     000000EF  _ADCEN                             lab3_2
     000000EF  _RSTSRC                            lab3_2
     000000F0  G$B$0$0                            lab3_2
     000000F0  _B                                 lab3_2
     000000F1  G$SCON1$0$0                        lab3_2
     000000F1  _SCON1                             lab3_2
     000000F2  G$SBUF1$0$0                        lab3_2
     000000F2  _SBUF1                             lab3_2
     000000F3  G$SADDR1$0$0                       lab3_2
     000000F3  _SADDR1                            lab3_2
     000000F4  G$TL4$0$0                          lab3_2
     000000F4  _TL4                               lab3_2
     000000F5  G$TH4$0$0                          lab3_2
     000000F5  _B_5                               _gptrget
     000000F5  _TH4                               lab3_2
     000000F6  G$EIP1$0$0                         lab3_2
     000000F6  _B_6                               _gptrget
     000000F6  _EIP1                              lab3_2
     000000F7  G$EIP2$0$0                         lab3_2
     000000F7  _B_7                               _gptrget
     000000F7  _EIP2                              lab3_2
     000000F8  G$SPI0CN$0$0                       lab3_2
     000000F8  G$SPIEN$0$0                        lab3_2
     000000F8  _SPI0CN                            lab3_2
     000000F8  _SPIEN                             lab3_2
     000000F9  G$MSTEN$0$0                        lab3_2
ASxxxx Linker V03.00 + NoICE + sdld,  page 13.
Hexadecimal  [32-Bits]

Area                                    Addr        Size        Decimal Bytes (Attributes)
--------------------------------        ----        ----        ------- ----- ------------
.  .ABS.                            00000000    00000000 =           0. bytes (ABS,CON)

      Value  Global                              Global Defined In Module
      -----  --------------------------------   ------------------------
     000000F9  G$PCA0H$0$0                        lab3_2
     000000F9  _MSTEN                             lab3_2
     000000F9  _PCA0H                             lab3_2
     000000FA  G$PCA0CPH0$0$0                     lab3_2
     000000FA  G$SLVSEL$0$0                       lab3_2
     000000FA  _PCA0CPH0                          lab3_2
     000000FA  _SLVSEL                            lab3_2
     000000FB  G$PCA0CPH1$0$0                     lab3_2
     000000FB  G$TXBSY$0$0                        lab3_2
     000000FB  _PCA0CPH1                          lab3_2
     000000FB  _TXBSY                             lab3_2
     000000FC  G$PCA0CPH2$0$0                     lab3_2
     000000FC  G$RXOVRN$0$0                       lab3_2
     000000FC  _PCA0CPH2                          lab3_2
     000000FC  _RXOVRN                            lab3_2
     000000FD  G$MODF$0$0                         lab3_2
     000000FD  G$PCA0CPH3$0$0                     lab3_2
     000000FD  _MODF                              lab3_2
     000000FD  _PCA0CPH3                          lab3_2
     000000FE  G$PCA0CPH4$0$0                     lab3_2
     000000FE  G$WCOL$0$0                         lab3_2
     000000FE  _PCA0CPH4                          lab3_2
     000000FE  _WCOL                              lab3_2
     000000FF  G$SPIF$0$0                         lab3_2
     000000FF  G$WDTCN$0$0                        lab3_2
     000000FF  _SPIF                              lab3_2
     000000FF  _WDTCN                             lab3_2
     00008C8A  G$TMR0$0$0                         lab3_2
     00008C8A  _TMR0                              lab3_2
     00008D8B  G$TMR1$0$0                         lab3_2
     00008D8B  _TMR1                              lab3_2
     00009392  G$TMR3RL$0$0                       lab3_2
     00009392  _TMR3RL                            lab3_2
     00009594  G$TMR3$0$0                         lab3_2
     00009594  _TMR3                              lab3_2
     0000BFBE  G$ADC0$0$0                         lab3_2
     0000BFBE  _ADC0                              lab3_2
     0000C5C4  G$ADC0GT$0$0                       lab3_2
     0000C5C4  _ADC0GT                            lab3_2
     0000C7C6  G$ADC0LT$0$0                       lab3_2
     0000C7C6  _ADC0LT                            lab3_2
     0000CBCA  G$RCAP2$0$0                        lab3_2
     0000CBCA  _RCAP2                             lab3_2
     0000CDCC  G$TMR2$0$0                         lab3_2
     0000CDCC  _TMR2                              lab3_2
     0000D3D2  G$DAC0$0$0                         lab3_2
     0000D3D2  _DAC0                              lab3_2
     0000D6D5  G$DAC1$0$0                         lab3_2
     0000D6D5  _DAC1                              lab3_2
     0000E5E4  G$RCAP4$0$0                        lab3_2
     0000E5E4  _RCAP4                             lab3_2
ASxxxx Linker V03.00 + NoICE + sdld,  page 14.
Hexadecimal  [32-Bits]

Area                                    Addr        Size        Decimal Bytes (Attributes)
--------------------------------        ----        ----        ------- ----- ------------
.  .ABS.                            00000000    00000000 =           0. bytes (ABS,CON)

      Value  Global                              Global Defined In Module
      -----  --------------------------------   ------------------------
     0000F5F4  G$TMR4$0$0                         lab3_2
     0000F5F4  _TMR4                              lab3_2
     0000F9E9  G$PCA0$0$0                         lab3_2
     0000F9E9  _PCA0                              lab3_2
     0000FAEA  G$PCA0CP0$0$0                      lab3_2
     0000FAEA  _PCA0CP0                           lab3_2
     0000FBEB  G$PCA0CP1$0$0                      lab3_2
     0000FBEB  _PCA0CP1                           lab3_2
     0000FCEC  G$PCA0CP2$0$0                      lab3_2
     0000FCEC  _PCA0CP2                           lab3_2
     0000FDED  G$PCA0CP3$0$0                      lab3_2
     0000FDED  _PCA0CP3                           lab3_2
     0000FEEE  G$PCA0CP4$0$0                      lab3_2
     0000FEEE  _PCA0CP4                           lab3_2

ASxxxx Linker V03.00 + NoICE + sdld,  page 15.
Hexadecimal  [32-Bits]

Area                                    Addr        Size        Decimal Bytes (Attributes)
--------------------------------        ----        ----        ------- ----- ------------
BSEG_BYTES                          00000020    00000002 =           2. bytes (REL,CON)

      Value  Global                              Global Defined In Module
      -----  --------------------------------   ------------------------
ASxxxx Linker V03.00 + NoICE + sdld,  page 16.
Hexadecimal  [32-Bits]

Area                                    Addr        Size        Decimal Bytes (Attributes)
--------------------------------        ----        ----        ------- ----- ------------
REG_BANK_0                          00000000    00000008 =           8. bytes (REL,OVR)

      Value  Global                              Global Defined In Module
      -----  --------------------------------   ------------------------
ASxxxx Linker V03.00 + NoICE + sdld,  page 17.
Hexadecimal  [32-Bits]

Area                                    Addr        Size        Decimal Bytes (Attributes)
--------------------------------        ----        ----        ------- ----- ------------
DSEG                                00000000    00000080 =         128. bytes (REL,CON)

      Value  Global                              Global Defined In Module
      -----  --------------------------------   ------------------------
     00000008  Llab3_2.lcd_clear$NumBytes$1$77    lab3_2
     00000009  Llab3_2.lcd_clear$Cmd$1$77         lab3_2
     0000000B  Llab3_2.read_keypad$Data$1$78      lab3_2
     0000000D  Llab3_2.i2c_write_data$start_reg   lab3_2
     0000000D  _i2c_write_data_PARM_2             lab3_2
     0000000E  Llab3_2.i2c_write_data$buffer$1$   lab3_2
     0000000E  _i2c_write_data_PARM_3             lab3_2
     00000011  Llab3_2.i2c_write_data$num_bytes   lab3_2
     00000011  _i2c_write_data_PARM_4             lab3_2
     00000012  Llab3_2.i2c_read_data$start_reg$   lab3_2
     00000012  _i2c_read_data_PARM_2              lab3_2
     00000013  Llab3_2.i2c_read_data$buffer$1$9   lab3_2
     00000013  _i2c_read_data_PARM_3              lab3_2
     00000016  Llab3_2.i2c_read_data$num_bytes$   lab3_2
     00000016  _i2c_read_data_PARM_4              lab3_2
     00000017  Llab3_2.Accel_Init$Data2$1$103     lab3_2
     00000018  G$MOTOR_PW$0$0                     lab3_2
     00000018  _MOTOR_PW                          lab3_2
     0000001A  G$counts$0$0                       lab3_2
     0000001A  _counts                            lab3_2
     0000001C  Llab3_2.main$Data$1$109            lab3_2
     0000001D  Llab3_2.ReadRanger$Data$1$112      lab3_2
     0000001F  _bp                                _bp
     00000022  _vsprintf_PARM_2                   sprintf
     00000025  _vsprintf_PARM_3                   sprintf
     00000029  _vprintf_PARM_2                    vprintf
     00000036  __print_format_PARM_2              printf_large
     00000039  __print_format_PARM_3              printf_large
     0000003C  __print_format_PARM_4              printf_large

ASxxxx Linker V03.00 + NoICE + sdld,  page 18.
Hexadecimal  [32-Bits]

Area                                    Addr        Size        Decimal Bytes (Attributes)
--------------------------------        ----        ----        ------- ----- ------------
OSEG                                00000044    00000006 =           6. bytes (REL,OVR)

      Value  Global                              Global Defined In Module
      -----  --------------------------------   ------------------------
     00000044  __gptrput_PARM_2                   _gptrput
     00000044  __mulint_PARM_2                    _mulint

ASxxxx Linker V03.00 + NoICE + sdld,  page 19.
Hexadecimal  [32-Bits]

Area                                    Addr        Size        Decimal Bytes (Attributes)
--------------------------------        ----        ----        ------- ----- ------------
ISEG                                0000004A    00000006 =           6. bytes (REL,CON)

      Value  Global                              Global Defined In Module
      -----  --------------------------------   ------------------------
ASxxxx Linker V03.00 + NoICE + sdld,  page 20.
Hexadecimal  [32-Bits]

Area                                    Addr        Size        Decimal Bytes (Attributes)
--------------------------------        ----        ----        ------- ----- ------------
SSEG                                00000050    000000B0 =         176. bytes (REL,OVR)

      Value  Global                              Global Defined In Module
      -----  --------------------------------   ------------------------
     00000050  __start__stack                     lab3_2

ASxxxx Linker V03.00 + NoICE + sdld,  page 21.
Hexadecimal  [32-Bits]

Area                                    Addr        Size        Decimal Bytes (Attributes)
--------------------------------        ----        ----        ------- ----- ------------
XSEG                                00000001    00000050 =          80. bytes (REL,CON,XDATA)

      Value  Global                              Global Defined In Module
      -----  --------------------------------   ------------------------
D:   00000001  Llab3_2.lcd_print$text$1$73        lab3_2

ASxxxx Linker V03.00 + NoICE + sdld,  page 22.
Hexadecimal  [32-Bits]

Area                                    Addr        Size        Decimal Bytes (Attributes)
--------------------------------        ----        ----        ------- ----- ------------
HOME                                00000000    00000051 =          81. bytes (REL,CON,CODE)

      Value  Global                              Global Defined In Module
      -----  --------------------------------   ------------------------
C:   00000000  A$lab3-2$1029                      lab3_2
C:   00000003  A$lab3-2$1030                      lab3_2
C:   0000000B  A$lab3-2$1032                      lab3_2
C:   00000013  A$lab3-2$1034                      lab3_2
C:   0000001B  A$lab3-2$1036                      lab3_2
C:   00000023  A$lab3-2$1038                      lab3_2
C:   0000002B  A$lab3-2$1040                      lab3_2
C:   00000033  A$lab3-2$1042                      lab3_2
C:   0000003B  A$lab3-2$1044                      lab3_2
C:   00000043  A$lab3-2$1046                      lab3_2
C:   0000004B  A$lab3-2$1048                      lab3_2
C:   0000004E  A$lab3-2$1079                      lab3_2
C:   0000004E  __sdcc_program_startup             lab3_2

ASxxxx Linker V03.00 + NoICE + sdld,  page 23.
Hexadecimal  [32-Bits]

Area                                    Addr        Size        Decimal Bytes (Attributes)
--------------------------------        ----        ----        ------- ----- ------------
GSINIT0                             00000051    00000003 =           3. bytes (REL,CON,CODE)

      Value  Global                              Global Defined In Module
      -----  --------------------------------   ------------------------
C:   00000051  __sdcc_gsinit_startup              

ASxxxx Linker V03.00 + NoICE + sdld,  page 24.
Hexadecimal  [32-Bits]

Area                                    Addr        Size        Decimal Bytes (Attributes)
--------------------------------        ----        ----        ------- ----- ------------
GSINIT2                             00000054    0000000A =          10. bytes (REL,CON,CODE)

      Value  Global                              Global Defined In Module
      -----  --------------------------------   ------------------------
ASxxxx Linker V03.00 + NoICE + sdld,  page 25.
Hexadecimal  [32-Bits]

Area                                    Addr        Size        Decimal Bytes (Attributes)
--------------------------------        ----        ----        ------- ----- ------------
GSINIT3                             0000005E    00000022 =          34. bytes (REL,CON,CODE)

      Value  Global                              Global Defined In Module
      -----  --------------------------------   ------------------------
C:   0000005E  __mcs51_genXINIT                   

ASxxxx Linker V03.00 + NoICE + sdld,  page 26.
Hexadecimal  [32-Bits]

Area                                    Addr        Size        Decimal Bytes (Attributes)
--------------------------------        ----        ----        ------- ----- ------------
GSINIT4                             00000080    0000002A =          42. bytes (REL,CON,CODE)

      Value  Global                              Global Defined In Module
      -----  --------------------------------   ------------------------
C:   00000080  __mcs51_genRAMCLEAR                
C:   00000086  __mcs51_genXRAMCLEAR               

ASxxxx Linker V03.00 + NoICE + sdld,  page 27.
Hexadecimal  [32-Bits]

Area                                    Addr        Size        Decimal Bytes (Attributes)
--------------------------------        ----        ----        ------- ----- ------------
GSINIT                              000000AA    00000009 =           9. bytes (REL,CON,CODE)

      Value  Global                              Global Defined In Module
      -----  --------------------------------   ------------------------
C:   000000AA  A$lab3-2$1064                      lab3_2
C:   000000AA  C$lab3_2.c$19$1$123                lab3_2
C:   000000AB  A$lab3-2$1065                      lab3_2
C:   000000AD  A$lab3-2$1066                      lab3_2
C:   000000AF  A$lab3-2$1069                      lab3_2
C:   000000AF  C$lab3_2.c$20$1$123                lab3_2
C:   000000B1  A$lab3-2$1070                      lab3_2

ASxxxx Linker V03.00 + NoICE + sdld,  page 28.
Hexadecimal  [32-Bits]

Area                                    Addr        Size        Decimal Bytes (Attributes)
--------------------------------        ----        ----        ------- ----- ------------
GSFINAL                             000000B3    00000003 =           3. bytes (REL,CON,CODE)

      Value  Global                              Global Defined In Module
      -----  --------------------------------   ------------------------
C:   000000B3  A$lab3-2$1072                      lab3_2

ASxxxx Linker V03.00 + NoICE + sdld,  page 29.
Hexadecimal  [32-Bits]

Area                                    Addr        Size        Decimal Bytes (Attributes)
--------------------------------        ----        ----        ------- ----- ------------
CSEG                                000000B6    00000E06 =        3590. bytes (REL,CON,CODE)

      Value  Global                              Global Defined In Module
      -----  --------------------------------   ------------------------
C:   000000B6  A$lab3-2$1107                      lab3_2
C:   000000B6  C$c8051_SDCC.h$42$0$0              lab3_2
C:   000000B6  C$c8051_SDCC.h$46$1$16             lab3_2
C:   000000B6  G$SYSCLK_Init$0$0                  lab3_2
C:   000000B6  _SYSCLK_Init                       lab3_2
C:   000000B9  A$lab3-2$1110                      lab3_2
C:   000000B9  C$c8051_SDCC.h$49$1$16             lab3_2
C:   000000BB  A$lab3-2$1111                      lab3_2
C:   000000BD  A$lab3-2$1113                      lab3_2
C:   000000BE  A$lab3-2$1114                      lab3_2
C:   000000C1  A$lab3-2$1115                      lab3_2
C:   000000C2  A$lab3-2$1117                      lab3_2
C:   000000C3  A$lab3-2$1118                      lab3_2
C:   000000C4  A$lab3-2$1119                      lab3_2
C:   000000C6  A$lab3-2$1123                      lab3_2
C:   000000C6  C$c8051_SDCC.h$51$1$16             lab3_2
C:   000000C8  A$lab3-2$1124                      lab3_2
C:   000000CB  A$lab3-2$1127                      lab3_2
C:   000000CB  C$c8051_SDCC.h$53$1$16             lab3_2
C:   000000CE  A$lab3-2$1130                      lab3_2
C:   000000CE  C$c8051_SDCC.h$56$1$16             lab3_2
C:   000000CE  XG$SYSCLK_Init$0$0                 lab3_2
C:   000000CF  A$lab3-2$1143                      lab3_2
C:   000000CF  C$c8051_SDCC.h$64$1$16             lab3_2
C:   000000CF  C$c8051_SDCC.h$66$1$18             lab3_2
C:   000000CF  G$UART0_Init$0$0                   lab3_2
C:   000000CF  _UART0_Init                        lab3_2
C:   000000D2  A$lab3-2$1146                      lab3_2
C:   000000D2  C$c8051_SDCC.h$67$1$18             lab3_2
C:   000000D5  A$lab3-2$1149                      lab3_2
C:   000000D5  C$c8051_SDCC.h$68$1$18             lab3_2
C:   000000D8  A$lab3-2$1152                      lab3_2
C:   000000D8  C$c8051_SDCC.h$69$1$18             lab3_2
C:   000000DA  A$lab3-2$1155                      lab3_2
C:   000000DA  C$c8051_SDCC.h$70$1$18             lab3_2
C:   000000DD  A$lab3-2$1158                      lab3_2
C:   000000DD  C$c8051_SDCC.h$71$1$18             lab3_2
C:   000000E0  A$lab3-2$1161                      lab3_2
C:   000000E0  C$c8051_SDCC.h$73$1$18             lab3_2
C:   000000E2  A$lab3-2$1164                      lab3_2
C:   000000E2  C$c8051_SDCC.h$74$1$18             lab3_2
C:   000000E5  A$lab3-2$1167                      lab3_2
C:   000000E5  C$c8051_SDCC.h$75$1$18             lab3_2
C:   000000E5  XG$UART0_Init$0$0                  lab3_2
C:   000000E6  A$lab3-2$1180                      lab3_2
C:   000000E6  C$c8051_SDCC.h$83$1$18             lab3_2
C:   000000E6  C$c8051_SDCC.h$85$1$20             lab3_2
C:   000000E6  G$Sys_Init$0$0                     lab3_2
C:   000000E6  _Sys_Init                          lab3_2
C:   000000E9  A$lab3-2$1183                      lab3_2
ASxxxx Linker V03.00 + NoICE + sdld,  page 30.
Hexadecimal  [32-Bits]

Area                                    Addr        Size        Decimal Bytes (Attributes)
--------------------------------        ----        ----        ------- ----- ------------
CSEG                                000000B6    00000E06 =        3590. bytes (REL,CON,CODE)

      Value  Global                              Global Defined In Module
      -----  --------------------------------   ------------------------
C:   000000E9  C$c8051_SDCC.h$86$1$20             lab3_2
C:   000000EC  A$lab3-2$1186                      lab3_2
C:   000000EC  C$c8051_SDCC.h$88$1$20             lab3_2
C:   000000EF  A$lab3-2$1189                      lab3_2
C:   000000EF  C$c8051_SDCC.h$89$1$20             lab3_2
C:   000000F2  A$lab3-2$1192                      lab3_2
C:   000000F2  C$c8051_SDCC.h$91$1$20             lab3_2
C:   000000F5  A$lab3-2$1195                      lab3_2
C:   000000F5  C$c8051_SDCC.h$92$1$20             lab3_2
C:   000000F8  A$lab3-2$1198                      lab3_2
C:   000000F8  C$c8051_SDCC.h$93$1$20             lab3_2
C:   000000F8  XG$Sys_Init$0$0                    lab3_2
C:   000000F9  A$lab3-2$1211                      lab3_2
C:   000000F9  C$c8051_SDCC.h$98$1$20             lab3_2
C:   000000F9  G$putchar$0$0                      lab3_2
C:   000000F9  _putchar                           lab3_2
C:   000000FB  A$lab3-2$1217                      lab3_2
C:   000000FB  C$c8051_SDCC.h$100$1$22            lab3_2
C:   000000FB  C$c8051_SDCC.h$101$1$22            lab3_2
C:   000000FE  A$lab3-2$1218                      lab3_2
C:   00000100  A$lab3-2$1222                      lab3_2
C:   00000100  C$c8051_SDCC.h$102$1$22            lab3_2
C:   00000102  A$lab3-2$1225                      lab3_2
C:   00000102  C$c8051_SDCC.h$103$1$22            lab3_2
C:   00000102  XG$putchar$0$0                     lab3_2
C:   00000103  A$lab3-2$1243                      lab3_2
C:   00000103  C$c8051_SDCC.h$108$1$22            lab3_2
C:   00000103  C$c8051_SDCC.h$111$1$24            lab3_2
C:   00000103  C$c8051_SDCC.h$112$1$24            lab3_2
C:   00000103  G$getchar$0$0                      lab3_2
C:   00000103  _getchar                           lab3_2
C:   00000106  A$lab3-2$1244                      lab3_2
C:   00000108  A$lab3-2$1248                      lab3_2
C:   00000108  C$c8051_SDCC.h$113$1$24            lab3_2
C:   0000010B  A$lab3-2$1251                      lab3_2
C:   0000010B  C$c8051_SDCC.h$114$1$24            lab3_2
C:   0000010E  A$lab3-2$1254                      lab3_2
C:   0000010E  C$c8051_SDCC.h$115$1$24            lab3_2
C:   00000111  A$lab3-2$1257                      lab3_2
C:   00000111  C$c8051_SDCC.h$116$1$24            lab3_2
C:   00000111  XG$getchar$0$0                     lab3_2
C:   00000112  A$lab3-2$1274                      lab3_2
C:   00000112  C$i2c.h$81$1$24                    lab3_2
C:   00000112  G$lcd_print$0$0                    lab3_2
C:   00000112  _lcd_print                         lab3_2
C:   00000114  A$lab3-2$1275                      lab3_2
C:   00000117  A$lab3-2$1278                      lab3_2
C:   00000117  C$i2c.h$87$1$73                    lab3_2
C:   00000119  A$lab3-2$1279                      lab3_2
C:   0000011B  A$lab3-2$1280                      lab3_2
C:   0000011C  A$lab3-2$1281                      lab3_2
ASxxxx Linker V03.00 + NoICE + sdld,  page 31.
Hexadecimal  [32-Bits]

Area                                    Addr        Size        Decimal Bytes (Attributes)
--------------------------------        ----        ----        ------- ----- ------------
CSEG                                000000B6    00000E06 =        3590. bytes (REL,CON,CODE)

      Value  Global                              Global Defined In Module
      -----  --------------------------------   ------------------------
C:   0000011E  A$lab3-2$1282                      lab3_2
C:   0000011F  A$lab3-2$1283                      lab3_2
C:   00000121  A$lab3-2$1284                      lab3_2
C:   00000122  A$lab3-2$1285                      lab3_2
C:   00000124  A$lab3-2$1286                      lab3_2
C:   00000127  A$lab3-2$1287                      lab3_2
C:   00000129  A$lab3-2$1288                      lab3_2
C:   0000012C  A$lab3-2$1289                      lab3_2
C:   0000012E  A$lab3-2$1290                      lab3_2
C:   00000130  A$lab3-2$1291                      lab3_2
C:   00000132  A$lab3-2$1295                      lab3_2
C:   00000132  C$i2c.h$89$2$74                    lab3_2
C:   00000134  A$lab3-2$1296                      lab3_2
C:   00000136  A$lab3-2$1297                      lab3_2
C:   00000137  A$lab3-2$1298                      lab3_2
C:   00000139  A$lab3-2$1301                      lab3_2
C:   00000139  C$i2c.h$90$1$73                    lab3_2
C:   0000013B  A$lab3-2$1302                      lab3_2
C:   0000013D  A$lab3-2$1303                      lab3_2
C:   0000013E  A$lab3-2$1304                      lab3_2
C:   00000140  A$lab3-2$1305                      lab3_2
C:   00000141  A$lab3-2$1306                      lab3_2
C:   00000143  A$lab3-2$1307                      lab3_2
C:   00000144  A$lab3-2$1308                      lab3_2
C:   00000146  A$lab3-2$1309                      lab3_2
C:   00000149  A$lab3-2$1310                      lab3_2
C:   0000014C  A$lab3-2$1311                      lab3_2
C:   0000014F  A$lab3-2$1314                      lab3_2
C:   0000014F  C$i2c.h$93$1$73                    lab3_2
C:   00000152  A$lab3-2$1315                      lab3_2
C:   00000155  A$lab3-2$1316                      lab3_2
C:   00000158  A$lab3-2$1317                      lab3_2
C:   0000015A  A$lab3-2$1320                      lab3_2
C:   0000015C  A$lab3-2$1322                      lab3_2
C:   0000015D  A$lab3-2$1323                      lab3_2
C:   0000015E  A$lab3-2$1324                      lab3_2
C:   0000015F  A$lab3-2$1325                      lab3_2
C:   00000161  A$lab3-2$1328                      lab3_2
C:   00000161  C$i2c.h$96$2$76                    lab3_2
C:   00000162  A$lab3-2$1329                      lab3_2
C:   00000164  A$lab3-2$1330                      lab3_2
C:   00000166  A$lab3-2$1331                      lab3_2
C:   00000167  A$lab3-2$1332                      lab3_2
C:   00000169  A$lab3-2$1333                      lab3_2
C:   0000016B  A$lab3-2$1334                      lab3_2
C:   0000016C  A$lab3-2$1335                      lab3_2
C:   0000016D  A$lab3-2$1336                      lab3_2
C:   00000170  A$lab3-2$1337                      lab3_2
C:   00000171  A$lab3-2$1338                      lab3_2
C:   00000173  A$lab3-2$1339                      lab3_2
C:   00000175  A$lab3-2$1340                      lab3_2
ASxxxx Linker V03.00 + NoICE + sdld,  page 32.
Hexadecimal  [32-Bits]

Area                                    Addr        Size        Decimal Bytes (Attributes)
--------------------------------        ----        ----        ------- ----- ------------
CSEG                                000000B6    00000E06 =        3590. bytes (REL,CON,CODE)

      Value  Global                              Global Defined In Module
      -----  --------------------------------   ------------------------
C:   00000176  A$lab3-2$1341                      lab3_2
C:   00000178  A$lab3-2$1342                      lab3_2
C:   0000017A  A$lab3-2$1343                      lab3_2
C:   0000017C  A$lab3-2$1344                      lab3_2
C:   0000017D  A$lab3-2$1348                      lab3_2
C:   0000017D  C$i2c.h$94$1$73                    lab3_2
C:   0000017E  A$lab3-2$1349                      lab3_2
C:   00000180  A$lab3-2$1353                      lab3_2
C:   00000180  C$i2c.h$99$1$73                    lab3_2
C:   00000183  A$lab3-2$1354                      lab3_2
C:   00000186  A$lab3-2$1355                      lab3_2
C:   00000189  A$lab3-2$1356                      lab3_2
C:   0000018C  A$lab3-2$1357                      lab3_2
C:   0000018E  A$lab3-2$1358                      lab3_2
C:   00000191  A$lab3-2$1359                      lab3_2
C:   00000194  A$lab3-2$1361                      lab3_2
C:   00000196  A$lab3-2$1364                      lab3_2
C:   00000196  C$i2c.h$100$1$73                   lab3_2
C:   00000196  XG$lcd_print$0$0                   lab3_2
C:   00000197  A$lab3-2$1380                      lab3_2
C:   00000197  C$i2c.h$103$1$73                   lab3_2
C:   00000197  C$i2c.h$105$1$73                   lab3_2
C:   00000197  G$lcd_clear$0$0                    lab3_2
C:   00000197  _lcd_clear                         lab3_2
C:   0000019A  A$lab3-2$1384                      lab3_2
C:   0000019A  C$i2c.h$107$1$77                   lab3_2
C:   0000019C  A$lab3-2$1385                      lab3_2
C:   0000019E  A$lab3-2$1386                      lab3_2
C:   000001A0  A$lab3-2$1387                      lab3_2
C:   000001A3  A$lab3-2$1388                      lab3_2
C:   000001A6  A$lab3-2$1389                      lab3_2
C:   000001A9  A$lab3-2$1390                      lab3_2
C:   000001AC  A$lab3-2$1391                      lab3_2
C:   000001AF  A$lab3-2$1392                      lab3_2
C:   000001B2  A$lab3-2$1393                      lab3_2
C:   000001B5  A$lab3-2$1394                      lab3_2
C:   000001B7  A$lab3-2$1398                      lab3_2
C:   000001B7  C$i2c.h$109$1$77                   lab3_2
C:   000001BA  A$lab3-2$1401                      lab3_2
C:   000001BA  C$i2c.h$110$1$77                   lab3_2
C:   000001BD  A$lab3-2$1402                      lab3_2
C:   000001C0  A$lab3-2$1403                      lab3_2
C:   000001C3  A$lab3-2$1404                      lab3_2
C:   000001C6  A$lab3-2$1405                      lab3_2
C:   000001C9  A$lab3-2$1406                      lab3_2
C:   000001CC  A$lab3-2$1407                      lab3_2
C:   000001CF  A$lab3-2$1410                      lab3_2
C:   000001CF  C$i2c.h$111$1$77                   lab3_2
C:   000001CF  XG$lcd_clear$0$0                   lab3_2
C:   000001D0  A$lab3-2$1426                      lab3_2
C:   000001D0  C$i2c.h$114$1$77                   lab3_2
ASxxxx Linker V03.00 + NoICE + sdld,  page 33.
Hexadecimal  [32-Bits]

Area                                    Addr        Size        Decimal Bytes (Attributes)
--------------------------------        ----        ----        ------- ----- ------------
CSEG                                000000B6    00000E06 =        3590. bytes (REL,CON,CODE)

      Value  Global                              Global Defined In Module
      -----  --------------------------------   ------------------------
C:   000001D0  C$i2c.h$118$1$78                   lab3_2
C:   000001D0  G$read_keypad$0$0                  lab3_2
C:   000001D0  _read_keypad                       lab3_2
C:   000001D3  A$lab3-2$1427                      lab3_2
C:   000001D6  A$lab3-2$1428                      lab3_2
C:   000001D9  A$lab3-2$1429                      lab3_2
C:   000001DC  A$lab3-2$1430                      lab3_2
C:   000001DF  A$lab3-2$1431                      lab3_2
C:   000001E2  A$lab3-2$1432                      lab3_2
C:   000001E5  A$lab3-2$1435                      lab3_2
C:   000001E5  C$i2c.h$119$1$78                   lab3_2
C:   000001E7  A$lab3-2$1436                      lab3_2
C:   000001EA  A$lab3-2$1437                      lab3_2
C:   000001ED  A$lab3-2$1438                      lab3_2
C:   000001EF  A$lab3-2$1442                      lab3_2
C:   000001F1  A$lab3-2$1443                      lab3_2
C:   000001F3  A$lab3-2$1447                      lab3_2
C:   000001F3  C$i2c.h$123$2$79                   lab3_2
C:   000001F5  A$lab3-2$1448                      lab3_2
C:   000001F7  A$lab3-2$1449                      lab3_2
C:   000001F9  A$lab3-2$1450                      lab3_2
C:   000001FB  A$lab3-2$1451                      lab3_2
C:   000001FD  A$lab3-2$1453                      lab3_2
C:   000001FE  A$lab3-2$1454                      lab3_2
C:   000001FF  A$lab3-2$1455                      lab3_2
C:   00000200  A$lab3-2$1456                      lab3_2
C:   00000201  A$lab3-2$1457                      lab3_2
C:   00000202  A$lab3-2$1458                      lab3_2
C:   00000203  A$lab3-2$1460                      lab3_2
C:   00000206  A$lab3-2$1461                      lab3_2
C:   00000208  A$lab3-2$1462                      lab3_2
C:   0000020A  A$lab3-2$1463                      lab3_2
C:   0000020B  A$lab3-2$1464                      lab3_2
C:   0000020D  A$lab3-2$1465                      lab3_2
C:   0000020E  A$lab3-2$1466                      lab3_2
C:   00000210  A$lab3-2$1467                      lab3_2
C:   00000211  A$lab3-2$1468                      lab3_2
C:   00000212  A$lab3-2$1469                      lab3_2
C:   00000214  A$lab3-2$1472                      lab3_2
C:   00000214  C$i2c.h$124$2$79                   lab3_2
C:   00000216  A$lab3-2$1473                      lab3_2
C:   00000217  A$lab3-2$1474                      lab3_2
C:   00000219  A$lab3-2$1475                      lab3_2
C:   0000021B  A$lab3-2$1479                      lab3_2
C:   0000021B  C$i2c.h$121$1$78                   lab3_2
C:   0000021C  A$lab3-2$1480                      lab3_2
C:   0000021E  A$lab3-2$1481                      lab3_2
C:   00000221  A$lab3-2$1483                      lab3_2
C:   00000223  A$lab3-2$1486                      lab3_2
C:   00000223  C$i2c.h$127$1$78                   lab3_2
C:   00000225  A$lab3-2$1487                      lab3_2
ASxxxx Linker V03.00 + NoICE + sdld,  page 34.
Hexadecimal  [32-Bits]

Area                                    Addr        Size        Decimal Bytes (Attributes)
--------------------------------        ----        ----        ------- ----- ------------
CSEG                                000000B6    00000E06 =        3590. bytes (REL,CON,CODE)

      Value  Global                              Global Defined In Module
      -----  --------------------------------   ------------------------
C:   00000228  A$lab3-2$1488                      lab3_2
C:   0000022B  A$lab3-2$1489                      lab3_2
C:   0000022D  A$lab3-2$1493                      lab3_2
C:   0000022D  C$i2c.h$129$1$78                   lab3_2
C:   0000022F  A$lab3-2$1494                      lab3_2
C:   00000232  A$lab3-2$1495                      lab3_2
C:   00000235  A$lab3-2$1496                      lab3_2
C:   00000237  A$lab3-2$1500                      lab3_2
C:   00000237  C$i2c.h$131$1$78                   lab3_2
C:   00000239  A$lab3-2$1501                      lab3_2
C:   0000023C  A$lab3-2$1502                      lab3_2
C:   0000023F  A$lab3-2$1503                      lab3_2
C:   00000241  A$lab3-2$1507                      lab3_2
C:   00000241  C$i2c.h$133$1$78                   lab3_2
C:   00000243  A$lab3-2$1508                      lab3_2
C:   00000246  A$lab3-2$1509                      lab3_2
C:   00000249  A$lab3-2$1510                      lab3_2
C:   0000024B  A$lab3-2$1514                      lab3_2
C:   0000024B  C$i2c.h$135$1$78                   lab3_2
C:   0000024E  A$lab3-2$1518                      lab3_2
C:   0000024E  C$i2c.h$136$1$78                   lab3_2
C:   0000024E  XG$read_keypad$0$0                 lab3_2
C:   0000024F  A$lab3-2$1534                      lab3_2
C:   0000024F  C$i2c.h$148$1$78                   lab3_2
C:   0000024F  G$kpd_input$0$0                    lab3_2
C:   0000024F  _kpd_input                         lab3_2
C:   00000251  A$lab3-2$1539                      lab3_2
C:   00000251  C$i2c.h$153$1$81                   lab3_2
C:   00000251  C$i2c.h$156$1$81                   lab3_2
C:   00000252  A$lab3-2$1540                      lab3_2
C:   00000253  A$lab3-2$1541                      lab3_2
C:   00000254  A$lab3-2$1542                      lab3_2
C:   00000255  A$lab3-2$1543                      lab3_2
C:   00000257  A$lab3-2$1544                      lab3_2
C:   00000259  A$lab3-2$1545                      lab3_2
C:   0000025B  A$lab3-2$1546                      lab3_2
C:   0000025D  A$lab3-2$1547                      lab3_2
C:   0000025F  A$lab3-2$1548                      lab3_2
C:   00000261  A$lab3-2$1549                      lab3_2
C:   00000263  A$lab3-2$1550                      lab3_2
C:   00000265  A$lab3-2$1551                      lab3_2
C:   00000267  A$lab3-2$1552                      lab3_2
C:   0000026A  A$lab3-2$1553                      lab3_2
C:   0000026C  A$lab3-2$1554                      lab3_2
C:   0000026E  A$lab3-2$1555                      lab3_2
C:   00000270  A$lab3-2$1556                      lab3_2
C:   00000272  A$lab3-2$1557                      lab3_2
C:   00000274  A$lab3-2$1561                      lab3_2
C:   00000274  C$i2c.h$158$1$81                   lab3_2
C:   00000276  A$lab3-2$1562                      lab3_2
C:   00000278  A$lab3-2$1563                      lab3_2
ASxxxx Linker V03.00 + NoICE + sdld,  page 35.
Hexadecimal  [32-Bits]

Area                                    Addr        Size        Decimal Bytes (Attributes)
--------------------------------        ----        ----        ------- ----- ------------
CSEG                                000000B6    00000E06 =        3590. bytes (REL,CON,CODE)

      Value  Global                              Global Defined In Module
      -----  --------------------------------   ------------------------
C:   0000027A  A$lab3-2$1564                      lab3_2
C:   0000027C  A$lab3-2$1565                      lab3_2
C:   0000027D  A$lab3-2$1566                      lab3_2
C:   0000027F  A$lab3-2$1567                      lab3_2
C:   00000281  A$lab3-2$1568                      lab3_2
C:   00000283  A$lab3-2$1569                      lab3_2
C:   00000284  A$lab3-2$1570                      lab3_2
C:   00000286  A$lab3-2$1571                      lab3_2
C:   00000288  A$lab3-2$1572                      lab3_2
C:   0000028A  A$lab3-2$1573                      lab3_2
C:   0000028B  A$lab3-2$1574                      lab3_2
C:   0000028D  A$lab3-2$1575                      lab3_2
C:   0000028F  A$lab3-2$1576                      lab3_2
C:   00000291  A$lab3-2$1577                      lab3_2
C:   00000292  A$lab3-2$1578                      lab3_2
C:   00000294  A$lab3-2$1579                      lab3_2
C:   00000296  A$lab3-2$1580                      lab3_2
C:   00000298  A$lab3-2$1581                      lab3_2
C:   00000299  A$lab3-2$1582                      lab3_2
C:   0000029B  A$lab3-2$1583                      lab3_2
C:   0000029D  A$lab3-2$1584                      lab3_2
C:   0000029F  A$lab3-2$1585                      lab3_2
C:   000002A1  A$lab3-2$1586                      lab3_2
C:   000002A3  A$lab3-2$1587                      lab3_2
C:   000002A5  A$lab3-2$1588                      lab3_2
C:   000002A7  A$lab3-2$1589                      lab3_2
C:   000002AA  A$lab3-2$1590                      lab3_2
C:   000002AC  A$lab3-2$1591                      lab3_2
C:   000002AE  A$lab3-2$1592                      lab3_2
C:   000002B0  A$lab3-2$1595                      lab3_2
C:   000002B0  C$i2c.h$160$1$81                   lab3_2
C:   000002B3  A$lab3-2$1596                      lab3_2
C:   000002B6  A$lab3-2$1597                      lab3_2
C:   000002B7  A$lab3-2$1598                      lab3_2
C:   000002BA  A$lab3-2$1599                      lab3_2
C:   000002BC  A$lab3-2$1600                      lab3_2
C:   000002BE  A$lab3-2$1603                      lab3_2
C:   000002C0  A$lab3-2$1607                      lab3_2
C:   000002C0  C$i2c.h$166$3$84                   lab3_2
C:   000002C2  A$lab3-2$1608                      lab3_2
C:   000002C4  A$lab3-2$1609                      lab3_2
C:   000002C6  A$lab3-2$1610                      lab3_2
C:   000002C9  A$lab3-2$1611                      lab3_2
C:   000002CB  A$lab3-2$1612                      lab3_2
C:   000002CD  A$lab3-2$1613                      lab3_2
C:   000002CF  A$lab3-2$1614                      lab3_2
C:   000002D1  A$lab3-2$1615                      lab3_2
C:   000002D3  A$lab3-2$1616                      lab3_2
C:   000002D6  A$lab3-2$1617                      lab3_2
C:   000002D8  A$lab3-2$1619                      lab3_2
C:   000002DB  A$lab3-2$1621                      lab3_2
ASxxxx Linker V03.00 + NoICE + sdld,  page 36.
Hexadecimal  [32-Bits]

Area                                    Addr        Size        Decimal Bytes (Attributes)
--------------------------------        ----        ----        ------- ----- ------------
CSEG                                000000B6    00000E06 =        3590. bytes (REL,CON,CODE)

      Value  Global                              Global Defined In Module
      -----  --------------------------------   ------------------------
C:   000002DE  A$lab3-2$1622                      lab3_2
C:   000002DF  A$lab3-2$1623                      lab3_2
C:   000002E1  A$lab3-2$1624                      lab3_2
C:   000002E3  A$lab3-2$1625                      lab3_2
C:   000002E5  A$lab3-2$1626                      lab3_2
C:   000002E7  A$lab3-2$1627                      lab3_2
C:   000002EA  A$lab3-2$1628                      lab3_2
C:   000002EC  A$lab3-2$1629                      lab3_2
C:   000002EE  A$lab3-2$1630                      lab3_2
C:   000002F0  A$lab3-2$1631                      lab3_2
C:   000002F2  A$lab3-2$1635                      lab3_2
C:   000002F2  C$i2c.h$167$2$82                   lab3_2
C:   000002F5  A$lab3-2$1639                      lab3_2
C:   000002F5  C$i2c.h$169$3$83                   lab3_2
C:   000002F7  A$lab3-2$1640                      lab3_2
C:   000002F9  A$lab3-2$1641                      lab3_2
C:   000002FC  A$lab3-2$1642                      lab3_2
C:   000002FE  A$lab3-2$1643                      lab3_2
C:   00000300  A$lab3-2$1644                      lab3_2
C:   00000302  A$lab3-2$1645                      lab3_2
C:   00000305  A$lab3-2$1646                      lab3_2
C:   00000308  A$lab3-2$1647                      lab3_2
C:   00000309  A$lab3-2$1648                      lab3_2
[...]
C:   000005F9  A$lab3-2$2329                      lab3_2
C:   000005FB  A$lab3-2$2330                      lab3_2
ASxxxx Linker V03.00 + NoICE + sdld,  page 46.
Hexadecimal  [32-Bits]

Area                                    Addr        Size        Decimal Bytes (Attributes)
--------------------------------        ----        ----        ------- ----- ------------
CSEG                                000000B6    00000E06 =        3590. bytes (REL,CON,CODE)

      Value  Global                              Global Defined In Module
      -----  --------------------------------   ------------------------
C:   000005FD  A$lab3-2$2331                      lab3_2
C:   000005FF  A$lab3-2$2332                      lab3_2
C:   00000601  A$lab3-2$2333                      lab3_2
C:   00000603  A$lab3-2$2334                      lab3_2
C:   00000606  A$lab3-2$2335                      lab3_2
C:   00000608  A$lab3-2$2336                      lab3_2
C:   0000060A  A$lab3-2$2337                      lab3_2
C:   0000060C  A$lab3-2$2338                      lab3_2
C:   0000060E  A$lab3-2$2341                      lab3_2
C:   0000060E  C$lab3_2.c$60$2$110                lab3_2
C:   0000060F  A$lab3-2$2342                      lab3_2
C:   00000611  A$lab3-2$2343                      lab3_2
C:   00000613  A$lab3-2$2347                      lab3_2
C:   00000613  C$lab3_2.c$61$2$110                lab3_2
C:   00000614  A$lab3-2$2348                      lab3_2
C:   00000616  A$lab3-2$2349                      lab3_2
C:   00000618  A$lab3-2$2350                      lab3_2
C:   00000619  A$lab3-2$2351                      lab3_2
C:   0000061B  A$lab3-2$2352                      lab3_2
C:   0000061D  A$lab3-2$2355                      lab3_2
C:   0000061D  C$lab3_2.c$65$2$110                lab3_2
C:   0000061F  A$lab3-2$2356                      lab3_2
C:   00000621  A$lab3-2$2357                      lab3_2
C:   00000623  A$lab3-2$2358                      lab3_2
C:   00000625  A$lab3-2$2359                      lab3_2
C:   00000627  A$lab3-2$2360                      lab3_2
C:   00000629  A$lab3-2$2361                      lab3_2
C:   0000062B  A$lab3-2$2362                      lab3_2
C:   0000062D  A$lab3-2$2363                      lab3_2
C:   0000062F  A$lab3-2$2364                      lab3_2
C:   00000632  A$lab3-2$2365                      lab3_2
C:   00000634  A$lab3-2$2366                      lab3_2
C:   00000636  A$lab3-2$2367                      lab3_2
C:   00000638  A$lab3-2$2370                      lab3_2
C:   00000638  C$lab3_2.c$68$2$110                lab3_2
C:   0000063B  A$lab3-2$2371                      lab3_2
C:   0000063D  A$lab3-2$2372                      lab3_2
C:   0000063F  A$lab3-2$2375                      lab3_2
C:   0000063F  C$lab3_2.c$73$2$110                lab3_2
C:   00000641  A$lab3-2$2376                      lab3_2
C:   00000643  A$lab3-2$2377                      lab3_2
C:   00000645  A$lab3-2$2378                      lab3_2
C:   00000647  A$lab3-2$2379                      lab3_2
C:   00000649  A$lab3-2$2380                      lab3_2
C:   0000064B  A$lab3-2$2381                      lab3_2
C:   0000064D  A$lab3-2$2382                      lab3_2
C:   0000064F  A$lab3-2$2383                      lab3_2
C:   00000652  A$lab3-2$2384                      lab3_2
C:   00000654  A$lab3-2$2385                      lab3_2
C:   00000656  A$lab3-2$2386                      lab3_2
C:   00000658  A$lab3-2$2387                      lab3_2
ASxxxx Linker V03.00 + NoICE + sdld,  page 47.
Hexadecimal  [32-Bits]

Area                                    Addr        Size        Decimal Bytes (Attributes)
--------------------------------        ----        ----        ------- ----- ------------
CSEG                                000000B6    00000E06 =        3590. bytes (REL,CON,CODE)

      Value  Global                              Global Defined In Module
      -----  --------------------------------   ------------------------
C:   0000065A  A$lab3-2$2388                      lab3_2
C:   0000065D  A$lab3-2$2391                      lab3_2
C:   0000065D  C$lab3_2.c$76$1$109                lab3_2
C:   0000065D  XG$main$0$0                        lab3_2
C:   0000065E  A$lab3-2$2408                      lab3_2
C:   0000065E  C$lab3_2.c$81$1$109                lab3_2
C:   0000065E  C$lab3_2.c$87$1$112                lab3_2
C:   0000065E  G$ReadRanger$0$0                   lab3_2
C:   0000065E  _ReadRanger                        lab3_2
C:   00000660  A$lab3-2$2409                      lab3_2
C:   00000662  A$lab3-2$2410                      lab3_2
C:   00000664  A$lab3-2$2411                      lab3_2
C:   00000666  A$lab3-2$2412                      lab3_2
C:   00000668  A$lab3-2$2413                      lab3_2
C:   0000066A  A$lab3-2$2414                      lab3_2
C:   0000066D  A$lab3-2$2415                      lab3_2
C:   0000066F  A$lab3-2$2416                      lab3_2
C:   00000671  A$lab3-2$2417                      lab3_2
C:   00000673  A$lab3-2$2420                      lab3_2
C:   00000673  C$lab3_2.c$89$1$112                lab3_2
C:   00000676  A$lab3-2$2421                      lab3_2
C:   00000679  A$lab3-2$2422                      lab3_2
C:   0000067C  A$lab3-2$2423                      lab3_2
C:   0000067F  A$lab3-2$2424                      lab3_2
C:   00000682  A$lab3-2$2425                      lab3_2
C:   00000685  A$lab3-2$2426                      lab3_2
C:   00000688  A$lab3-2$2429                      lab3_2
C:   00000688  C$lab3_2.c$91$1$112                lab3_2
C:   0000068A  A$lab3-2$2430                      lab3_2
C:   0000068C  A$lab3-2$2431                      lab3_2
C:   0000068E  A$lab3-2$2432                      lab3_2
C:   00000690  A$lab3-2$2433                      lab3_2
C:   00000692  A$lab3-2$2434                      lab3_2
C:   00000694  A$lab3-2$2435                      lab3_2
C:   00000697  A$lab3-2$2436                      lab3_2
C:   00000699  A$lab3-2$2437                      lab3_2
C:   0000069B  A$lab3-2$2438                      lab3_2
C:   0000069D  A$lab3-2$2441                      lab3_2
C:   0000069D  C$lab3_2.c$92$1$112                lab3_2
C:   0000069F  A$lab3-2$2442                      lab3_2
C:   000006A1  A$lab3-2$2443                      lab3_2
C:   000006A3  A$lab3-2$2444                      lab3_2
C:   000006A5  A$lab3-2$2445                      lab3_2
C:   000006A6  A$lab3-2$2446                      lab3_2
C:   000006A8  A$lab3-2$2447                      lab3_2
C:   000006A9  A$lab3-2$2448                      lab3_2
C:   000006AB  A$lab3-2$2451                      lab3_2
C:   000006AB  C$lab3_2.c$94$1$112                lab3_2
C:   000006AD  A$lab3-2$2452                      lab3_2
C:   000006AF  A$lab3-2$2453                      lab3_2
C:   000006B1  A$lab3-2$2454                      lab3_2
ASxxxx Linker V03.00 + NoICE + sdld,  page 48.
Hexadecimal  [32-Bits]

Area                                    Addr        Size        Decimal Bytes (Attributes)
--------------------------------        ----        ----        ------- ----- ------------
CSEG                                000000B6    00000E06 =        3590. bytes (REL,CON,CODE)

      Value  Global                              Global Defined In Module
      -----  --------------------------------   ------------------------
C:   000006B3  A$lab3-2$2455                      lab3_2
C:   000006B5  A$lab3-2$2456                      lab3_2
C:   000006B7  A$lab3-2$2457                      lab3_2
C:   000006B9  A$lab3-2$2458                      lab3_2
C:   000006BB  A$lab3-2$2459                      lab3_2
C:   000006BE  A$lab3-2$2460                      lab3_2
C:   000006C0  A$lab3-2$2461                      lab3_2
C:   000006C2  A$lab3-2$2462                      lab3_2
C:   000006C4  A$lab3-2$2463                      lab3_2
C:   000006C6  A$lab3-2$2464                      lab3_2
C:   000006C8  A$lab3-2$2467                      lab3_2
C:   000006C8  C$lab3_2.c$95$1$112                lab3_2
C:   000006CA  A$lab3-2$2468                      lab3_2
C:   000006CC  A$lab3-2$2471                      lab3_2
C:   000006CC  C$lab3_2.c$96$1$112                lab3_2
C:   000006CC  XG$ReadRanger$0$0                  lab3_2
C:   000006CD  A$lab3-2$2486                      lab3_2
C:   000006CD  C$lab3_2.c$107$1$112               lab3_2
C:   000006CD  C$lab3_2.c$111$1$113               lab3_2
C:   000006CD  G$Drive_Motor$0$0                  lab3_2
C:   000006CD  _Drive_Motor                       lab3_2
C:   000006D0  A$lab3-2$2487                      lab3_2
C:   000006D2  A$lab3-2$2490                      lab3_2
C:   000006D2  C$lab3_2.c$112$1$113               lab3_2
C:   000006D5  A$lab3-2$2493                      lab3_2
C:   000006D5  C$lab3_2.c$114$2$114               lab3_2
C:   000006D6  A$lab3-2$2494                      lab3_2
C:   000006D8  A$lab3-2$2495                      lab3_2
C:   000006DA  A$lab3-2$2496                      lab3_2
C:   000006DC  A$lab3-2$2497                      lab3_2
C:   000006DE  A$lab3-2$2498                      lab3_2
C:   000006E0  A$lab3-2$2501                      lab3_2
C:   000006E0  C$lab3_2.c$115$2$114               lab3_2
C:   000006E2  A$lab3-2$2502                      lab3_2
C:   000006E4  A$lab3-2$2503                      lab3_2
C:   000006E6  A$lab3-2$2504                      lab3_2
C:   000006E7  A$lab3-2$2505                      lab3_2
C:   000006E9  A$lab3-2$2506                      lab3_2
C:   000006EB  A$lab3-2$2507                      lab3_2
C:   000006ED  A$lab3-2$2511                      lab3_2
C:   000006ED  C$lab3_2.c$117$1$113               lab3_2
C:   000006F0  A$lab3-2$2514                      lab3_2
C:   000006F0  C$lab3_2.c$119$2$115               lab3_2
C:   000006F1  A$lab3-2$2515                      lab3_2
C:   000006F3  A$lab3-2$2516                      lab3_2
C:   000006F5  A$lab3-2$2517                      lab3_2
C:   000006F7  A$lab3-2$2518                      lab3_2
C:   000006F9  A$lab3-2$2519                      lab3_2
C:   000006FB  A$lab3-2$2522                      lab3_2
C:   000006FB  C$lab3_2.c$120$2$115               lab3_2
C:   000006FD  A$lab3-2$2523                      lab3_2
ASxxxx Linker V03.00 + NoICE + sdld,  page 49.
Hexadecimal  [32-Bits]

Area                                    Addr        Size        Decimal Bytes (Attributes)
--------------------------------        ----        ----        ------- ----- ------------
CSEG                                000000B6    00000E06 =        3590. bytes (REL,CON,CODE)

      Value  Global                              Global Defined In Module
      -----  --------------------------------   ------------------------
C:   000006FF  A$lab3-2$2524                      lab3_2
C:   00000701  A$lab3-2$2525                      lab3_2
C:   00000703  A$lab3-2$2526                      lab3_2
C:   00000705  A$lab3-2$2527                      lab3_2
C:   00000707  A$lab3-2$2531                      lab3_2
C:   00000707  C$lab3_2.c$122$1$113               lab3_2
C:   00000709  A$lab3-2$2532                      lab3_2
C:   0000070A  A$lab3-2$2533                      lab3_2
C:   0000070C  A$lab3-2$2534                      lab3_2
C:   0000070E  A$lab3-2$2535                      lab3_2
C:   00000710  A$lab3-2$2536                      lab3_2
C:   00000712  A$lab3-2$2537                      lab3_2
C:   00000714  A$lab3-2$2540                      lab3_2
C:   00000714  C$lab3_2.c$123$1$113               lab3_2
C:   00000714  XG$Drive_Motor$0$0                 lab3_2
C:   00000715  A$lab3-2$2553                      lab3_2
C:   00000715  C$lab3_2.c$133$1$113               lab3_2
C:   00000715  C$lab3_2.c$135$1$116               lab3_2
C:   00000715  G$Port_Init$0$0                    lab3_2
C:   00000715  _Port_Init                         lab3_2
C:   00000718  A$lab3-2$2556                      lab3_2
C:   00000718  C$lab3_2.c$137$1$116               lab3_2
C:   00000718  XG$Port_Init$0$0                   lab3_2
C:   00000719  A$lab3-2$2569                      lab3_2
C:   00000719  C$lab3_2.c$147$1$116               lab3_2
C:   00000719  C$lab3_2.c$149$1$117               lab3_2
C:   00000719  G$XBR0_Init$0$0                    lab3_2
C:   00000719  _XBR0_Init                         lab3_2
C:   0000071C  A$lab3-2$2572                      lab3_2
C:   0000071C  C$lab3_2.c$151$1$117               lab3_2
C:   0000071C  XG$XBR0_Init$0$0                   lab3_2
C:   0000071D  A$lab3-2$2585                      lab3_2
C:   0000071D  C$lab3_2.c$162$1$117               lab3_2
C:   0000071D  C$lab3_2.c$164$1$119               lab3_2
C:   0000071D  G$PCA_Init$0$0                     lab3_2
C:   0000071D  _PCA_Init                          lab3_2
C:   00000720  A$lab3-2$2588                      lab3_2
C:   00000720  C$lab3_2.c$165$1$119               lab3_2
C:   00000723  A$lab3-2$2591                      lab3_2
C:   00000723  C$lab3_2.c$166$1$119               lab3_2
C:   00000726  A$lab3-2$2594                      lab3_2
C:   00000726  C$lab3_2.c$167$1$119               lab3_2
C:   00000729  A$lab3-2$2597                      lab3_2
C:   00000729  C$lab3_2.c$168$1$119               lab3_2
C:   0000072B  A$lab3-2$2600                      lab3_2
C:   0000072B  C$lab3_2.c$173$1$119               lab3_2
C:   0000072B  XG$PCA_Init$0$0                    lab3_2
C:   0000072C  A$lab3-2$2611                      lab3_2
C:   0000072C  C$lab3_2.c$183$1$119               lab3_2
C:   0000072C  G$PCA_ISR$0$0                      lab3_2
C:   0000072C  _PCA_ISR                           lab3_2
ASxxxx Linker V03.00 + NoICE + sdld,  page 50.
Hexadecimal  [32-Bits]

Area                                    Addr        Size        Decimal Bytes (Attributes)
--------------------------------        ----        ----        ------- ----- ------------
CSEG                                000000B6    00000E06 =        3590. bytes (REL,CON,CODE)

      Value  Global                              Global Defined In Module
      -----  --------------------------------   ------------------------
C:   0000072E  A$lab3-2$2612                      lab3_2
C:   00000730  A$lab3-2$2615                      lab3_2
C:   00000730  C$lab3_2.c$187$1$121               lab3_2
C:   00000733  A$lab3-2$2618                      lab3_2
C:   00000733  C$lab3_2.c$189$2$122               lab3_2
C:   00000735  A$lab3-2$2619                      lab3_2
C:   00000736  A$lab3-2$2620                      lab3_2
C:   00000739  A$lab3-2$2621                      lab3_2
C:   0000073B  A$lab3-2$2625                      lab3_2
C:   0000073B  C$lab3_2.c$190$2$122               lab3_2
C:   0000073D  A$lab3-2$2628                      lab3_2
C:   0000073D  C$lab3_2.c$191$2$122               lab3_2
C:   00000740  A$lab3-2$2629                      lab3_2
C:   00000743  A$lab3-2$2633                      lab3_2
C:   00000743  C$lab3_2.c$194$1$121               lab3_2
C:   00000746  A$lab3-2$2634                      lab3_2
C:   00000748  A$lab3-2$2635                      lab3_2
C:   0000074A  A$lab3-2$2638                      lab3_2
C:   0000074A  C$lab3_2.c$198$1$121               lab3_2
C:   0000074A  XG$PCA_ISR$0$0                     lab3_2
C:   0000074B  A$lab3-2$2655                      lab3_2
C:   0000074B  C$lab3_2.c$208$1$121               lab3_2
C:   0000074B  C$lab3_2.c$210$1$123               lab3_2
C:   0000074B  G$SMB0_Init$0$0                    lab3_2
C:   0000074B  _SMB0_Init                         lab3_2
C:   0000074E  A$lab3-2$2658                      lab3_2
C:   0000074E  C$lab3_2.c$211$1$123               lab3_2
C:   00000750  A$lab3-2$2661                      lab3_2
C:   00000750  C$lab3_2.c$212$1$123               lab3_2
C:   00000750  XG$SMB0_Init$0$0                   lab3_2
C:   00000751  __gptrput                          _gptrput
C:   0000076C  __mulint                           _mulint
C:   0000076C  __mulint_dummy                     _mulint
C:   000007F9  _vsprintf                          sprintf
C:   00000836  _sprintf                           sprintf
C:   0000088F  _vprintf                           vprintf
C:   000008A8  _printf                            vprintf
C:   0000097A  __print_format                     printf_large
C:   00000E84  _strlen                            _strlen
C:   00000E9C  __gptrget                          _gptrget
C:   00000EB8  __sdcc_external_startup            _startup

ASxxxx Linker V03.00 + NoICE + sdld,  page 51.
Hexadecimal  [32-Bits]

Area                                    Addr        Size        Decimal Bytes (Attributes)
--------------------------------        ----        ----        ------- ----- ------------
CONST                               00000EBC    00000099 =         153. bytes (REL,CON,CODE)

      Value  Global                              Global Defined In Module
      -----  --------------------------------   ------------------------
C:   00000EBC  Flab3_2$__str_0$0$0                lab3_2
C:   00000ED2  Flab3_2$__str_1$0$0                lab3_2
C:   00000EE2  Flab3_2$__str_2$0$0                lab3_2
C:   00000EE5  Flab3_2$__str_3$0$0                lab3_2
C:   00000F0C  Flab3_2$__str_4$0$0                lab3_2
C:   00000F1C  Flab3_2$__str_5$0$0                lab3_2
C:   00000F2C  Flab3_2$__str_6$0$0                lab3_2
C:   00000F37  Flab3_2$__str_7$0$0                lab3_2
C:   00000F40  Flab3_2$__str_8$0$0                lab3_2
C:   00000F44  Flab3_2$__str_9$0$0                lab3_2
C:   00000F47  Flab3_2$__str_10$0$0               lab3_2

ASxxxx Linker V03.00 + NoICE + sdld,  page 52.

Files Linked                              [ module(s) ]

C:\Users\Christopher\Google Drive\School\2015 Spring - Embedded Control\Labs\03 - Pulse Width Modulation\Part 2\Code\lab3-2.rel
                                          [  ]


Libraries Linked                          [ object file ]

C:\Program Files\SDCC\bin\..\lib\small/mcs51.lib
                                          [ crtclear.rel ]
C:\Program Files\SDCC\bin\..\lib\small/mcs51.lib
                                          [ crtxinit.rel ]
C:\Program Files\SDCC\bin\..\lib\small/libsdcc.lib
                                          [ _gptrput.rel ]
C:\Program Files\SDCC\bin\..\lib\small/libint.lib
                                          [ _mulint.rel ]
C:\Program Files\SDCC\bin\..\lib\small/libsdcc.lib
                                          [ sprintf.rel ]
C:\Program Files\SDCC\bin\..\lib\small/mcs51.lib
                                          [ crtxclear.rel ]
C:\Program Files\SDCC\bin\..\lib\small/libsdcc.lib
                                          [ _bp.rel ]
C:\Program Files\SDCC\bin\..\lib\small/libsdcc.lib
                                          [ vprintf.rel ]
C:\Program Files\SDCC\bin\..\lib\small/libsdcc.lib
                                          [ printf_large.rel ]
C:\Program Files\SDCC\bin\..\lib\small/libsdcc.lib
                                          [ _strlen.rel ]
C:\Program Files\SDCC\bin\..\lib\small/mcs51.lib
                                          [ crtstart.rel ]
C:\Program Files\SDCC\bin\..\lib\small/libsdcc.lib
                                          [ _gptrget.rel ]
C:\Program Files\SDCC\bin\..\lib\small/libsdcc.lib
                                          [ _startup.rel ]

ASxxxx Linker V03.00 + NoICE + sdld,  page 53.

User Base Address Definitions

HOME = 0x0000
XSEG = 0x0001
PSEG = 0x0001
ISEG = 0x0000
BSEG = 0x0000

