ASxxxx Linker V03.00 + NoICE + sdld,  page 1.
Hexadecimal  [32-Bits]

Area                                    Addr        Size        Decimal Bytes (Attributes)
--------------------------------        ----        ----        ------- ----- ------------
CABS                                00000000    00000000 =           0. bytes (ABS,CON,CODE)

      Value  Global                              Global Defined In Module
      -----  --------------------------------   ------------------------
C:   00000000  l_BIT_BANK                      
C:   00000000  l_CABS                          
C:   00000000  l_GSINIT1                       
C:   00000000  l_GSINIT5                       
C:   00000000  l_IABS                          
C:   00000000  l_PSEG                          
C:   00000000  l_REG_BANK_1                    
C:   00000000  l_REG_BANK_2                    
C:   00000000  l_REG_BANK_3                    
C:   00000000  l_RSEG                          
C:   00000000  l_RSEG0                         
C:   00000000  l_RSEG1                         
C:   00000000  l_XABS                          
C:   00000000  l_XINIT                         
C:   00000000  l_XISEG                         
C:   00000000  l__CODE                         
C:   00000000  s_BSEG                          
C:   00000000  s_CABS                          
C:   00000000  s_DSEG                          
C:   00000000  s_HOME                          
C:   00000000  s_IABS                          
C:   00000000  s_REG_BANK_0                    
C:   00000000  s_RSEG                          
C:   00000000  s_RSEG0                         
C:   00000000  s_RSEG1                         
C:   00000000  s_XABS                          
C:   00000001  s_PSEG                          
C:   00000001  s_XSEG                          
C:   00000002  l_BSEG_BYTES                    
C:   00000003  l_GSFINAL                       
C:   00000003  l_GSINIT0                       
C:   00000006  l_ISEG                          
C:   00000006  l_OSEG                          
C:   00000008  l_REG_BANK_0                    
C:   00000008  s_REG_BANK_1                    
C:   0000000A  l_BSEG                          
C:   0000000A  l_GSINIT2                       
C:   00000010  s_REG_BANK_2                    
C:   00000014  s_OSEG                          
C:   00000018  s_BIT_BANK                      
C:   00000018  s_REG_BANK_3                    
C:   0000001A  s_ISEG                          
C:   00000020  s_BSEG_BYTES                    
C:   00000020  s__CODE                         
C:   00000022  l_GSINIT3                       
C:   0000002A  l_GSINIT4                       
C:   0000002F  l_GSINIT                        
C:   00000050  l_XSEG                          
C:   00000051  l_HOME                          
C:   00000051  s_GSINIT0                       
ASxxxx Linker V03.00 + NoICE + sdld,  page 2.
Hexadecimal  [32-Bits]

Area                                    Addr        Size        Decimal Bytes (Attributes)
--------------------------------        ----        ----        ------- ----- ------------
CABS                                00000000    00000000 =           0. bytes (ABS,CON,CODE)

      Value  Global                              Global Defined In Module
      -----  --------------------------------   ------------------------
C:   00000051  s_XISEG                         
C:   00000054  s_GSINIT1                       
C:   00000054  s_GSINIT2                       
C:   0000005E  s_GSINIT3                       
C:   00000076  s_SSEG                          
C:   00000080  l_DSEG                          
C:   00000080  s_GSINIT4                       
C:   0000008A  l_SSEG                          
C:   000000AA  s_GSINIT                        
C:   000000AA  s_GSINIT5                       
C:   000000D9  s_GSFINAL                       
C:   000000DC  s_CSEG                          
C:   00000100  l_IRAM                          
C:   0000018F  l_CONST                         
C:   000013D1  l_CSEG                          
C:   000014AD  s_CONST                         
C:   0000163C  s_XINIT                         

ASxxxx Linker V03.00 + NoICE + sdld,  page 3.
Hexadecimal  [32-Bits]

Area                                    Addr        Size        Decimal Bytes (Attributes)
--------------------------------        ----        ----        ------- ----- ------------
.  .ABS.                            00000000    00000000 =           0. bytes (ABS,CON)

      Value  Global                              Global Defined In Module
      -----  --------------------------------   ------------------------
     00000000  .__.ABS.                           _startup
     00000080  G$P0$0$0                           5Code
     00000080  G$P0_0$0$0                         5Code
     00000080  _P0                                5Code
     00000080  _P0_0                              5Code
     00000081  G$P0_1$0$0                         5Code
     00000081  G$SP$0$0                           5Code
     00000081  _P0_1                              5Code
     00000081  _SP                                5Code
     00000082  G$DPL$0$0                          5Code
     00000082  G$P0_2$0$0                         5Code
     00000082  _DPL                               5Code
     00000082  _P0_2                              5Code
     00000083  G$BUS_SCL$0$0                      5Code
     00000083  G$DPH$0$0                          5Code
     00000083  G$P0_3$0$0                         5Code
     00000083  _BUS_SCL                           5Code
     00000083  _DPH                               5Code
     00000083  _P0_3                              5Code
     00000084  G$P0_4$0$0                         5Code
     00000084  G$P4$0$0                           5Code
     00000084  _P0_4                              5Code
     00000084  _P4                                5Code
     00000085  G$P0_5$0$0                         5Code
     00000085  G$P5$0$0                           5Code
     00000085  _P0_5                              5Code
     00000085  _P5                                5Code
     00000086  G$P0_6$0$0                         5Code
     00000086  G$P6$0$0                           5Code
     00000086  _P0_6                              5Code
     00000086  _P6                                5Code
     00000087  G$P0_7$0$0                         5Code
     00000087  G$PCON$0$0                         5Code
     00000087  _P0_7                              5Code
     00000087  _PCON                              5Code
     00000088  G$IT0$0$0                          5Code
     00000088  G$TCON$0$0                         5Code
     00000088  _IT0                               5Code
     00000088  _TCON                              5Code
     00000089  G$IE0$0$0                          5Code
     00000089  G$TMOD$0$0                         5Code
     00000089  _IE0                               5Code
     00000089  _TMOD                              5Code
     0000008A  G$IT1$0$0                          5Code
     0000008A  G$TL0$0$0                          5Code
     0000008A  _IT1                               5Code
     0000008A  _TL0                               5Code
     0000008B  G$IE1$0$0                          5Code
     0000008B  G$TL1$0$0                          5Code
     0000008B  _IE1                               5Code
ASxxxx Linker V03.00 + NoICE + sdld,  page 4.
Hexadecimal  [32-Bits]

Area                                    Addr        Size        Decimal Bytes (Attributes)
--------------------------------        ----        ----        ------- ----- ------------
.  .ABS.                            00000000    00000000 =           0. bytes (ABS,CON)

      Value  Global                              Global Defined In Module
      -----  --------------------------------   ------------------------
     0000008B  _TL1                               5Code
     0000008C  G$TH0$0$0                          5Code
     0000008C  G$TR0$0$0                          5Code
     0000008C  _TH0                               5Code
     0000008C  _TR0                               5Code
     0000008D  G$TF0$0$0                          5Code
     0000008D  G$TH1$0$0                          5Code
     0000008D  _TF0                               5Code
     0000008D  _TH1                               5Code
     0000008E  G$CKCON$0$0                        5Code
     0000008E  G$TR1$0$0                          5Code
     0000008E  _CKCON                             5Code
     0000008E  _TR1                               5Code
     0000008F  G$PSCTL$0$0                        5Code
     0000008F  G$TF1$0$0                          5Code
     0000008F  _PSCTL                             5Code
     0000008F  _TF1                               5Code
     00000090  G$P1$0$0                           5Code
     00000090  G$P1_0$0$0                         5Code
     00000090  _P1                                5Code
     00000090  _P1_0                              5Code
     00000091  G$P1_1$0$0                         5Code
     00000091  G$TMR3CN$0$0                       5Code
     00000091  _P1_1                              5Code
     00000091  _TMR3CN                            5Code
     00000092  G$P1_2$0$0                         5Code
     00000092  G$TMR3RLL$0$0                      5Code
     00000092  _P1_2                              5Code
     00000092  _TMR3RLL                           5Code
     00000093  G$P1_3$0$0                         5Code
     00000093  G$TMR3RLH$0$0                      5Code
     00000093  _P1_3                              5Code
     00000093  _TMR3RLH                           5Code
     00000094  G$P1_4$0$0                         5Code
     00000094  G$TMR3L$0$0                        5Code
     00000094  _P1_4                              5Code
     00000094  _TMR3L                             5Code
     00000095  G$P1_5$0$0                         5Code
     00000095  G$TMR3H$0$0                        5Code
     00000095  _P1_5                              5Code
     00000095  _TMR3H                             5Code
     00000096  G$P1_6$0$0                         5Code
     00000096  G$P7$0$0                           5Code
     00000096  _P1_6                              5Code
     00000096  _P7                                5Code
     00000097  G$P1_7$0$0                         5Code
     00000097  _P1_7                              5Code
     00000098  G$RI$0$0                           5Code
     00000098  G$RI0$0$0                          5Code
     00000098  G$SCON$0$0                         5Code
     00000098  G$SCON0$0$0                        5Code
ASxxxx Linker V03.00 + NoICE + sdld,  page 5.
Hexadecimal  [32-Bits]

Area                                    Addr        Size        Decimal Bytes (Attributes)
--------------------------------        ----        ----        ------- ----- ------------
.  .ABS.                            00000000    00000000 =           0. bytes (ABS,CON)

      Value  Global                              Global Defined In Module
      -----  --------------------------------   ------------------------
     00000098  _RI                                5Code
     00000098  _RI0                               5Code
     00000098  _SCON                              5Code
     00000098  _SCON0                             5Code
     00000099  G$SBUF$0$0                         5Code
     00000099  G$SBUF0$0$0                        5Code
     00000099  G$TI$0$0                           5Code
     00000099  G$TI0$0$0                          5Code
     00000099  _SBUF                              5Code
     00000099  _SBUF0                             5Code
     00000099  _TI                                5Code
     00000099  _TI0                               5Code
     0000009A  G$RB8$0$0                          5Code
     0000009A  G$RB80$0$0                         5Code
     0000009A  G$SPI0CFG$0$0                      5Code
     0000009A  _RB8                               5Code
     0000009A  _RB80                              5Code
     0000009A  _SPI0CFG                           5Code
     0000009B  G$SPI0DAT$0$0                      5Code
     0000009B  G$TB8$0$0                          5Code
     0000009B  G$TB80$0$0                         5Code
     0000009B  _SPI0DAT                           5Code
     0000009B  _TB8                               5Code
     0000009B  _TB80                              5Code
     0000009C  G$ADC1$0$0                         5Code
     0000009C  G$REN$0$0                          5Code
     0000009C  G$REN0$0$0                         5Code
     0000009C  _ADC1                              5Code
     0000009C  _REN                               5Code
     0000009C  _REN0                              5Code
     0000009D  G$MCE0$0$0                         5Code
     0000009D  G$SM2$0$0                          5Code
     0000009D  G$SM20$0$0                         5Code
     0000009D  G$SPI0CKR$0$0                      5Code
     0000009D  _MCE0                              5Code
     0000009D  _SM2                               5Code
     0000009D  _SM20                              5Code
     0000009D  _SPI0CKR                           5Code
     0000009E  G$CPT0CN$0$0                       5Code
     0000009E  G$SM1$0$0                          5Code
     0000009E  G$SM10$0$0                         5Code
     0000009E  _CPT0CN                            5Code
     0000009E  _SM1                               5Code
     0000009E  _SM10                              5Code
     0000009F  G$CPT1CN$0$0                       5Code
     0000009F  G$S0MODE$0$0                       5Code
     0000009F  G$SM0$0$0                          5Code
     0000009F  G$SM00$0$0                         5Code
     0000009F  _CPT1CN                            5Code
     0000009F  _S0MODE                            5Code
     0000009F  _SM0                               5Code
ASxxxx Linker V03.00 + NoICE + sdld,  page 6.
Hexadecimal  [32-Bits]

Area                                    Addr        Size        Decimal Bytes (Attributes)
--------------------------------        ----        ----        ------- ----- ------------
.  .ABS.                            00000000    00000000 =           0. bytes (ABS,CON)

      Value  Global                              Global Defined In Module
      -----  --------------------------------   ------------------------
     0000009F  _SM00                              5Code
     000000A0  G$P2$0$0                           5Code
     000000A0  G$P2_0$0$0                         5Code
     000000A0  _P2                                5Code
     000000A0  _P2_0                              5Code
     000000A1  G$EMI0TC$0$0                       5Code
     000000A1  G$P2_1$0$0                         5Code
     000000A1  _EMI0TC                            5Code
     000000A1  _P2_1                              5Code
     000000A2  G$P2_2$0$0                         5Code
     000000A2  _P2_2                              5Code
     000000A3  G$EMI0CF$0$0                       5Code
     000000A3  G$P2_3$0$0                         5Code
     000000A3  _EMI0CF                            5Code
     000000A3  _P2_3                              5Code
     000000A4  G$P0MDOUT$0$0                      5Code
     000000A4  G$P2_4$0$0                         5Code
     000000A4  G$PRT0CF$0$0                       5Code
     000000A4  _P0MDOUT                           5Code
     000000A4  _P2_4                              5Code
     000000A4  _PRT0CF                            5Code
     000000A5  G$P1MDOUT$0$0                      5Code
     000000A5  G$P2_5$0$0                         5Code
     000000A5  G$PRT1CF$0$0                       5Code
     000000A5  _P1MDOUT                           5Code
     000000A5  _P2_5                              5Code
     000000A5  _PRT1CF                            5Code
     000000A6  G$P2MDOUT$0$0                      5Code
     000000A6  G$P2_6$0$0                         5Code
     000000A6  G$PRT2CF$0$0                       5Code
     000000A6  _P2MDOUT                           5Code
     000000A6  _P2_6                              5Code
     000000A6  _PRT2CF                            5Code
     000000A7  G$P2_7$0$0                         5Code
     000000A7  G$P3MDOUT$0$0                      5Code
     000000A7  G$PRT3CF$0$0                       5Code
     000000A7  _P2_7                              5Code
     000000A7  _P3MDOUT                           5Code
     000000A7  _PRT3CF                            5Code
     000000A8  G$EX0$0$0                          5Code
     000000A8  G$IE$0$0                           5Code
     000000A8  _EX0                               5Code
     000000A8  _IE                                5Code
     000000A9  G$ET0$0$0                          5Code
     000000A9  G$SADDR0$0$0                       5Code
     000000A9  _ET0                               5Code
     000000A9  _SADDR0                            5Code
     000000AA  G$ADC1CN$0$0                       5Code
     000000AA  G$EX1$0$0                          5Code
     000000AA  _ADC1CN                            5Code
     000000AA  _EX1                               5Code
ASxxxx Linker V03.00 + NoICE + sdld,  page 7.
Hexadecimal  [32-Bits]

Area                                    Addr        Size        Decimal Bytes (Attributes)
--------------------------------        ----        ----        ------- ----- ------------
.  .ABS.                            00000000    00000000 =           0. bytes (ABS,CON)

      Value  Global                              Global Defined In Module
      -----  --------------------------------   ------------------------
     000000AB  G$ADC1CF$0$0                       5Code
     000000AB  G$ET1$0$0                          5Code
     000000AB  _ADC1CF                            5Code
     000000AB  _ET1                               5Code
     000000AC  G$AMX1SL$0$0                       5Code
     000000AC  G$ES$0$0                           5Code
     000000AC  G$ES0$0$0                          5Code
     000000AC  _AMX1SL                            5Code
     000000AC  _ES                                5Code
     000000AC  _ES0                               5Code
     000000AD  G$ET2$0$0                          5Code
     000000AD  G$P3IF$0$0                         5Code
     000000AD  _ET2                               5Code
     000000AD  _P3IF                              5Code
     000000AE  G$SADEN1$0$0                       5Code
     000000AE  _SADEN1                            5Code
     000000AF  G$EA$0$0                           5Code
     000000AF  G$EMI0CN$0$0                       5Code
     000000AF  G$_XPAGE$0$0                       5Code
     000000AF  _EA                                5Code
     000000AF  _EMI0CN                            5Code
     000000AF  __XPAGE                            5Code
     000000B0  G$P3$0$0                           5Code
     000000B0  G$P3_0$0$0                         5Code
     000000B0  _P3                                5Code
     000000B0  _P3_0                              5Code
     000000B1  G$OSCXCN$0$0                       5Code
     000000B1  G$P3_1$0$0                         5Code
     000000B1  _OSCXCN                            5Code
     000000B1  _P3_1                              5Code
     000000B2  G$OSCICN$0$0                       5Code
     000000B2  G$P3_2$0$0                         5Code
     000000B2  _OSCICN                            5Code
     000000B2  _P3_2                              5Code
     000000B3  G$P3_3$0$0                         5Code
     000000B3  _P3_3                              5Code
     000000B4  G$P3_4$0$0                         5Code
     000000B4  _P3_4                              5Code
     000000B5  G$P3_5$0$0                         5Code
     000000B5  G$P74OUT$0$0                       5Code
     000000B5  _P3_5                              5Code
     000000B5  _P74OUT                            5Code
     000000B6  G$FLSCL$0$0                        5Code
     000000B6  G$P3_6$0$0                         5Code
     000000B6  _FLSCL                             5Code
     000000B6  _P3_6                              5Code
     000000B7  G$FLACL$0$0                        5Code
     000000B7  G$P3_7$0$0                         5Code
     000000B7  _FLACL                             5Code
     000000B7  _P3_7                              5Code
     000000B8  G$IP$0$0                           5Code
ASxxxx Linker V03.00 + NoICE + sdld,  page 8.
Hexadecimal  [32-Bits]

Area                                    Addr        Size        Decimal Bytes (Attributes)
--------------------------------        ----        ----        ------- ----- ------------
.  .ABS.                            00000000    00000000 =           0. bytes (ABS,CON)

      Value  Global                              Global Defined In Module
      -----  --------------------------------   ------------------------
     000000B8  G$PX0$0$0                          5Code
     000000B8  _IP                                5Code
     000000B8  _PX0                               5Code
     000000B9  G$PT0$0$0                          5Code
     000000B9  G$SADEN0$0$0                       5Code
     000000B9  _PT0                               5Code
     000000B9  _SADEN0                            5Code
     000000BA  G$AMX0CF$0$0                       5Code
     000000BA  G$PX1$0$0                          5Code
     000000BA  _AMX0CF                            5Code
     000000BA  _PX1                               5Code
     000000BB  G$AMX0SL$0$0                       5Code
     000000BB  G$PT1$0$0                          5Code
     000000BB  _AMX0SL                            5Code
     000000BB  _PT1                               5Code
     000000BC  G$ADC0CF$0$0                       5Code
     000000BC  G$PS$0$0                           5Code
     000000BC  G$PS0$0$0                          5Code
     000000BC  _ADC0CF                            5Code
     000000BC  _PS                                5Code
     000000BC  _PS0                               5Code
     000000BD  G$P1MDIN$0$0                       5Code
     000000BD  G$PT2$0$0                          5Code
     000000BD  _P1MDIN                            5Code
     000000BD  _PT2                               5Code
     000000BE  G$ADC0L$0$0                        5Code
     000000BE  _ADC0L                             5Code
     000000BF  G$ADC0H$0$0                        5Code
     000000BF  _ADC0H                             5Code
     000000C0  G$BUS_TOE$0$0                      5Code
     000000C0  G$SMB0CN$0$0                       5Code
     000000C0  G$SMBTOE$0$0                       5Code
     000000C0  _BUS_TOE                           5Code
     000000C0  _SMB0CN                            5Code
     000000C0  _SMBTOE                            5Code
     000000C1  G$BUS_FTE$0$0                      5Code
     000000C1  G$SMB0STA$0$0                      5Code
     000000C1  G$SMBFTE$0$0                       5Code
     000000C1  _BUS_FTE                           5Code
     000000C1  _SMB0STA                           5Code
     000000C1  _SMBFTE                            5Code
     000000C2  G$AA$0$0                           5Code
     000000C2  G$BUS_AA$0$0                       5Code
     000000C2  G$SMB0DAT$0$0                      5Code
     000000C2  _AA                                5Code
     000000C2  _BUS_AA                            5Code
     000000C2  _SMB0DAT                           5Code
     000000C3  G$BUS_INT$0$0                      5Code
     000000C3  G$SI$0$0                           5Code
     000000C3  G$SMB0ADR$0$0                      5Code
     000000C3  _BUS_INT                           5Code
ASxxxx Linker V03.00 + NoICE + sdld,  page 9.
Hexadecimal  [32-Bits]

Area                                    Addr        Size        Decimal Bytes (Attributes)
--------------------------------        ----        ----        ------- ----- ------------
.  .ABS.                            00000000    00000000 =           0. bytes (ABS,CON)

      Value  Global                              Global Defined In Module
      -----  --------------------------------   ------------------------
     000000C3  _SI                                5Code
     000000C3  _SMB0ADR                           5Code
     000000C4  G$ADC0GTL$0$0                      5Code
     000000C4  G$BUS_STOP$0$0                     5Code
     000000C4  G$STO$0$0                          5Code
     000000C4  _ADC0GTL                           5Code
     000000C4  _BUS_STOP                          5Code
     000000C4  _STO                               5Code
     000000C5  G$ADC0GTH$0$0                      5Code
     000000C5  G$BUS_START$0$0                    5Code
     000000C5  G$STA$0$0                          5Code
     000000C5  _ADC0GTH                           5Code
     000000C5  _BUS_START                         5Code
     000000C5  _STA                               5Code
     000000C6  G$ADC0LTL$0$0                      5Code
     000000C6  G$BUS_EN$0$0                       5Code
     000000C6  G$ENSMB$0$0                        5Code
     000000C6  _ADC0LTL                           5Code
     000000C6  _BUS_EN                            5Code
     000000C6  _ENSMB                             5Code
     000000C7  G$ADC0LTH$0$0                      5Code
     000000C7  G$BUSY$0$0                         5Code
     000000C7  G$BUS_BUSY$0$0                     5Code
     000000C7  _ADC0LTH                           5Code
     000000C7  _BUSY                              5Code
     000000C7  _BUS_BUSY                          5Code
     000000C8  G$CPRL2$0$0                        5Code
     000000C8  G$T2CON$0$0                        5Code
     000000C8  _CPRL2                             5Code
     000000C8  _T2CON                             5Code
     000000C9  G$CT2$0$0                          5Code
     000000C9  G$T4CON$0$0                        5Code
     000000C9  _CT2                               5Code
     000000C9  _T4CON                             5Code
     000000CA  G$RCAP2L$0$0                       5Code
     000000CA  G$TR2$0$0                          5Code
     000000CA  _RCAP2L                            5Code
     000000CA  _TR2                               5Code
     000000CB  G$EXEN2$0$0                        5Code
     000000CB  G$RCAP2H$0$0                       5Code
     000000CB  _EXEN2                             5Code
     000000CB  _RCAP2H                            5Code
     000000CC  G$TCLK$0$0                         5Code
     000000CC  G$TL2$0$0                          5Code
     000000CC  _TCLK                              5Code
     000000CC  _TL2                               5Code
     000000CD  G$RCLK$0$0                         5Code
     000000CD  G$TH2$0$0                          5Code
     000000CD  _RCLK                              5Code
     000000CD  _TH2                               5Code
     000000CE  G$EXF2$0$0                         5Code
ASxxxx Linker V03.00 + NoICE + sdld,  page 10.
Hexadecimal  [32-Bits]

Area                                    Addr        Size        Decimal Bytes (Attributes)
--------------------------------        ----        ----        ------- ----- ------------
.  .ABS.                            00000000    00000000 =           0. bytes (ABS,CON)

      Value  Global                              Global Defined In Module
      -----  --------------------------------   ------------------------
     000000CE  _EXF2                              5Code
     000000CF  G$SMB0CR$0$0                       5Code
     000000CF  G$TF2$0$0                          5Code
     000000CF  _SMB0CR                            5Code
     000000CF  _TF2                               5Code
     000000D0  G$P$0$0                            5Code
     000000D0  G$PSW$0$0                          5Code
     000000D0  _P                                 5Code
     000000D0  _PSW                               5Code
     000000D1  G$F1$0$0                           5Code
     000000D1  G$REF0CN$0$0                       5Code
     000000D1  _F1                                5Code
     000000D1  _REF0CN                            5Code
     000000D2  G$DAC0L$0$0                        5Code
     000000D2  G$OV$0$0                           5Code
     000000D2  _DAC0L                             5Code
     000000D2  _OV                                5Code
     000000D3  G$DAC0H$0$0                        5Code
     000000D3  G$RS0$0$0                          5Code
     000000D3  _DAC0H                             5Code
     000000D3  _RS0                               5Code
     000000D4  G$DAC0CN$0$0                       5Code
     000000D4  G$RS1$0$0                          5Code
     000000D4  _DAC0CN                            5Code
     000000D4  _RS1                               5Code
     000000D5  G$DAC1L$0$0                        5Code
     000000D5  G$F0$0$0                           5Code
     000000D5  _DAC1L                             5Code
     000000D5  _F0                                5Code
     000000D6  G$AC$0$0                           5Code
     000000D6  G$DAC1H$0$0                        5Code
     000000D6  _AC                                5Code
     000000D6  _DAC1H                             5Code
     000000D7  G$CY$0$0                           5Code
     000000D7  G$DAC1CN$0$0                       5Code
     000000D7  _CY                                5Code
     000000D7  _DAC1CN                            5Code
     000000D8  G$CCF0$0$0                         5Code
     000000D8  G$PCA0CN$0$0                       5Code
     000000D8  _CCF0                              5Code
     000000D8  _PCA0CN                            5Code
     000000D9  G$CCF1$0$0                         5Code
     000000D9  G$PCA0MD$0$0                       5Code
     000000D9  _CCF1                              5Code
     000000D9  _PCA0MD                            5Code
     000000DA  G$CCF2$0$0                         5Code
     000000DA  G$PCA0CPM0$0$0                     5Code
     000000DA  _CCF2                              5Code
     000000DA  _PCA0CPM0                          5Code
     000000DB  G$CCF3$0$0                         5Code
     000000DB  G$PCA0CPM1$0$0                     5Code
ASxxxx Linker V03.00 + NoICE + sdld,  page 11.
Hexadecimal  [32-Bits]

Area                                    Addr        Size        Decimal Bytes (Attributes)
--------------------------------        ----        ----        ------- ----- ------------
.  .ABS.                            00000000    00000000 =           0. bytes (ABS,CON)

      Value  Global                              Global Defined In Module
      -----  --------------------------------   ------------------------
     000000DB  _CCF3                              5Code
     000000DB  _PCA0CPM1                          5Code
     000000DC  G$CCF4$0$0                         5Code
     000000DC  G$PCA0CPM2$0$0                     5Code
     000000DC  _CCF4                              5Code
     000000DC  _PCA0CPM2                          5Code
     000000DD  G$PCA0CPM3$0$0                     5Code
     000000DD  _PCA0CPM3                          5Code
     000000DE  G$CR$0$0                           5Code
     000000DE  G$PCA0CPM4$0$0                     5Code
     000000DE  _CR                                5Code
     000000DE  _PCA0CPM4                          5Code
     000000DF  G$CF$0$0                           5Code
     000000DF  _CF                                5Code
     000000E0  G$ACC$0$0                          5Code
     000000E0  _ACC                               5Code
     000000E1  G$XBR0$0$0                         5Code
     000000E1  _XBR0                              5Code
     000000E2  G$XBR1$0$0                         5Code
     000000E2  _XBR1                              5Code
     000000E3  G$XBR2$0$0                         5Code
     000000E3  _XBR2                              5Code
     000000E4  G$RCAP4L$0$0                       5Code
     000000E4  _RCAP4L                            5Code
     000000E5  G$RCAP4H$0$0                       5Code
     000000E5  _RCAP4H                            5Code
     000000E6  G$EIE1$0$0                         5Code
     000000E6  _EIE1                              5Code
     000000E7  G$EIE2$0$0                         5Code
     000000E7  _EIE2                              5Code
     000000E8  G$AD0LJST$0$0                      5Code
     000000E8  G$ADC0CN$0$0                       5Code
     000000E8  G$ADLJST$0$0                       5Code
     000000E8  _AD0LJST                           5Code
     000000E8  _ADC0CN                            5Code
     000000E8  _ADLJST                            5Code
     000000E9  G$AD0WINT$0$0                      5Code
     000000E9  G$ADWINT$0$0                       5Code
     000000E9  G$PCA0L$0$0                        5Code
     000000E9  _AD0WINT                           5Code
     000000E9  _ADWINT                            5Code
     000000E9  _PCA0L                             5Code
     000000EA  G$AD0CM0$0$0                       5Code
     000000EA  G$ADSTM0$0$0                       5Code
     000000EA  G$PCA0CPL0$0$0                     5Code
     000000EA  _AD0CM0                            5Code
     000000EA  _ADSTM0                            5Code
     000000EA  _PCA0CPL0                          5Code
     000000EB  G$AD0CM1$0$0                       5Code
     000000EB  G$ADSTM1$0$0                       5Code
     000000EB  G$PCA0CPL1$0$0                     5Code
ASxxxx Linker V03.00 + NoICE + sdld,  page 12.
Hexadecimal  [32-Bits]

Area                                    Addr        Size        Decimal Bytes (Attributes)
--------------------------------        ----        ----        ------- ----- ------------
.  .ABS.                            00000000    00000000 =           0. bytes (ABS,CON)

      Value  Global                              Global Defined In Module
      -----  --------------------------------   ------------------------
     000000EB  _AD0CM1                            5Code
     000000EB  _ADSTM1                            5Code
     000000EB  _PCA0CPL1                          5Code
     000000EC  G$AD0BUSY$0$0                      5Code
     000000EC  G$ADBUSY$0$0                       5Code
     000000EC  G$PCA0CPL2$0$0                     5Code
     000000EC  _AD0BUSY                           5Code
     000000EC  _ADBUSY                            5Code
     000000EC  _PCA0CPL2                          5Code
     000000ED  G$AD0INT$0$0                       5Code
     000000ED  G$ADCINT$0$0                       5Code
     000000ED  G$PCA0CPL3$0$0                     5Code
     000000ED  _AD0INT                            5Code
     000000ED  _ADCINT                            5Code
     000000ED  _PCA0CPL3                          5Code
     000000EE  G$AD0TM$0$0                        5Code
     000000EE  G$ADCTM$0$0                        5Code
     000000EE  G$PCA0CPL4$0$0                     5Code
     000000EE  _AD0TM                             5Code
     000000EE  _ADCTM                             5Code
     000000EE  _PCA0CPL4                          5Code
     000000EF  G$AD0EN$0$0                        5Code
     000000EF  G$ADCEN$0$0                        5Code
     000000EF  G$RSTSRC$0$0                       5Code
     000000EF  _AD0EN                             5Code
     000000EF  _ADCEN                             5Code
     000000EF  _RSTSRC                            5Code
     000000F0  G$B$0$0                            5Code
     000000F0  _B                                 5Code
     000000F1  G$SCON1$0$0                        5Code
     000000F1  _SCON1                             5Code
     000000F2  G$SBUF1$0$0                        5Code
     000000F2  _SBUF1                             5Code
     000000F3  G$SADDR1$0$0                       5Code
     000000F3  _SADDR1                            5Code
     000000F4  G$TL4$0$0                          5Code
     000000F4  _TL4                               5Code
     000000F5  G$TH4$0$0                          5Code
     000000F5  _B_5                               _gptrget
     000000F5  _TH4                               5Code
     000000F6  G$EIP1$0$0                         5Code
     000000F6  _B_6                               _gptrget
     000000F6  _EIP1                              5Code
     000000F7  G$EIP2$0$0                         5Code
     000000F7  _B_7                               _gptrget
     000000F7  _EIP2                              5Code
     000000F8  G$SPI0CN$0$0                       5Code
     000000F8  G$SPIEN$0$0                        5Code
     000000F8  _SPI0CN                            5Code
     000000F8  _SPIEN                             5Code
     000000F9  G$MSTEN$0$0                        5Code
ASxxxx Linker V03.00 + NoICE + sdld,  page 13.
Hexadecimal  [32-Bits]

Area                                    Addr        Size        Decimal Bytes (Attributes)
--------------------------------        ----        ----        ------- ----- ------------
.  .ABS.                            00000000    00000000 =           0. bytes (ABS,CON)

      Value  Global                              Global Defined In Module
      -----  --------------------------------   ------------------------
     000000F9  G$PCA0H$0$0                        5Code
     000000F9  _MSTEN                             5Code
     000000F9  _PCA0H                             5Code
     000000FA  G$PCA0CPH0$0$0                     5Code
     000000FA  G$SLVSEL$0$0                       5Code
     000000FA  _PCA0CPH0                          5Code
     000000FA  _SLVSEL                            5Code
     000000FB  G$PCA0CPH1$0$0                     5Code
     000000FB  G$TXBSY$0$0                        5Code
     000000FB  _PCA0CPH1                          5Code
     000000FB  _TXBSY                             5Code
     000000FC  G$PCA0CPH2$0$0                     5Code
     000000FC  G$RXOVRN$0$0                       5Code
     000000FC  _PCA0CPH2                          5Code
     000000FC  _RXOVRN                            5Code
     000000FD  G$MODF$0$0                         5Code
     000000FD  G$PCA0CPH3$0$0                     5Code
     000000FD  _MODF                              5Code
     000000FD  _PCA0CPH3                          5Code
     000000FE  G$PCA0CPH4$0$0                     5Code
     000000FE  G$WCOL$0$0                         5Code
     000000FE  _PCA0CPH4                          5Code
     000000FE  _WCOL                              5Code
     000000FF  G$SPIF$0$0                         5Code
     000000FF  G$WDTCN$0$0                        5Code
     000000FF  _SPIF                              5Code
     000000FF  _WDTCN                             5Code
     00008C8A  G$TMR0$0$0                         5Code
     00008C8A  _TMR0                              5Code
     00008D8B  G$TMR1$0$0                         5Code
     00008D8B  _TMR1                              5Code
     00009392  G$TMR3RL$0$0                       5Code
     00009392  _TMR3RL                            5Code
     00009594  G$TMR3$0$0                         5Code
     00009594  _TMR3                              5Code
     0000BFBE  G$ADC0$0$0                         5Code
     0000BFBE  _ADC0                              5Code
     0000C5C4  G$ADC0GT$0$0                       5Code
     0000C5C4  _ADC0GT                            5Code
     0000C7C6  G$ADC0LT$0$0                       5Code
     0000C7C6  _ADC0LT                            5Code
     0000CBCA  G$RCAP2$0$0                        5Code
     0000CBCA  _RCAP2                             5Code
     0000CDCC  G$TMR2$0$0                         5Code
     0000CDCC  _TMR2                              5Code
     0000D3D2  G$DAC0$0$0                         5Code
     0000D3D2  _DAC0                              5Code
     0000D6D5  G$DAC1$0$0                         5Code
     0000D6D5  _DAC1                              5Code
     0000E5E4  G$RCAP4$0$0                        5Code
     0000E5E4  _RCAP4                             5Code
ASxxxx Linker V03.00 + NoICE + sdld,  page 14.
Hexadecimal  [32-Bits]

Area                                    Addr        Size        Decimal Bytes (Attributes)
--------------------------------        ----        ----        ------- ----- ------------
.  .ABS.                            00000000    00000000 =           0. bytes (ABS,CON)

      Value  Global                              Global Defined In Module
      -----  --------------------------------   ------------------------
     0000F5F4  G$TMR4$0$0                         5Code
     0000F5F4  _TMR4                              5Code
     0000F9E9  G$PCA0$0$0                         5Code
     0000F9E9  _PCA0                              5Code
     0000FAEA  G$PCA0CP0$0$0                      5Code
     0000FAEA  _PCA0CP0                           5Code
     0000FBEB  G$PCA0CP1$0$0                      5Code
     0000FBEB  _PCA0CP1                           5Code
     0000FCEC  G$PCA0CP2$0$0                      5Code
     0000FCEC  _PCA0CP2                           5Code
     0000FDED  G$PCA0CP3$0$0                      5Code
     0000FDED  _PCA0CP3                           5Code
     0000FEEE  G$PCA0CP4$0$0                      5Code
     0000FEEE  _PCA0CP4                           5Code

ASxxxx Linker V03.00 + NoICE + sdld,  page 15.
Hexadecimal  [32-Bits]

Area                                    Addr        Size        Decimal Bytes (Attributes)
--------------------------------        ----        ----        ------- ----- ------------
BSEG_BYTES                          00000020    00000002 =           2. bytes (REL,CON)

      Value  Global                              Global Defined In Module
      -----  --------------------------------   ------------------------
ASxxxx Linker V03.00 + NoICE + sdld,  page 16.
Hexadecimal  [32-Bits]

Area                                    Addr        Size        Decimal Bytes (Attributes)
--------------------------------        ----        ----        ------- ----- ------------
REG_BANK_0                          00000000    00000008 =           8. bytes (REL,OVR)

      Value  Global                              Global Defined In Module
      -----  --------------------------------   ------------------------
ASxxxx Linker V03.00 + NoICE + sdld,  page 17.
Hexadecimal  [32-Bits]

Area                                    Addr        Size        Decimal Bytes (Attributes)
--------------------------------        ----        ----        ------- ----- ------------
DSEG                                00000000    00000080 =         128. bytes (REL,CON)

      Value  Global                              Global Defined In Module
      -----  --------------------------------   ------------------------
     0000000B  _vsprintf_PARM_2                   sprintf
     0000000E  _vsprintf_PARM_3                   sprintf
     00000012  _bp                                _bp
     00000013  _vprintf_PARM_2                    vprintf
     00000022  L5Code.lcd_clear$NumBytes$1$77     5Code
     00000023  L5Code.lcd_clear$Cmd$1$77          5Code
     00000025  L5Code.read_keypad$Data$1$78       5Code
     00000027  L5Code.i2c_write_data$start_reg$   5Code
     00000027  _i2c_write_data_PARM_2             5Code
     00000028  L5Code.i2c_write_data$buffer$1$9   5Code
     00000028  _i2c_write_data_PARM_3             5Code
     0000002B  L5Code.i2c_write_data$num_bytes$   5Code
     0000002B  _i2c_write_data_PARM_4             5Code
     0000002C  L5Code.i2c_read_data$start_reg$1   5Code
     0000002C  _i2c_read_data_PARM_2              5Code
     0000002D  L5Code.i2c_read_data$buffer$1$99   5Code
     0000002D  _i2c_read_data_PARM_3              5Code
     00000030  L5Code.i2c_read_data$num_bytes$1   5Code
     00000030  _i2c_read_data_PARM_4              5Code
     00000031  L5Code.Accel_Init$Data2$1$103      5Code
     00000032  G$PW_NEUT$0$0                      5Code
     00000032  _PW_NEUT                           5Code
     00000034  G$PW_MIN$0$0                       5Code
     00000034  _PW_MIN                            5Code
     00000036  G$PW_MAX$0$0                       5Code
     00000036  _PW_MAX                            5Code
     00000038  G$gx$0$0                           5Code
     00000038  _gx                                5Code
     0000003A  G$gy$0$0                           5Code
     0000003A  _gy                                5Code
     0000003C  G$x0$0$0                           5Code
     0000003C  _x0                                5Code
     0000003E  G$y0$0$0                           5Code
     0000003E  _y0                                5Code
     00000040  G$counts$0$0                       5Code
     00000040  _counts                            5Code
     00000042  G$MOTOR_PW$0$0                     5Code
     00000042  _MOTOR_PW                          5Code
     00000044  G$STEERING_PW$0$0                  5Code
     00000044  _STEERING_PW                       5Code
     00000046  G$ks$0$0                           5Code
     00000046  _ks                                5Code
     00000048  G$kdy$0$0                          5Code
     00000048  _kdy                               5Code
     0000004A  G$kdx$0$0                          5Code
     0000004A  _kdx                               5Code
     0000004C  G$ki$0$0                           5Code
     0000004C  _ki                                5Code
     0000004E  G$error_sum$0$0                    5Code
     0000004E  _error_sum                         5Code
ASxxxx Linker V03.00 + NoICE + sdld,  page 18.
Hexadecimal  [32-Bits]

Area                                    Addr        Size        Decimal Bytes (Attributes)
--------------------------------        ----        ----        ------- ----- ------------
DSEG                                00000000    00000080 =         128. bytes (REL,CON)

      Value  Global                              Global Defined In Module
      -----  --------------------------------   ------------------------
     00000050  L5Code.ReadAccel$Data$1$123        5Code
     00000055  L5Code.ReadAccel$avg_gy$1$123      5Code
     00000057  L5Code.getDesiredGains$data$1$13   5Code
     0000005A  L5Code.getDesiredGains$index$1$1   5Code
     00000068  __print_format_PARM_2              printf_large
     0000006B  __print_format_PARM_3              printf_large
     0000006E  __print_format_PARM_4              printf_large
ASxxxx Linker V03.00 + NoICE + sdld,  page 19.
Hexadecimal  [32-Bits]

Area                                    Addr        Size        Decimal Bytes (Attributes)
--------------------------------        ----        ----        ------- ----- ------------
OSEG                                00000014    00000006 =           6. bytes (REL,OVR)

      Value  Global                              Global Defined In Module
      -----  --------------------------------   ------------------------
     00000014  __divsint_PARM_2                   _divuint
     00000014  __divuint_PARM_2                   _divuint
     00000014  __gptrput_PARM_2                   _gptrput
     00000014  __mulint_PARM_2                    _mulint

ASxxxx Linker V03.00 + NoICE + sdld,  page 20.
Hexadecimal  [32-Bits]

Area                                    Addr        Size        Decimal Bytes (Attributes)
--------------------------------        ----        ----        ------- ----- ------------
ISEG                                0000001A    00000006 =           6. bytes (REL,CON)

      Value  Global                              Global Defined In Module
      -----  --------------------------------   ------------------------
ASxxxx Linker V03.00 + NoICE + sdld,  page 21.
Hexadecimal  [32-Bits]

Area                                    Addr        Size        Decimal Bytes (Attributes)
--------------------------------        ----        ----        ------- ----- ------------
SSEG                                00000076    0000008A =         138. bytes (REL,OVR)

      Value  Global                              Global Defined In Module
      -----  --------------------------------   ------------------------
     00000076  __start__stack                     5Code

ASxxxx Linker V03.00 + NoICE + sdld,  page 22.
Hexadecimal  [32-Bits]

Area                                    Addr        Size        Decimal Bytes (Attributes)
--------------------------------        ----        ----        ------- ----- ------------
XSEG                                00000001    00000050 =          80. bytes (REL,CON,XDATA)

      Value  Global                              Global Defined In Module
      -----  --------------------------------   ------------------------
D:   00000001  L5Code.lcd_print$text$1$73         5Code

ASxxxx Linker V03.00 + NoICE + sdld,  page 23.
Hexadecimal  [32-Bits]

Area                                    Addr        Size        Decimal Bytes (Attributes)
--------------------------------        ----        ----        ------- ----- ------------
HOME                                00000000    00000051 =          81. bytes (REL,CON,CODE)

      Value  Global                              Global Defined In Module
      -----  --------------------------------   ------------------------
C:   00000000  A$5Code$1094                       5Code
C:   00000003  A$5Code$1095                       5Code
C:   0000000B  A$5Code$1097                       5Code
C:   00000013  A$5Code$1099                       5Code
C:   0000001B  A$5Code$1101                       5Code
C:   00000023  A$5Code$1103                       5Code
C:   0000002B  A$5Code$1105                       5Code
C:   00000033  A$5Code$1107                       5Code
C:   0000003B  A$5Code$1109                       5Code
C:   00000043  A$5Code$1111                       5Code
C:   0000004B  A$5Code$1113                       5Code
C:   0000004E  A$5Code$1176                       5Code
C:   0000004E  __sdcc_program_startup             5Code

ASxxxx Linker V03.00 + NoICE + sdld,  page 24.
Hexadecimal  [32-Bits]

Area                                    Addr        Size        Decimal Bytes (Attributes)
--------------------------------        ----        ----        ------- ----- ------------
GSINIT0                             00000051    00000003 =           3. bytes (REL,CON,CODE)

      Value  Global                              Global Defined In Module
      -----  --------------------------------   ------------------------
C:   00000051  __sdcc_gsinit_startup              

ASxxxx Linker V03.00 + NoICE + sdld,  page 25.
Hexadecimal  [32-Bits]

Area                                    Addr        Size        Decimal Bytes (Attributes)
--------------------------------        ----        ----        ------- ----- ------------
GSINIT2                             00000054    0000000A =          10. bytes (REL,CON,CODE)

      Value  Global                              Global Defined In Module
      -----  --------------------------------   ------------------------
ASxxxx Linker V03.00 + NoICE + sdld,  page 26.
Hexadecimal  [32-Bits]

Area                                    Addr        Size        Decimal Bytes (Attributes)
--------------------------------        ----        ----        ------- ----- ------------
GSINIT3                             0000005E    00000022 =          34. bytes (REL,CON,CODE)

      Value  Global                              Global Defined In Module
      -----  --------------------------------   ------------------------
C:   0000005E  __mcs51_genXINIT                   

ASxxxx Linker V03.00 + NoICE + sdld,  page 27.
Hexadecimal  [32-Bits]

Area                                    Addr        Size        Decimal Bytes (Attributes)
--------------------------------        ----        ----        ------- ----- ------------
GSINIT4                             00000080    0000002A =          42. bytes (REL,CON,CODE)

      Value  Global                              Global Defined In Module
      -----  --------------------------------   ------------------------
C:   00000080  __mcs51_genRAMCLEAR                
C:   00000086  __mcs51_genXRAMCLEAR               

ASxxxx Linker V03.00 + NoICE + sdld,  page 28.
Hexadecimal  [32-Bits]

Area                                    Addr        Size        Decimal Bytes (Attributes)
--------------------------------        ----        ----        ------- ----- ------------
GSINIT                              000000AA    0000002F =          47. bytes (REL,CON,CODE)

      Value  Global                              Global Defined In Module
      -----  --------------------------------   ------------------------
C:   000000AA  A$5Code$1129                       5Code
C:   000000AA  C$5Code.c$30$1$159                 5Code
C:   000000AD  A$5Code$1130                       5Code
C:   000000B0  A$5Code$1133                       5Code
C:   000000B0  C$5Code.c$31$1$159                 5Code
C:   000000B3  A$5Code$1134                       5Code
C:   000000B6  A$5Code$1137                       5Code
C:   000000B6  C$5Code.c$32$1$159                 5Code
C:   000000B9  A$5Code$1138                       5Code
C:   000000BC  A$5Code$1141                       5Code
C:   000000BC  C$5Code.c$34$1$159                 5Code
C:   000000BD  A$5Code$1142                       5Code
C:   000000BF  A$5Code$1143                       5Code
C:   000000C1  A$5Code$1146                       5Code
C:   000000C1  C$5Code.c$35$1$159                 5Code
C:   000000C3  A$5Code$1147                       5Code
C:   000000C5  A$5Code$1150                       5Code
C:   000000C5  C$5Code.c$36$1$159                 5Code
C:   000000C7  A$5Code$1151                       5Code
C:   000000C9  A$5Code$1154                       5Code
C:   000000C9  C$5Code.c$37$1$159                 5Code
C:   000000CB  A$5Code$1155                       5Code
C:   000000CD  A$5Code$1158                       5Code
C:   000000CD  C$5Code.c$39$1$159                 5Code
C:   000000CF  A$5Code$1159                       5Code
C:   000000D1  A$5Code$1162                       5Code
C:   000000D1  C$5Code.c$41$1$159                 5Code
C:   000000D3  A$5Code$1163                       5Code
C:   000000D5  A$5Code$1166                       5Code
C:   000000D5  C$5Code.c$42$1$159                 5Code
C:   000000D7  A$5Code$1167                       5Code

ASxxxx Linker V03.00 + NoICE + sdld,  page 29.
Hexadecimal  [32-Bits]

Area                                    Addr        Size        Decimal Bytes (Attributes)
--------------------------------        ----        ----        ------- ----- ------------
GSFINAL                             000000D9    00000003 =           3. bytes (REL,CON,CODE)

      Value  Global                              Global Defined In Module
      -----  --------------------------------   ------------------------
C:   000000D9  A$5Code$1169                       5Code

ASxxxx Linker V03.00 + NoICE + sdld,  page 30.
Hexadecimal  [32-Bits]

Area                                    Addr        Size        Decimal Bytes (Attributes)
--------------------------------        ----        ----        ------- ----- ------------
CSEG                                000000DC    000013D1 =        5073. bytes (REL,CON,CODE)

      Value  Global                              Global Defined In Module
      -----  --------------------------------   ------------------------
C:   000000DC  A$5Code$1204                       5Code
C:   000000DC  C$c8051_SDCC.h$42$0$0              5Code
C:   000000DC  C$c8051_SDCC.h$46$1$31             5Code
C:   000000DC  G$SYSCLK_Init$0$0                  5Code
C:   000000DC  _SYSCLK_Init                       5Code
C:   000000DF  A$5Code$1207                       5Code
C:   000000DF  C$c8051_SDCC.h$49$1$31             5Code
C:   000000E1  A$5Code$1208                       5Code
C:   000000E3  A$5Code$1210                       5Code
C:   000000E4  A$5Code$1211                       5Code
C:   000000E7  A$5Code$1212                       5Code
C:   000000E8  A$5Code$1214                       5Code
C:   000000E9  A$5Code$1215                       5Code
C:   000000EA  A$5Code$1216                       5Code
C:   000000EC  A$5Code$1220                       5Code
C:   000000EC  C$c8051_SDCC.h$51$1$31             5Code
C:   000000EE  A$5Code$1221                       5Code
C:   000000F1  A$5Code$1224                       5Code
C:   000000F1  C$c8051_SDCC.h$53$1$31             5Code
C:   000000F4  A$5Code$1227                       5Code
C:   000000F4  C$c8051_SDCC.h$56$1$31             5Code
C:   000000F4  XG$SYSCLK_Init$0$0                 5Code
C:   000000F5  A$5Code$1240                       5Code
C:   000000F5  C$c8051_SDCC.h$64$1$31             5Code
C:   000000F5  C$c8051_SDCC.h$66$1$33             5Code
C:   000000F5  G$UART0_Init$0$0                   5Code
C:   000000F5  _UART0_Init                        5Code
C:   000000F8  A$5Code$1243                       5Code
C:   000000F8  C$c8051_SDCC.h$67$1$33             5Code
C:   000000FB  A$5Code$1246                       5Code
C:   000000FB  C$c8051_SDCC.h$68$1$33             5Code
C:   000000FE  A$5Code$1249                       5Code
C:   000000FE  C$c8051_SDCC.h$69$1$33             5Code
C:   00000100  A$5Code$1252                       5Code
C:   00000100  C$c8051_SDCC.h$70$1$33             5Code
C:   00000103  A$5Code$1255                       5Code
C:   00000103  C$c8051_SDCC.h$71$1$33             5Code
C:   00000106  A$5Code$1258                       5Code
C:   00000106  C$c8051_SDCC.h$73$1$33             5Code
C:   00000108  A$5Code$1261                       5Code
C:   00000108  C$c8051_SDCC.h$74$1$33             5Code
C:   0000010B  A$5Code$1264                       5Code
C:   0000010B  C$c8051_SDCC.h$75$1$33             5Code
C:   0000010B  XG$UART0_Init$0$0                  5Code
C:   0000010C  A$5Code$1277                       5Code
C:   0000010C  C$c8051_SDCC.h$83$1$33             5Code
C:   0000010C  C$c8051_SDCC.h$85$1$35             5Code
C:   0000010C  G$Sys_Init$0$0                     5Code
C:   0000010C  _Sys_Init                          5Code
C:   0000010F  A$5Code$1280                       5Code
ASxxxx Linker V03.00 + NoICE + sdld,  page 31.
Hexadecimal  [32-Bits]

Area                                    Addr        Size        Decimal Bytes (Attributes)
--------------------------------        ----        ----        ------- ----- ------------
CSEG                                000000DC    000013D1 =        5073. bytes (REL,CON,CODE)

      Value  Global                              Global Defined In Module
      -----  --------------------------------   ------------------------
C:   0000010F  C$c8051_SDCC.h$86$1$35             5Code
C:   00000112  A$5Code$1283                       5Code
C:   00000112  C$c8051_SDCC.h$88$1$35             5Code
C:   00000115  A$5Code$1286                       5Code
C:   00000115  C$c8051_SDCC.h$89$1$35             5Code
C:   00000118  A$5Code$1289                       5Code
C:   00000118  C$c8051_SDCC.h$91$1$35             5Code
C:   0000011B  A$5Code$1292                       5Code
C:   0000011B  C$c8051_SDCC.h$92$1$35             5Code
C:   0000011E  A$5Code$1295                       5Code
C:   0000011E  C$c8051_SDCC.h$93$1$35             5Code
C:   0000011E  XG$Sys_Init$0$0                    5Code
C:   0000011F  A$5Code$1308                       5Code
C:   0000011F  C$c8051_SDCC.h$98$1$35             5Code
C:   0000011F  G$putchar$0$0                      5Code
C:   0000011F  _putchar                           5Code
C:   00000121  A$5Code$1314                       5Code
C:   00000121  C$c8051_SDCC.h$100$1$37            5Code
C:   00000121  C$c8051_SDCC.h$101$1$37            5Code
C:   00000124  A$5Code$1315                       5Code
C:   00000126  A$5Code$1319                       5Code
C:   00000126  C$c8051_SDCC.h$102$1$37            5Code
C:   00000128  A$5Code$1322                       5Code
C:   00000128  C$c8051_SDCC.h$103$1$37            5Code
C:   00000128  XG$putchar$0$0                     5Code
C:   00000129  A$5Code$1340                       5Code
C:   00000129  C$c8051_SDCC.h$108$1$37            5Code
C:   00000129  C$c8051_SDCC.h$111$1$39            5Code
C:   00000129  C$c8051_SDCC.h$112$1$39            5Code
C:   00000129  G$getchar$0$0                      5Code
C:   00000129  _getchar                           5Code
C:   0000012C  A$5Code$1341                       5Code
C:   0000012E  A$5Code$1345                       5Code
C:   0000012E  C$c8051_SDCC.h$113$1$39            5Code
C:   00000131  A$5Code$1348                       5Code
C:   00000131  C$c8051_SDCC.h$114$1$39            5Code
C:   00000134  A$5Code$1351                       5Code
C:   00000134  C$c8051_SDCC.h$115$1$39            5Code
C:   00000137  A$5Code$1354                       5Code
C:   00000137  C$c8051_SDCC.h$116$1$39            5Code
C:   00000137  XG$getchar$0$0                     5Code
C:   00000138  A$5Code$1371                       5Code
C:   00000138  C$i2c.h$81$1$39                    5Code
C:   00000138  G$lcd_print$0$0                    5Code
C:   00000138  _lcd_print                         5Code
C:   0000013A  A$5Code$1372                       5Code
C:   0000013D  A$5Code$1375                       5Code
C:   0000013D  C$i2c.h$87$1$73                    5Code
C:   0000013F  A$5Code$1376                       5Code
C:   00000141  A$5Code$1377                       5Code
C:   00000142  A$5Code$1378                       5Code
ASxxxx Linker V03.00 + NoICE + sdld,  page 32.
Hexadecimal  [32-Bits]

Area                                    Addr        Size        Decimal Bytes (Attributes)
--------------------------------        ----        ----        ------- ----- ------------
CSEG                                000000DC    000013D1 =        5073. bytes (REL,CON,CODE)

      Value  Global                              Global Defined In Module
      -----  --------------------------------   ------------------------
C:   00000144  A$5Code$1379                       5Code
C:   00000145  A$5Code$1380                       5Code
C:   00000147  A$5Code$1381                       5Code
C:   00000148  A$5Code$1382                       5Code
C:   0000014A  A$5Code$1383                       5Code
C:   0000014D  A$5Code$1384                       5Code
C:   0000014F  A$5Code$1385                       5Code
C:   00000152  A$5Code$1386                       5Code
C:   00000154  A$5Code$1387                       5Code
C:   00000156  A$5Code$1388                       5Code
C:   00000158  A$5Code$1392                       5Code
C:   00000158  C$i2c.h$89$2$74                    5Code
C:   0000015A  A$5Code$1393                       5Code
C:   0000015C  A$5Code$1394                       5Code
C:   0000015D  A$5Code$1395                       5Code
C:   0000015F  A$5Code$1398                       5Code
C:   0000015F  C$i2c.h$90$1$73                    5Code
C:   00000161  A$5Code$1399                       5Code
C:   00000163  A$5Code$1400                       5Code
C:   00000164  A$5Code$1401                       5Code
C:   00000166  A$5Code$1402                       5Code
C:   00000167  A$5Code$1403                       5Code
C:   00000169  A$5Code$1404                       5Code
C:   0000016A  A$5Code$1405                       5Code
C:   0000016C  A$5Code$1406                       5Code
C:   0000016F  A$5Code$1407                       5Code
C:   00000172  A$5Code$1408                       5Code
C:   00000175  A$5Code$1411                       5Code
C:   00000175  C$i2c.h$93$1$73                    5Code
C:   00000178  A$5Code$1412                       5Code
C:   0000017B  A$5Code$1413                       5Code
C:   0000017E  A$5Code$1414                       5Code
C:   00000180  A$5Code$1417                       5Code
C:   00000182  A$5Code$1419                       5Code
C:   00000183  A$5Code$1420                       5Code
C:   00000184  A$5Code$1421                       5Code
C:   00000185  A$5Code$1422                       5Code
C:   00000187  A$5Code$1425                       5Code
C:   00000187  C$i2c.h$96$2$76                    5Code
C:   00000188  A$5Code$1426                       5Code
C:   0000018A  A$5Code$1427                       5Code
C:   0000018C  A$5Code$1428                       5Code
C:   0000018D  A$5Code$1429                       5Code
C:   0000018F  A$5Code$1430                       5Code
C:   00000191  A$5Code$1431                       5Code
C:   00000192  A$5Code$1432                       5Code
C:   00000193  A$5Code$1433                       5Code
C:   00000196  A$5Code$1434                       5Code
C:   00000197  A$5Code$1435                       5Code
C:   00000199  A$5Code$1436                       5Code
C:   0000019B  A$5Code$1437                       5Code
ASxxxx Linker V03.00 + NoICE + sdld,  page 33.
Hexadecimal  [32-Bits]

Area                                    Addr        Size        Decimal Bytes (Attributes)
--------------------------------        ----        ----        ------- ----- ------------
CSEG                                000000DC    000013D1 =        5073. bytes (REL,CON,CODE)

      Value  Global                              Global Defined In Module
      -----  --------------------------------   ------------------------
C:   0000019C  A$5Code$1438                       5Code
C:   0000019E  A$5Code$1439                       5Code
C:   000001A0  A$5Code$1440                       5Code
C:   000001A2  A$5Code$1441                       5Code
C:   000001A3  A$5Code$1445                       5Code
C:   000001A3  C$i2c.h$94$1$73                    5Code
C:   000001A4  A$5Code$1446                       5Code
C:   000001A6  A$5Code$1450                       5Code
C:   000001A6  C$i2c.h$99$1$73                    5Code
C:   000001A9  A$5Code$1451                       5Code
C:   000001AC  A$5Code$1452                       5Code
C:   000001AF  A$5Code$1453                       5Code
C:   000001B2  A$5Code$1454                       5Code
C:   000001B4  A$5Code$1455                       5Code
C:   000001B7  A$5Code$1456                       5Code
C:   000001BA  A$5Code$1458                       5Code
C:   000001BC  A$5Code$1461                       5Code
C:   000001BC  C$i2c.h$100$1$73                   5Code
C:   000001BC  XG$lcd_print$0$0                   5Code
C:   000001BD  A$5Code$1477                       5Code
C:   000001BD  C$i2c.h$103$1$73                   5Code
C:   000001BD  C$i2c.h$105$1$73                   5Code
C:   000001BD  G$lcd_clear$0$0                    5Code
C:   000001BD  _lcd_clear                         5Code
C:   000001C0  A$5Code$1481                       5Code
C:   000001C0  C$i2c.h$107$1$77                   5Code
C:   000001C2  A$5Code$1482                       5Code
C:   000001C4  A$5Code$1483                       5Code
C:   000001C6  A$5Code$1484                       5Code
C:   000001C9  A$5Code$1485                       5Code
C:   000001CC  A$5Code$1486                       5Code
C:   000001CF  A$5Code$1487                       5Code
C:   000001D2  A$5Code$1488                       5Code
C:   000001D5  A$5Code$1489                       5Code
C:   000001D8  A$5Code$1490                       5Code
C:   000001DB  A$5Code$1491                       5Code
C:   000001DD  A$5Code$1495                       5Code
C:   000001DD  C$i2c.h$109$1$77                   5Code
C:   000001E0  A$5Code$1498                       5Code
C:   000001E0  C$i2c.h$110$1$77                   5Code
C:   000001E3  A$5Code$1499                       5Code
C:   000001E6  A$5Code$1500                       5Code
C:   000001E9  A$5Code$1501                       5Code
C:   000001EC  A$5Code$1502                       5Code
C:   000001EF  A$5Code$1503                       5Code
C:   000001F2  A$5Code$1504                       5Code
C:   000001F5  A$5Code$1507                       5Code
C:   000001F5  C$i2c.h$111$1$77                   5Code
C:   000001F5  XG$lcd_clear$0$0                   5Code
C:   000001F6  A$5Code$1523                       5Code
C:   000001F6  C$i2c.h$114$1$77                   5Code
ASxxxx Linker V03.00 + NoICE + sdld,  page 34.
Hexadecimal  [32-Bits]

Area                                    Addr        Size        Decimal Bytes (Attributes)
--------------------------------        ----        ----        ------- ----- ------------
CSEG                                000000DC    000013D1 =        5073. bytes (REL,CON,CODE)

      Value  Global                              Global Defined In Module
      -----  --------------------------------   ------------------------
C:   000001F6  C$i2c.h$118$1$78                   5Code
C:   000001F6  G$read_keypad$0$0                  5Code
C:   000001F6  _read_keypad                       5Code
C:   000001F9  A$5Code$1524                       5Code
C:   000001FC  A$5Code$1525                       5Code
C:   000001FF  A$5Code$1526                       5Code
C:   00000202  A$5Code$1527                       5Code
C:   00000205  A$5Code$1528                       5Code
C:   00000208  A$5Code$1529                       5Code
C:   0000020B  A$5Code$1532                       5Code
C:   0000020B  C$i2c.h$119$1$78                   5Code
C:   0000020D  A$5Code$1533                       5Code
C:   00000210  A$5Code$1534                       5Code
C:   00000213  A$5Code$1535                       5Code
C:   00000215  A$5Code$1539                       5Code
C:   00000217  A$5Code$1540                       5Code
C:   00000219  A$5Code$1544                       5Code
C:   00000219  C$i2c.h$123$2$79                   5Code
C:   0000021B  A$5Code$1545                       5Code
C:   0000021D  A$5Code$1546                       5Code
C:   0000021F  A$5Code$1547                       5Code
C:   00000221  A$5Code$1548                       5Code
C:   00000223  A$5Code$1550                       5Code
C:   00000224  A$5Code$1551                       5Code
C:   00000225  A$5Code$1552                       5Code
C:   00000226  A$5Code$1553                       5Code
C:   00000227  A$5Code$1554                       5Code
C:   00000228  A$5Code$1555                       5Code
C:   00000229  A$5Code$1557                       5Code
C:   0000022C  A$5Code$1558                       5Code
C:   0000022E  A$5Code$1559                       5Code
C:   00000230  A$5Code$1560                       5Code
C:   00000231  A$5Code$1561                       5Code
C:   00000233  A$5Code$1562                       5Code
C:   00000234  A$5Code$1563                       5Code
C:   00000236  A$5Code$1564                       5Code
C:   00000237  A$5Code$1565                       5Code
C:   00000238  A$5Code$1566                       5Code
C:   0000023A  A$5Code$1569                       5Code
C:   0000023A  C$i2c.h$124$2$79                   5Code
C:   0000023C  A$5Code$1570                       5Code
C:   0000023D  A$5Code$1571                       5Code
C:   0000023F  A$5Code$1572                       5Code
C:   00000241  A$5Code$1576                       5Code
C:   00000241  C$i2c.h$121$1$78                   5Code
C:   00000242  A$5Code$1577                       5Code
C:   00000244  A$5Code$1578                       5Code
C:   00000247  A$5Code$1580                       5Code
C:   00000249  A$5Code$1583                       5Code
C:   00000249  C$i2c.h$127$1$78                   5Code
C:   0000024B  A$5Code$1584                       5Code
ASxxxx Linker V03.00 + NoICE + sdld,  page 35.
Hexadecimal  [32-Bits]

Area                                    Addr        Size        Decimal Bytes (Attributes)
--------------------------------        ----        ----        ------- ----- ------------
CSEG                                000000DC    000013D1 =        5073. bytes (REL,CON,CODE)

      Value  Global                              Global Defined In Module
      -----  --------------------------------   ------------------------
C:   0000024E  A$5Code$1585                       5Code
C:   00000251  A$5Code$1586                       5Code
C:   00000253  A$5Code$1590                       5Code
C:   00000253  C$i2c.h$129$1$78                   5Code
C:   00000255  A$5Code$1591                       5Code
C:   00000258  A$5Code$1592                       5Code
C:   0000025B  A$5Code$1593                       5Code
C:   0000025D  A$5Code$1597                       5Code
C:   0000025D  C$i2c.h$131$1$78                   5Code
C:   0000025F  A$5Code$1598                       5Code
C:   00000262  A$5Code$1599                       5Code
C:   00000265  A$5Code$1600                       5Code
C:   00000267  A$5Code$1604                       5Code
C:   00000267  C$i2c.h$133$1$78                   5Code
C:   00000269  A$5Code$1605                       5Code
C:   0000026C  A$5Code$1606                       5Code
C:   0000026F  A$5Code$1607                       5Code
C:   00000271  A$5Code$1611                       5Code
C:   00000271  C$i2c.h$135$1$78                   5Code
C:   00000274  A$5Code$1615                       5Code
C:   00000274  C$i2c.h$136$1$78                   5Code
C:   00000274  XG$read_keypad$0$0                 5Code
C:   00000275  A$5Code$1631                       5Code
C:   00000275  C$i2c.h$148$1$78                   5Code
C:   00000275  G$kpd_input$0$0                    5Code
C:   00000275  _kpd_input                         5Code
C:   00000277  A$5Code$1636                       5Code
C:   00000277  C$i2c.h$153$1$81                   5Code
C:   00000277  C$i2c.h$156$1$81                   5Code
C:   00000278  A$5Code$1637                       5Code
C:   00000279  A$5Code$1638                       5Code
C:   0000027A  A$5Code$1639                       5Code
C:   0000027B  A$5Code$1640                       5Code
C:   0000027D  A$5Code$1641                       5Code
C:   0000027F  A$5Code$1642                       5Code
C:   00000281  A$5Code$1643                       5Code
C:   00000283  A$5Code$1644                       5Code
C:   00000285  A$5Code$1645                       5Code
C:   00000287  A$5Code$1646                       5Code
C:   00000289  A$5Code$1647                       5Code
C:   0000028B  A$5Code$1648                       5Code
C:   0000028D  A$5Code$1649                       5Code
C:   00000290  A$5Code$1650                       5Code
C:   00000292  A$5Code$1651                       5Code
C:   00000294  A$5Code$1652                       5Code
C:   00000296  A$5Code$1653                       5Code
C:   00000298  A$5Code$1654                       5Code
C:   0000029A  A$5Code$1658                       5Code
C:   0000029A  C$i2c.h$158$1$81                   5Code
C:   0000029C  A$5Code$1659                       5Code
C:   0000029E  A$5Code$1660                       5Code
ASxxxx Linker V03.00 + NoICE + sdld,  page 36.
Hexadecimal  [32-Bits]

Area                                    Addr        Size        Decimal Bytes (Attributes)
--------------------------------        ----        ----        ------- ----- ------------
CSEG                                000000DC    000013D1 =        5073. bytes (REL,CON,CODE)

      Value  Global                              Global Defined In Module
      -----  --------------------------------   ------------------------
C:   000002A0  A$5Code$1661                       5Code
C:   000002A2  A$5Code$1662                       5Code
C:   000002A3  A$5Code$1663                       5Code
C:   000002A5  A$5Code$1664                       5Code
C:   000002A7  A$5Code$1665                       5Code
C:   000002A9  A$5Code$1666                       5Code
C:   000002AA  A$5Code$1667                       5Code
C:   000002AC  A$5Code$1668                       5Code
C:   000002AE  A$5Code$1669                       5Code
C:   000002B0  A$5Code$1670                       5Code
C:   000002B1  A$5Code$1671                       5Code
C:   000002B3  A$5Code$1672                       5Code
C:   000002B5  A$5Code$1673                       5Code
C:   000002B7  A$5Code$1674                       5Code
C:   000002B8  A$5Code$1675                       5Code
C:   000002BA  A$5Code$1676                       5Code
C:   000002BC  A$5Code$1677                       5Code
C:   000002BE  A$5Code$1678                       5Code
C:   000002BF  A$5Code$1679                       5Code
C:   000002C1  A$5Code$1680                       5Code
C:   000002C3  A$5Code$1681                       5Code
C:   000002C5  A$5Code$1682                       5Code
C:   000002C7  A$5Code$1683                       5Code
C:   000002C9  A$5Code$1684                       5Code
C:   000002CB  A$5Code$1685                       5Code
C:   000002CD  A$5Code$1686                       5Code
C:   000002D0  A$5Code$1687                       5Code
C:   000002D2  A$5Code$1688                       5Code
C:   000002D4  A$5Code$1689                       5Code
C:   000002D6  A$5Code$1692                       5Code
C:   000002D6  C$i2c.h$160$1$81                   5Code
C:   000002D9  A$5Code$1693                       5Code
C:   000002DC  A$5Code$1694                       5Code
C:   000002DD  A$5Code$1695                       5Code
C:   000002E0  A$5Code$1696                       5Code
C:   000002E2  A$5Code$1697                       5Code
C:   000002E4  A$5Code$1700                       5Code
[...]
C:   00000AA7  A$5Code$3316                       5Code
C:   00000AA9  A$5Code$3317                       5Code
C:   00000AAB  A$5Code$3320                       5Code
C:   00000AAB  C$5Code.c$341$3$141                5Code
C:   00000AAE  A$5Code$3324                       5Code
C:   00000AAE  C$5Code.c$349$2$131                5Code
C:   00000AB0  A$5Code$3325                       5Code
C:   00000AB2  A$5Code$3326                       5Code
C:   00000AB5  A$5Code$3329                       5Code
C:   00000AB5  C$5Code.c$350$2$131                5Code
C:   00000AB7  A$5Code$3330                       5Code
C:   00000AB9  A$5Code$3331                       5Code
C:   00000ABB  A$5Code$3332                       5Code
C:   00000ABD  A$5Code$3333                       5Code
C:   00000ABF  A$5Code$3334                       5Code
C:   00000AC1  A$5Code$3335                       5Code
C:   00000AC4  A$5Code$3336                       5Code
C:   00000AC6  A$5Code$3337                       5Code
C:   00000AC8  A$5Code$3338                       5Code
C:   00000ACA  A$5Code$3339                       5Code
C:   00000ACC  A$5Code$3340                       5Code
C:   00000ACE  A$5Code$3343                       5Code
C:   00000ACE  C$5Code.c$351$1$130                5Code
C:   00000AD1  A$5Code$3344                       5Code
C:   00000AD4  A$5Code$3345                       5Code
C:   00000AD6  A$5Code$3346                       5Code
C:   00000AD8  A$5Code$3347                       5Code
C:   00000ADA  A$5Code$3348                       5Code
ASxxxx Linker V03.00 + NoICE + sdld,  page 61.
Hexadecimal  [32-Bits]

Area                                    Addr        Size        Decimal Bytes (Attributes)
--------------------------------        ----        ----        ------- ----- ------------
CSEG                                000000DC    000013D1 =        5073. bytes (REL,CON,CODE)

      Value  Global                              Global Defined In Module
      -----  --------------------------------   ------------------------
C:   00000ADC  A$5Code$3349                       5Code
C:   00000ADF  A$5Code$3350                       5Code
C:   00000AE1  A$5Code$3351                       5Code
C:   00000AE3  A$5Code$3352                       5Code
C:   00000AE5  A$5Code$3353                       5Code
C:   00000AE7  A$5Code$3354                       5Code
C:   00000AE9  A$5Code$3355                       5Code
C:   00000AEB  A$5Code$3356                       5Code
C:   00000AED  A$5Code$3357                       5Code
C:   00000AEF  A$5Code$3358                       5Code
C:   00000AF1  A$5Code$3359                       5Code
C:   00000AF3  A$5Code$3360                       5Code
C:   00000AF6  A$5Code$3361                       5Code
C:   00000AF8  A$5Code$3362                       5Code
C:   00000AFA  A$5Code$3363                       5Code
C:   00000AFC  A$5Code$3366                       5Code
C:   00000AFC  C$5Code.c$352$2$131                5Code
C:   00000AFE  A$5Code$3367                       5Code
C:   00000B00  A$5Code$3368                       5Code
C:   00000B02  A$5Code$3369                       5Code
C:   00000B04  A$5Code$3370                       5Code
C:   00000B06  A$5Code$3371                       5Code
C:   00000B08  A$5Code$3372                       5Code
C:   00000B0B  A$5Code$3373                       5Code
C:   00000B0D  A$5Code$3374                       5Code
C:   00000B0F  A$5Code$3375                       5Code
C:   00000B11  A$5Code$3376                       5Code
C:   00000B13  A$5Code$3377                       5Code
C:   00000B15  A$5Code$3380                       5Code
C:   00000B15  C$5Code.c$354$2$131                5Code
C:   00000B16  A$5Code$3381                       5Code
C:   00000B18  A$5Code$3382                       5Code
C:   00000B1A  A$5Code$3386                       5Code
C:   00000B1A  C$5Code.c$355$2$131                5Code
C:   00000B1B  A$5Code$3387                       5Code
C:   00000B1D  A$5Code$3388                       5Code
C:   00000B1F  A$5Code$3389                       5Code
C:   00000B21  A$5Code$3390                       5Code
C:   00000B23  A$5Code$3391                       5Code
C:   00000B25  A$5Code$3394                       5Code
C:   00000B25  C$5Code.c$357$2$131                5Code
C:   00000B27  A$5Code$3395                       5Code
C:   00000B29  A$5Code$3396                       5Code
C:   00000B2C  A$5Code$3399                       5Code
C:   00000B2C  C$5Code.c$358$2$131                5Code
C:   00000B2E  A$5Code$3400                       5Code
C:   00000B30  A$5Code$3401                       5Code
C:   00000B32  A$5Code$3402                       5Code
C:   00000B34  A$5Code$3403                       5Code
C:   00000B36  A$5Code$3404                       5Code
C:   00000B38  A$5Code$3405                       5Code
ASxxxx Linker V03.00 + NoICE + sdld,  page 62.
Hexadecimal  [32-Bits]

Area                                    Addr        Size        Decimal Bytes (Attributes)
--------------------------------        ----        ----        ------- ----- ------------
CSEG                                000000DC    000013D1 =        5073. bytes (REL,CON,CODE)

      Value  Global                              Global Defined In Module
      -----  --------------------------------   ------------------------
C:   00000B3B  A$5Code$3406                       5Code
C:   00000B3D  A$5Code$3407                       5Code
C:   00000B3F  A$5Code$3408                       5Code
C:   00000B41  A$5Code$3411                       5Code
C:   00000B41  C$5Code.c$359$2$131                5Code
C:   00000B43  A$5Code$3412                       5Code
C:   00000B45  A$5Code$3413                       5Code
C:   00000B47  A$5Code$3414                       5Code
C:   00000B49  A$5Code$3415                       5Code
C:   00000B4B  A$5Code$3416                       5Code
C:   00000B4D  A$5Code$3417                       5Code
C:   00000B50  A$5Code$3418                       5Code
C:   00000B52  A$5Code$3419                       5Code
C:   00000B54  A$5Code$3420                       5Code
C:   00000B56  A$5Code$3423                       5Code
C:   00000B56  C$5Code.c$360$2$131                5Code
C:   00000B58  A$5Code$3424                       5Code
C:   00000B5A  A$5Code$3425                       5Code
C:   00000B5C  A$5Code$3426                       5Code
C:   00000B5E  A$5Code$3427                       5Code
C:   00000B60  A$5Code$3428                       5Code
C:   00000B62  A$5Code$3429                       5Code
C:   00000B65  A$5Code$3430                       5Code
C:   00000B67  A$5Code$3431                       5Code
C:   00000B69  A$5Code$3432                       5Code
C:   00000B6B  A$5Code$3435                       5Code
C:   00000B6B  C$5Code.c$363$2$131                5Code
C:   00000B6E  A$5Code$3436                       5Code
C:   00000B70  A$5Code$3437                       5Code
C:   00000B72  A$5Code$3438                       5Code
C:   00000B74  A$5Code$3441                       5Code
C:   00000B74  C$5Code.c$364$2$131                5Code
C:   00000B77  A$5Code$3442                       5Code
C:   00000B7A  A$5Code$3446                       5Code
C:   00000B7A  C$5Code.c$366$3$149                5Code
C:   00000B7C  A$5Code$3447                       5Code
C:   00000B7E  A$5Code$3450                       5Code
C:   00000B7E  C$5Code.c$371$1$130                5Code
C:   00000B7E  XG$getDesiredGains$0$0             5Code
C:   00000B7F  A$5Code$3463                       5Code
C:   00000B7F  C$5Code.c$378$1$130                5Code
C:   00000B7F  C$5Code.c$381$1$150                5Code
C:   00000B7F  G$Port_Init$0$0                    5Code
C:   00000B7F  _Port_Init                         5Code
C:   00000B82  A$5Code$3466                       5Code
C:   00000B82  C$5Code.c$382$1$150                5Code
C:   00000B85  A$5Code$3469                       5Code
C:   00000B85  C$5Code.c$383$1$150                5Code
C:   00000B88  A$5Code$3472                       5Code
C:   00000B88  C$5Code.c$384$1$150                5Code
C:   00000B8A  A$5Code$3473                       5Code
ASxxxx Linker V03.00 + NoICE + sdld,  page 63.
Hexadecimal  [32-Bits]

Area                                    Addr        Size        Decimal Bytes (Attributes)
--------------------------------        ----        ----        ------- ----- ------------
CSEG                                000000DC    000013D1 =        5073. bytes (REL,CON,CODE)

      Value  Global                              Global Defined In Module
      -----  --------------------------------   ------------------------
C:   00000B8C  A$5Code$3474                       5Code
C:   00000B8D  A$5Code$3475                       5Code
C:   00000B8F  A$5Code$3478                       5Code
C:   00000B8F  C$5Code.c$386$1$150                5Code
C:   00000B92  A$5Code$3481                       5Code
C:   00000B92  C$5Code.c$387$1$150                5Code
C:   00000B94  A$5Code$3482                       5Code
C:   00000B96  A$5Code$3483                       5Code
C:   00000B97  A$5Code$3484                       5Code
C:   00000B99  A$5Code$3487                       5Code
C:   00000B99  C$5Code.c$388$1$150                5Code
C:   00000B9C  A$5Code$3490                       5Code
C:   00000B9C  C$5Code.c$389$1$150                5Code
C:   00000B9C  XG$Port_Init$0$0                   5Code
C:   00000B9D  A$5Code$3503                       5Code
C:   00000B9D  C$5Code.c$394$1$150                5Code
C:   00000B9D  C$5Code.c$396$1$152                5Code
C:   00000B9D  G$ADC_Init$0$0                     5Code
C:   00000B9D  _ADC_Init                          5Code
C:   00000BA0  A$5Code$3506                       5Code
C:   00000BA0  C$5Code.c$397$1$152                5Code
C:   00000BA3  A$5Code$3509                       5Code
C:   00000BA3  C$5Code.c$398$1$152                5Code
C:   00000BA6  A$5Code$3512                       5Code
C:   00000BA6  C$5Code.c$400$1$152                5Code
C:   00000BA9  A$5Code$3515                       5Code
C:   00000BA9  C$5Code.c$402$1$152                5Code
C:   00000BA9  XG$ADC_Init$0$0                    5Code
C:   00000BAA  A$5Code$3528                       5Code
C:   00000BAA  C$5Code.c$407$1$152                5Code
C:   00000BAA  C$5Code.c$409$1$153                5Code
C:   00000BAA  G$XBR0_Init$0$0                    5Code
C:   00000BAA  _XBR0_Init                         5Code
C:   00000BAD  A$5Code$3531                       5Code
C:   00000BAD  C$5Code.c$411$1$153                5Code
C:   00000BAD  XG$XBR0_Init$0$0                   5Code
C:   00000BAE  A$5Code$3544                       5Code
C:   00000BAE  C$5Code.c$416$1$153                5Code
C:   00000BAE  C$5Code.c$418$1$155                5Code
C:   00000BAE  G$PCA_Init$0$0                     5Code
C:   00000BAE  _PCA_Init                          5Code
C:   00000BB1  A$5Code$3547                       5Code
C:   00000BB1  C$5Code.c$419$1$155                5Code
C:   00000BB4  A$5Code$3550                       5Code
C:   00000BB4  C$5Code.c$421$1$155                5Code
C:   00000BB7  A$5Code$3553                       5Code
C:   00000BB7  C$5Code.c$423$1$155                5Code
C:   00000BBA  A$5Code$3556                       5Code
C:   00000BBA  C$5Code.c$424$1$155                5Code
C:   00000BBD  A$5Code$3559                       5Code
C:   00000BBD  C$5Code.c$426$1$155                5Code
ASxxxx Linker V03.00 + NoICE + sdld,  page 64.
Hexadecimal  [32-Bits]

Area                                    Addr        Size        Decimal Bytes (Attributes)
--------------------------------        ----        ----        ------- ----- ------------
CSEG                                000000DC    000013D1 =        5073. bytes (REL,CON,CODE)

      Value  Global                              Global Defined In Module
      -----  --------------------------------   ------------------------
C:   00000BC0  A$5Code$3562                       5Code
C:   00000BC0  C$5Code.c$427$1$155                5Code
C:   00000BC2  A$5Code$3565                       5Code
C:   00000BC2  C$5Code.c$428$1$155                5Code
C:   00000BC2  XG$PCA_Init$0$0                    5Code
C:   00000BC3  A$5Code$3576                       5Code
C:   00000BC3  C$5Code.c$433$1$155                5Code
C:   00000BC3  G$PCA_ISR$0$0                      5Code
C:   00000BC3  _PCA_ISR                           5Code
C:   00000BC5  A$5Code$3577                       5Code
C:   00000BC7  A$5Code$3580                       5Code
C:   00000BC7  C$5Code.c$435$1$157                5Code
C:   00000BCA  A$5Code$3583                       5Code
C:   00000BCA  C$5Code.c$437$2$158                5Code
C:   00000BCC  A$5Code$3584                       5Code
C:   00000BCD  A$5Code$3585                       5Code
C:   00000BD0  A$5Code$3586                       5Code
C:   00000BD2  A$5Code$3590                       5Code
C:   00000BD2  C$5Code.c$438$2$158                5Code
C:   00000BD4  A$5Code$3593                       5Code
C:   00000BD4  C$5Code.c$439$2$158                5Code
C:   00000BD7  A$5Code$3594                       5Code
C:   00000BDA  A$5Code$3598                       5Code
C:   00000BDA  C$5Code.c$442$1$157                5Code
C:   00000BDD  A$5Code$3599                       5Code
C:   00000BDF  A$5Code$3600                       5Code
C:   00000BE1  A$5Code$3603                       5Code
C:   00000BE1  C$5Code.c$443$1$157                5Code
C:   00000BE1  XG$PCA_ISR$0$0                     5Code
C:   00000BE2  A$5Code$3620                       5Code
C:   00000BE2  C$5Code.c$448$1$157                5Code
C:   00000BE2  C$5Code.c$450$1$159                5Code
C:   00000BE2  G$SMB0_Init$0$0                    5Code
C:   00000BE2  _SMB0_Init                         5Code
C:   00000BE5  A$5Code$3623                       5Code
C:   00000BE5  C$5Code.c$451$1$159                5Code
C:   00000BE7  A$5Code$3626                       5Code
C:   00000BE7  C$5Code.c$452$1$159                5Code
C:   00000BE7  XG$SMB0_Init$0$0                   5Code
C:   00000BE8  __divuint                          _divuint
C:   00000C11  _atoi                              _atoi
C:   00000CFD  __gptrput                          _gptrput
C:   00000D18  _abs                               abs
C:   00000D25  __mulint                           _mulint
C:   00000D25  __mulint_dummy                     _mulint
C:   00000DB2  _vsprintf                          sprintf
C:   00000DEF  _sprintf                           sprintf
C:   00000E48  _vprintf                           vprintf
C:   00000E61  _printf                            vprintf
C:   00000F33  __print_format                     printf_large
C:   0000143D  _strlen                            _strlen
ASxxxx Linker V03.00 + NoICE + sdld,  page 65.
Hexadecimal  [32-Bits]

Area                                    Addr        Size        Decimal Bytes (Attributes)
--------------------------------        ----        ----        ------- ----- ------------
CSEG                                000000DC    000013D1 =        5073. bytes (REL,CON,CODE)

      Value  Global                              Global Defined In Module
      -----  --------------------------------   ------------------------
C:   00001455  __gptrget                          _gptrget
C:   00001471  __divsint                          _divsint
C:   000014A9  __sdcc_external_startup            _startup

ASxxxx Linker V03.00 + NoICE + sdld,  page 66.
Hexadecimal  [32-Bits]

Area                                    Addr        Size        Decimal Bytes (Attributes)
--------------------------------        ----        ----        ------- ----- ------------
CONST                               000014AD    0000018F =         399. bytes (REL,CON,CODE)

      Value  Global                              Global Defined In Module
      -----  --------------------------------   ------------------------
C:   000014AD  F5Code$__str_0$0$0                 5Code
C:   000014C3  F5Code$__str_1$0$0                 5Code
C:   000014D3  F5Code$__str_2$0$0                 5Code
C:   000014D6  F5Code$__str_3$0$0                 5Code
C:   000014F0  F5Code$__str_4$0$0                 5Code
C:   0000150A  F5Code$__str_5$0$0                 5Code
C:   0000151E  F5Code$__str_6$0$0                 5Code
C:   00001533  F5Code$__str_7$0$0                 5Code
C:   00001548  F5Code$__str_8$0$0                 5Code
C:   0000155D  F5Code$__str_9$0$0                 5Code
C:   00001567  F5Code$__str_10$0$0                5Code
C:   0000157C  F5Code$__str_11$0$0                5Code
C:   00001591  F5Code$__str_12$0$0                5Code
C:   000015A6  F5Code$__str_13$0$0                5Code
C:   000015BE  F5Code$__str_14$0$0                5Code
C:   000015D3  F5Code$__str_15$0$0                5Code
C:   000015E8  F5Code$__str_16$0$0                5Code
C:   000015FC  F5Code$__str_17$0$0                5Code
C:   00001607  F5Code$__str_18$0$0                5Code
C:   0000161C  F5Code$__str_19$0$0                5Code

ASxxxx Linker V03.00 + NoICE + sdld,  page 67.

Files Linked                              [ module(s) ]

C:\Users\Christopher\Google Drive\School\2015 Spring - Embedded Control\Labs\05 - Accel\Code\5Code.rel
                                          [  ]


Libraries Linked                          [ object file ]

C:\Program Files\SDCC\bin\..\lib\small/libint.lib
                                          [ _divuint.rel ]
C:\Program Files\SDCC\bin\..\lib\small/mcs51.lib
                                          [ crtclear.rel ]
C:\Program Files\SDCC\bin\..\lib\small/libsdcc.lib
                                          [ _atoi.rel ]
C:\Program Files\SDCC\bin\..\lib\small/mcs51.lib
                                          [ crtxinit.rel ]
C:\Program Files\SDCC\bin\..\lib\small/libsdcc.lib
                                          [ _gptrput.rel ]
C:\Program Files\SDCC\bin\..\lib\small/libsdcc.lib
                                          [ abs.rel ]
C:\Program Files\SDCC\bin\..\lib\small/libint.lib
                                          [ _mulint.rel ]
C:\Program Files\SDCC\bin\..\lib\small/libsdcc.lib
                                          [ sprintf.rel ]
C:\Program Files\SDCC\bin\..\lib\small/mcs51.lib
                                          [ crtxclear.rel ]
C:\Program Files\SDCC\bin\..\lib\small/libsdcc.lib
                                          [ _bp.rel ]
C:\Program Files\SDCC\bin\..\lib\small/libsdcc.lib
                                          [ vprintf.rel ]
C:\Program Files\SDCC\bin\..\lib\small/libsdcc.lib
                                          [ printf_large.rel ]
C:\Program Files\SDCC\bin\..\lib\small/libsdcc.lib
                                          [ _strlen.rel ]
C:\Program Files\SDCC\bin\..\lib\small/mcs51.lib
                                          [ crtstart.rel ]
C:\Program Files\SDCC\bin\..\lib\small/libsdcc.lib
                                          [ _gptrget.rel ]
C:\Program Files\SDCC\bin\..\lib\small/libint.lib
                                          [ _divsint.rel ]
C:\Program Files\SDCC\bin\..\lib\small/libsdcc.lib
                                          [ _startup.rel ]

ASxxxx Linker V03.00 + NoICE + sdld,  page 68.

User Base Address Definitions

HOME = 0x0000
XSEG = 0x0001
PSEG = 0x0001
ISEG = 0x0000
BSEG = 0x0000

