ASxxxx Linker V03.00 + NoICE + sdld,  page 1.
Hexadecimal  [32-Bits]

Area                                    Addr        Size        Decimal Bytes (Attributes)
--------------------------------        ----        ----        ------- ----- ------------
CABS                                00000000    00000000 =           0. bytes (ABS,CON,CODE)

      Value  Global                              Global Defined In Module
      -----  --------------------------------   ------------------------
C:   00000000  l_BIT_BANK                      
C:   00000000  l_CABS                          
C:   00000000  l_GSINIT1                       
C:   00000000  l_GSINIT5                       
C:   00000000  l_IABS                          
C:   00000000  l_PSEG                          
C:   00000000  l_REG_BANK_1                    
C:   00000000  l_REG_BANK_2                    
C:   00000000  l_REG_BANK_3                    
C:   00000000  l_RSEG                          
C:   00000000  l_RSEG0                         
C:   00000000  l_RSEG1                         
C:   00000000  l_XABS                          
C:   00000000  l_XINIT                         
C:   00000000  l_XISEG                         
C:   00000000  l__CODE                         
C:   00000000  s_BSEG                          
C:   00000000  s_CABS                          
C:   00000000  s_DSEG                          
C:   00000000  s_HOME                          
C:   00000000  s_IABS                          
C:   00000000  s_REG_BANK_0                    
C:   00000000  s_RSEG                          
C:   00000000  s_RSEG0                         
C:   00000000  s_RSEG1                         
C:   00000000  s_XABS                          
C:   00000001  s_PSEG                          
C:   00000001  s_XSEG                          
C:   00000003  l_BSEG_BYTES                    
C:   00000003  l_GSFINAL                       
C:   00000003  l_GSINIT0                       
C:   00000006  l_ISEG                          
C:   00000006  l_OSEG                          
C:   00000008  l_REG_BANK_0                    
C:   00000008  s_REG_BANK_1                    
C:   0000000A  l_GSINIT2                       
C:   00000010  s_REG_BANK_2                    
C:   00000011  l_BSEG                          
C:   00000018  s_BIT_BANK                      
C:   00000018  s_REG_BANK_3                    
C:   0000001A  s_OSEG                          
C:   00000020  s_BSEG_BYTES                    
C:   00000020  s__CODE                         
C:   00000022  l_GSINIT3                       
C:   0000002A  l_GSINIT4                       
C:   00000035  l_GSINIT                        
C:   00000050  l_XSEG                          
C:   00000051  l_HOME                          
C:   00000051  s_GSINIT0                       
C:   00000051  s_XISEG                         
ASxxxx Linker V03.00 + NoICE + sdld,  page 2.
Hexadecimal  [32-Bits]

Area                                    Addr        Size        Decimal Bytes (Attributes)
--------------------------------        ----        ----        ------- ----- ------------
CABS                                00000000    00000000 =           0. bytes (ABS,CON,CODE)

      Value  Global                              Global Defined In Module
      -----  --------------------------------   ------------------------
C:   00000054  s_GSINIT1                       
C:   00000054  s_GSINIT2                       
C:   0000005E  s_GSINIT3                       
C:   00000072  s_ISEG                          
C:   00000078  s_SSEG                          
C:   00000080  l_DSEG                          
C:   00000080  s_GSINIT4                       
C:   00000088  l_SSEG                          
C:   000000AA  s_GSINIT                        
C:   000000AA  s_GSINIT5                       
C:   000000DF  s_GSFINAL                       
C:   000000E2  s_CSEG                          
C:   00000100  l_IRAM                          
C:   0000047D  l_CONST                         
C:   00001E6A  l_CSEG                          
C:   00001F4C  s_CONST                         
C:   000023C9  s_XINIT                         

ASxxxx Linker V03.00 + NoICE + sdld,  page 3.
Hexadecimal  [32-Bits]

Area                                    Addr        Size        Decimal Bytes (Attributes)
--------------------------------        ----        ----        ------- ----- ------------
.  .ABS.                            00000000    00000000 =           0. bytes (ABS,CON)

      Value  Global                              Global Defined In Module
      -----  --------------------------------   ------------------------
     00000000  .__.ABS.                           _fsget1arg
     00000080  G$P0$0$0                           Lab4
     00000080  G$P0_0$0$0                         Lab4
     00000080  _P0                                Lab4
     00000080  _P0_0                              Lab4
     00000081  G$P0_1$0$0                         Lab4
     00000081  G$SP$0$0                           Lab4
     00000081  _P0_1                              Lab4
     00000081  _SP                                Lab4
     00000082  G$DPL$0$0                          Lab4
     00000082  G$P0_2$0$0                         Lab4
     00000082  _DPL                               Lab4
     00000082  _P0_2                              Lab4
     00000083  G$BUS_SCL$0$0                      Lab4
     00000083  G$DPH$0$0                          Lab4
     00000083  G$P0_3$0$0                         Lab4
     00000083  _BUS_SCL                           Lab4
     00000083  _DPH                               Lab4
     00000083  _P0_3                              Lab4
     00000084  G$P0_4$0$0                         Lab4
     00000084  G$P4$0$0                           Lab4
     00000084  _P0_4                              Lab4
     00000084  _P4                                Lab4
     00000085  G$P0_5$0$0                         Lab4
     00000085  G$P5$0$0                           Lab4
     00000085  _P0_5                              Lab4
     00000085  _P5                                Lab4
     00000086  G$P0_6$0$0                         Lab4
     00000086  G$P6$0$0                           Lab4
     00000086  _P0_6                              Lab4
     00000086  _P6                                Lab4
     00000087  G$P0_7$0$0                         Lab4
     00000087  G$PCON$0$0                         Lab4
     00000087  _P0_7                              Lab4
     00000087  _PCON                              Lab4
     00000088  G$IT0$0$0                          Lab4
     00000088  G$TCON$0$0                         Lab4
     00000088  _IT0                               Lab4
     00000088  _TCON                              Lab4
     00000089  G$IE0$0$0                          Lab4
     00000089  G$TMOD$0$0                         Lab4
     00000089  _IE0                               Lab4
     00000089  _TMOD                              Lab4
     0000008A  G$IT1$0$0                          Lab4
     0000008A  G$TL0$0$0                          Lab4
     0000008A  _IT1                               Lab4
     0000008A  _TL0                               Lab4
     0000008B  G$IE1$0$0                          Lab4
     0000008B  G$TL1$0$0                          Lab4
     0000008B  _IE1                               Lab4
ASxxxx Linker V03.00 + NoICE + sdld,  page 4.
Hexadecimal  [32-Bits]

Area                                    Addr        Size        Decimal Bytes (Attributes)
--------------------------------        ----        ----        ------- ----- ------------
.  .ABS.                            00000000    00000000 =           0. bytes (ABS,CON)

      Value  Global                              Global Defined In Module
      -----  --------------------------------   ------------------------
     0000008B  _TL1                               Lab4
     0000008C  G$TH0$0$0                          Lab4
     0000008C  G$TR0$0$0                          Lab4
     0000008C  _TH0                               Lab4
     0000008C  _TR0                               Lab4
     0000008D  G$TF0$0$0                          Lab4
     0000008D  G$TH1$0$0                          Lab4
     0000008D  _TF0                               Lab4
     0000008D  _TH1                               Lab4
     0000008E  G$CKCON$0$0                        Lab4
     0000008E  G$TR1$0$0                          Lab4
     0000008E  _CKCON                             Lab4
     0000008E  _TR1                               Lab4
     0000008F  G$PSCTL$0$0                        Lab4
     0000008F  G$TF1$0$0                          Lab4
     0000008F  _PSCTL                             Lab4
     0000008F  _TF1                               Lab4
     00000090  G$P1$0$0                           Lab4
     00000090  G$P1_0$0$0                         Lab4
     00000090  _P1                                Lab4
     00000090  _P1_0                              Lab4
     00000091  G$P1_1$0$0                         Lab4
     00000091  G$TMR3CN$0$0                       Lab4
     00000091  _P1_1                              Lab4
     00000091  _TMR3CN                            Lab4
     00000092  G$P1_2$0$0                         Lab4
     00000092  G$TMR3RLL$0$0                      Lab4
     00000092  _P1_2                              Lab4
     00000092  _TMR3RLL                           Lab4
     00000093  G$P1_3$0$0                         Lab4
     00000093  G$TMR3RLH$0$0                      Lab4
     00000093  _P1_3                              Lab4
     00000093  _TMR3RLH                           Lab4
     00000094  G$P1_4$0$0                         Lab4
     00000094  G$TMR3L$0$0                        Lab4
     00000094  _P1_4                              Lab4
     00000094  _TMR3L                             Lab4
     00000095  G$P1_5$0$0                         Lab4
     00000095  G$TMR3H$0$0                        Lab4
     00000095  _P1_5                              Lab4
     00000095  _TMR3H                             Lab4
     00000096  G$BatteryVoltage$0$0               Lab4
     00000096  G$P1_6$0$0                         Lab4
     00000096  G$P7$0$0                           Lab4
     00000096  _BatteryVoltage                    Lab4
     00000096  _P1_6                              Lab4
     00000096  _P7                                Lab4
     00000097  G$P1_7$0$0                         Lab4
     00000097  _P1_7                              Lab4
     00000098  G$RI$0$0                           Lab4
     00000098  G$RI0$0$0                          Lab4
ASxxxx Linker V03.00 + NoICE + sdld,  page 5.
Hexadecimal  [32-Bits]

Area                                    Addr        Size        Decimal Bytes (Attributes)
--------------------------------        ----        ----        ------- ----- ------------
.  .ABS.                            00000000    00000000 =           0. bytes (ABS,CON)

      Value  Global                              Global Defined In Module
      -----  --------------------------------   ------------------------
     00000098  G$SCON$0$0                         Lab4
     00000098  G$SCON0$0$0                        Lab4
     00000098  _RI                                Lab4
     00000098  _RI0                               Lab4
     00000098  _SCON                              Lab4
     00000098  _SCON0                             Lab4
     00000099  G$SBUF$0$0                         Lab4
     00000099  G$SBUF0$0$0                        Lab4
     00000099  G$TI$0$0                           Lab4
     00000099  G$TI0$0$0                          Lab4
     00000099  _SBUF                              Lab4
     00000099  _SBUF0                             Lab4
     00000099  _TI                                Lab4
     00000099  _TI0                               Lab4
     0000009A  G$RB8$0$0                          Lab4
     0000009A  G$RB80$0$0                         Lab4
     0000009A  G$SPI0CFG$0$0                      Lab4
     0000009A  _RB8                               Lab4
     0000009A  _RB80                              Lab4
     0000009A  _SPI0CFG                           Lab4
     0000009B  G$SPI0DAT$0$0                      Lab4
     0000009B  G$TB8$0$0                          Lab4
     0000009B  G$TB80$0$0                         Lab4
     0000009B  _SPI0DAT                           Lab4
     0000009B  _TB8                               Lab4
     0000009B  _TB80                              Lab4
     0000009C  G$ADC1$0$0                         Lab4
     0000009C  G$REN$0$0                          Lab4
     0000009C  G$REN0$0$0                         Lab4
     0000009C  _ADC1                              Lab4
     0000009C  _REN                               Lab4
     0000009C  _REN0                              Lab4
     0000009D  G$MCE0$0$0                         Lab4
     0000009D  G$SM2$0$0                          Lab4
     0000009D  G$SM20$0$0                         Lab4
     0000009D  G$SPI0CKR$0$0                      Lab4
     0000009D  _MCE0                              Lab4
     0000009D  _SM2                               Lab4
     0000009D  _SM20                              Lab4
     0000009D  _SPI0CKR                           Lab4
     0000009E  G$CPT0CN$0$0                       Lab4
     0000009E  G$SM1$0$0                          Lab4
     0000009E  G$SM10$0$0                         Lab4
     0000009E  _CPT0CN                            Lab4
     0000009E  _SM1                               Lab4
     0000009E  _SM10                              Lab4
     0000009F  G$CPT1CN$0$0                       Lab4
     0000009F  G$S0MODE$0$0                       Lab4
     0000009F  G$SM0$0$0                          Lab4
     0000009F  G$SM00$0$0                         Lab4
     0000009F  _CPT1CN                            Lab4
ASxxxx Linker V03.00 + NoICE + sdld,  page 6.
Hexadecimal  [32-Bits]

Area                                    Addr        Size        Decimal Bytes (Attributes)
--------------------------------        ----        ----        ------- ----- ------------
.  .ABS.                            00000000    00000000 =           0. bytes (ABS,CON)

      Value  Global                              Global Defined In Module
      -----  --------------------------------   ------------------------
     0000009F  _S0MODE                            Lab4
     0000009F  _SM0                               Lab4
     0000009F  _SM00                              Lab4
     000000A0  G$P2$0$0                           Lab4
     000000A0  G$P2_0$0$0                         Lab4
     000000A0  _P2                                Lab4
     000000A0  _P2_0                              Lab4
     000000A1  G$EMI0TC$0$0                       Lab4
     000000A1  G$P2_1$0$0                         Lab4
     000000A1  _EMI0TC                            Lab4
     000000A1  _P2_1                              Lab4
     000000A2  G$P2_2$0$0                         Lab4
     000000A2  _P2_2                              Lab4
     000000A3  G$EMI0CF$0$0                       Lab4
     000000A3  G$P2_3$0$0                         Lab4
     000000A3  _EMI0CF                            Lab4
     000000A3  _P2_3                              Lab4
     000000A4  G$P0MDOUT$0$0                      Lab4
     000000A4  G$P2_4$0$0                         Lab4
     000000A4  G$PRT0CF$0$0                       Lab4
     000000A4  _P0MDOUT                           Lab4
     000000A4  _P2_4                              Lab4
     000000A4  _PRT0CF                            Lab4
     000000A5  G$P1MDOUT$0$0                      Lab4
     000000A5  G$P2_5$0$0                         Lab4
     000000A5  G$PRT1CF$0$0                       Lab4
     000000A5  _P1MDOUT                           Lab4
     000000A5  _P2_5                              Lab4
     000000A5  _PRT1CF                            Lab4
     000000A6  G$P2MDOUT$0$0                      Lab4
     000000A6  G$P2_6$0$0                         Lab4
     000000A6  G$PRT2CF$0$0                       Lab4
     000000A6  _P2MDOUT                           Lab4
     000000A6  _P2_6                              Lab4
     000000A6  _PRT2CF                            Lab4
     000000A7  G$P2_7$0$0                         Lab4
     000000A7  G$P3MDOUT$0$0                      Lab4
     000000A7  G$PRT3CF$0$0                       Lab4
     000000A7  _P2_7                              Lab4
     000000A7  _P3MDOUT                           Lab4
     000000A7  _PRT3CF                            Lab4
     000000A8  G$EX0$0$0                          Lab4
     000000A8  G$IE$0$0                           Lab4
     000000A8  _EX0                               Lab4
     000000A8  _IE                                Lab4
     000000A9  G$ET0$0$0                          Lab4
     000000A9  G$SADDR0$0$0                       Lab4
     000000A9  _ET0                               Lab4
     000000A9  _SADDR0                            Lab4
     000000AA  G$ADC1CN$0$0                       Lab4
     000000AA  G$EX1$0$0                          Lab4
ASxxxx Linker V03.00 + NoICE + sdld,  page 7.
Hexadecimal  [32-Bits]

Area                                    Addr        Size        Decimal Bytes (Attributes)
--------------------------------        ----        ----        ------- ----- ------------
.  .ABS.                            00000000    00000000 =           0. bytes (ABS,CON)

      Value  Global                              Global Defined In Module
      -----  --------------------------------   ------------------------
     000000AA  _ADC1CN                            Lab4
     000000AA  _EX1                               Lab4
     000000AB  G$ADC1CF$0$0                       Lab4
     000000AB  G$ET1$0$0                          Lab4
     000000AB  _ADC1CF                            Lab4
     000000AB  _ET1                               Lab4
     000000AC  G$AMX1SL$0$0                       Lab4
     000000AC  G$ES$0$0                           Lab4
     000000AC  G$ES0$0$0                          Lab4
     000000AC  _AMX1SL                            Lab4
     000000AC  _ES                                Lab4
     000000AC  _ES0                               Lab4
     000000AD  G$ET2$0$0                          Lab4
     000000AD  G$P3IF$0$0                         Lab4
     000000AD  _ET2                               Lab4
     000000AD  _P3IF                              Lab4
     000000AE  G$SADEN1$0$0                       Lab4
     000000AE  _SADEN1                            Lab4
     000000AF  G$EA$0$0                           Lab4
     000000AF  G$EMI0CN$0$0                       Lab4
     000000AF  G$_XPAGE$0$0                       Lab4
     000000AF  _EA                                Lab4
     000000AF  _EMI0CN                            Lab4
     000000AF  __XPAGE                            Lab4
     000000B0  G$P3$0$0                           Lab4
     000000B0  G$P3_0$0$0                         Lab4
     000000B0  _P3                                Lab4
     000000B0  _P3_0                              Lab4
     000000B1  G$OSCXCN$0$0                       Lab4
     000000B1  G$P3_1$0$0                         Lab4
     000000B1  _OSCXCN                            Lab4
     000000B1  _P3_1                              Lab4
     000000B2  G$OSCICN$0$0                       Lab4
     000000B2  G$P3_2$0$0                         Lab4
     000000B2  _OSCICN                            Lab4
     000000B2  _P3_2                              Lab4
     000000B3  G$P3_3$0$0                         Lab4
     000000B3  _P3_3                              Lab4
     000000B4  G$P3_4$0$0                         Lab4
     000000B4  _P3_4                              Lab4
     000000B5  G$P3_5$0$0                         Lab4
     000000B5  G$P74OUT$0$0                       Lab4
     000000B5  _P3_5                              Lab4
     000000B5  _P74OUT                            Lab4
     000000B6  G$FLSCL$0$0                        Lab4
     000000B6  G$P3_6$0$0                         Lab4
     000000B6  G$SSRanger$0$0                     Lab4
     000000B6  _FLSCL                             Lab4
     000000B6  _P3_6                              Lab4
     000000B6  _SSRanger                          Lab4
     000000B7  G$FLACL$0$0                        Lab4
ASxxxx Linker V03.00 + NoICE + sdld,  page 8.
Hexadecimal  [32-Bits]

Area                                    Addr        Size        Decimal Bytes (Attributes)
--------------------------------        ----        ----        ------- ----- ------------
.  .ABS.                            00000000    00000000 =           0. bytes (ABS,CON)

      Value  Global                              Global Defined In Module
      -----  --------------------------------   ------------------------
     000000B7  G$P3_7$0$0                         Lab4
     000000B7  G$SSCompass$0$0                    Lab4
     000000B7  _FLACL                             Lab4
     000000B7  _P3_7                              Lab4
     000000B7  _SSCompass                         Lab4
     000000B8  G$IP$0$0                           Lab4
     000000B8  G$PX0$0$0                          Lab4
     000000B8  _IP                                Lab4
     000000B8  _PX0                               Lab4
     000000B9  G$PT0$0$0                          Lab4
     000000B9  G$SADEN0$0$0                       Lab4
     000000B9  _PT0                               Lab4
     000000B9  _SADEN0                            Lab4
     000000BA  G$AMX0CF$0$0                       Lab4
     000000BA  G$PX1$0$0                          Lab4
     000000BA  _AMX0CF                            Lab4
     000000BA  _PX1                               Lab4
     000000BB  G$AMX0SL$0$0                       Lab4
     000000BB  G$PT1$0$0                          Lab4
     000000BB  _AMX0SL                            Lab4
     000000BB  _PT1                               Lab4
     000000BC  G$ADC0CF$0$0                       Lab4
     000000BC  G$PS$0$0                           Lab4
     000000BC  G$PS0$0$0                          Lab4
     000000BC  _ADC0CF                            Lab4
     000000BC  _PS                                Lab4
     000000BC  _PS0                               Lab4
     000000BD  G$P1MDIN$0$0                       Lab4
     000000BD  G$PT2$0$0                          Lab4
     000000BD  _P1MDIN                            Lab4
     000000BD  _PT2                               Lab4
     000000BE  G$ADC0L$0$0                        Lab4
     000000BE  _ADC0L                             Lab4
     000000BF  G$ADC0H$0$0                        Lab4
     000000BF  _ADC0H                             Lab4
     000000C0  G$BUS_TOE$0$0                      Lab4
     000000C0  G$SMB0CN$0$0                       Lab4
     000000C0  G$SMBTOE$0$0                       Lab4
     000000C0  _BUS_TOE                           Lab4
     000000C0  _SMB0CN                            Lab4
     000000C0  _SMBTOE                            Lab4
     000000C1  G$BUS_FTE$0$0                      Lab4
     000000C1  G$SMB0STA$0$0                      Lab4
     000000C1  G$SMBFTE$0$0                       Lab4
     000000C1  _BUS_FTE                           Lab4
     000000C1  _SMB0STA                           Lab4
     000000C1  _SMBFTE                            Lab4
     000000C2  G$AA$0$0                           Lab4
     000000C2  G$BUS_AA$0$0                       Lab4
     000000C2  G$SMB0DAT$0$0                      Lab4
     000000C2  _AA                                Lab4
ASxxxx Linker V03.00 + NoICE + sdld,  page 9.
Hexadecimal  [32-Bits]

Area                                    Addr        Size        Decimal Bytes (Attributes)
--------------------------------        ----        ----        ------- ----- ------------
.  .ABS.                            00000000    00000000 =           0. bytes (ABS,CON)

      Value  Global                              Global Defined In Module
      -----  --------------------------------   ------------------------
     000000C2  _BUS_AA                            Lab4
     000000C2  _SMB0DAT                           Lab4
     000000C3  G$BUS_INT$0$0                      Lab4
     000000C3  G$SI$0$0                           Lab4
     000000C3  G$SMB0ADR$0$0                      Lab4
     000000C3  _BUS_INT                           Lab4
     000000C3  _SI                                Lab4
     000000C3  _SMB0ADR                           Lab4
     000000C4  G$ADC0GTL$0$0                      Lab4
     000000C4  G$BUS_STOP$0$0                     Lab4
     000000C4  G$STO$0$0                          Lab4
     000000C4  _ADC0GTL                           Lab4
     000000C4  _BUS_STOP                          Lab4
     000000C4  _STO                               Lab4
     000000C5  G$ADC0GTH$0$0                      Lab4
     000000C5  G$BUS_START$0$0                    Lab4
     000000C5  G$STA$0$0                          Lab4
     000000C5  _ADC0GTH                           Lab4
     000000C5  _BUS_START                         Lab4
     000000C5  _STA                               Lab4
     000000C6  G$ADC0LTL$0$0                      Lab4
     000000C6  G$BUS_EN$0$0                       Lab4
     000000C6  G$ENSMB$0$0                        Lab4
     000000C6  _ADC0LTL                           Lab4
     000000C6  _BUS_EN                            Lab4
     000000C6  _ENSMB                             Lab4
     000000C7  G$ADC0LTH$0$0                      Lab4
     000000C7  G$BUSY$0$0                         Lab4
     000000C7  G$BUS_BUSY$0$0                     Lab4
     000000C7  _ADC0LTH                           Lab4
     000000C7  _BUSY                              Lab4
     000000C7  _BUS_BUSY                          Lab4
     000000C8  G$CPRL2$0$0                        Lab4
     000000C8  G$T2CON$0$0                        Lab4
     000000C8  _CPRL2                             Lab4
     000000C8  _T2CON                             Lab4
     000000C9  G$CT2$0$0                          Lab4
     000000C9  G$T4CON$0$0                        Lab4
     000000C9  _CT2                               Lab4
     000000C9  _T4CON                             Lab4
     000000CA  G$RCAP2L$0$0                       Lab4
     000000CA  G$TR2$0$0                          Lab4
     000000CA  _RCAP2L                            Lab4
     000000CA  _TR2                               Lab4
     000000CB  G$EXEN2$0$0                        Lab4
     000000CB  G$RCAP2H$0$0                       Lab4
     000000CB  _EXEN2                             Lab4
     000000CB  _RCAP2H                            Lab4
     000000CC  G$TCLK$0$0                         Lab4
     000000CC  G$TL2$0$0                          Lab4
     000000CC  _TCLK                              Lab4
ASxxxx Linker V03.00 + NoICE + sdld,  page 10.
Hexadecimal  [32-Bits]

Area                                    Addr        Size        Decimal Bytes (Attributes)
--------------------------------        ----        ----        ------- ----- ------------
.  .ABS.                            00000000    00000000 =           0. bytes (ABS,CON)

      Value  Global                              Global Defined In Module
      -----  --------------------------------   ------------------------
     000000CC  _TL2                               Lab4
     000000CD  G$RCLK$0$0                         Lab4
     000000CD  G$TH2$0$0                          Lab4
     000000CD  _RCLK                              Lab4
     000000CD  _TH2                               Lab4
     000000CE  G$EXF2$0$0                         Lab4
     000000CE  _EXF2                              Lab4
     000000CF  G$SMB0CR$0$0                       Lab4
     000000CF  G$TF2$0$0                          Lab4
     000000CF  _SMB0CR                            Lab4
     000000CF  _TF2                               Lab4
     000000D0  G$P$0$0                            Lab4
     000000D0  G$PSW$0$0                          Lab4
     000000D0  _P                                 Lab4
     000000D0  _PSW                               Lab4
     000000D1  G$F1$0$0                           Lab4
     000000D1  G$REF0CN$0$0                       Lab4
     000000D1  _F1                                Lab4
     000000D1  _REF0CN                            Lab4
     000000D2  G$DAC0L$0$0                        Lab4
     000000D2  G$OV$0$0                           Lab4
     000000D2  _DAC0L                             Lab4
     000000D2  _OV                                Lab4
     000000D3  G$DAC0H$0$0                        Lab4
     000000D3  G$RS0$0$0                          Lab4
     000000D3  _DAC0H                             Lab4
     000000D3  _RS0                               Lab4
     000000D4  G$DAC0CN$0$0                       Lab4
     000000D4  G$RS1$0$0                          Lab4
     000000D4  _DAC0CN                            Lab4
     000000D4  _RS1                               Lab4
     000000D5  G$DAC1L$0$0                        Lab4
     000000D5  G$F0$0$0                           Lab4
     000000D5  _DAC1L                             Lab4
     000000D5  _F0                                Lab4
     000000D6  G$AC$0$0                           Lab4
     000000D6  G$DAC1H$0$0                        Lab4
     000000D6  _AC                                Lab4
     000000D6  _DAC1H                             Lab4
     000000D7  G$CY$0$0                           Lab4
     000000D7  G$DAC1CN$0$0                       Lab4
     000000D7  _CY                                Lab4
     000000D7  _DAC1CN                            Lab4
     000000D8  G$CCF0$0$0                         Lab4
     000000D8  G$PCA0CN$0$0                       Lab4
     000000D8  _CCF0                              Lab4
     000000D8  _PCA0CN                            Lab4
     000000D9  G$CCF1$0$0                         Lab4
     000000D9  G$PCA0MD$0$0                       Lab4
     000000D9  _CCF1                              Lab4
     000000D9  _PCA0MD                            Lab4
ASxxxx Linker V03.00 + NoICE + sdld,  page 11.
Hexadecimal  [32-Bits]

Area                                    Addr        Size        Decimal Bytes (Attributes)
--------------------------------        ----        ----        ------- ----- ------------
.  .ABS.                            00000000    00000000 =           0. bytes (ABS,CON)

      Value  Global                              Global Defined In Module
      -----  --------------------------------   ------------------------
     000000DA  G$CCF2$0$0                         Lab4
     000000DA  G$PCA0CPM0$0$0                     Lab4
     000000DA  _CCF2                              Lab4
     000000DA  _PCA0CPM0                          Lab4
     000000DB  G$CCF3$0$0                         Lab4
     000000DB  G$PCA0CPM1$0$0                     Lab4
     000000DB  _CCF3                              Lab4
     000000DB  _PCA0CPM1                          Lab4
     000000DC  G$CCF4$0$0                         Lab4
     000000DC  G$PCA0CPM2$0$0                     Lab4
     000000DC  _CCF4                              Lab4
     000000DC  _PCA0CPM2                          Lab4
     000000DD  G$PCA0CPM3$0$0                     Lab4
     000000DD  _PCA0CPM3                          Lab4
     000000DE  G$CR$0$0                           Lab4
     000000DE  G$PCA0CPM4$0$0                     Lab4
     000000DE  _CR                                Lab4
     000000DE  _PCA0CPM4                          Lab4
     000000DF  G$CF$0$0                           Lab4
     000000DF  _CF                                Lab4
     000000E0  G$ACC$0$0                          Lab4
     000000E0  _ACC                               Lab4
     000000E1  G$XBR0$0$0                         Lab4
     000000E1  _XBR0                              Lab4
     000000E2  G$XBR1$0$0                         Lab4
     000000E2  _XBR1                              Lab4
     000000E3  G$XBR2$0$0                         Lab4
     000000E3  _XBR2                              Lab4
     000000E4  G$RCAP4L$0$0                       Lab4
     000000E4  _RCAP4L                            Lab4
     000000E5  G$RCAP4H$0$0                       Lab4
     000000E5  _RCAP4H                            Lab4
     000000E6  G$EIE1$0$0                         Lab4
     000000E6  _EIE1                              Lab4
     000000E7  G$EIE2$0$0                         Lab4
     000000E7  _EIE2                              Lab4
     000000E8  G$AD0LJST$0$0                      Lab4
     000000E8  G$ADC0CN$0$0                       Lab4
     000000E8  G$ADLJST$0$0                       Lab4
     000000E8  _AD0LJST                           Lab4
     000000E8  _ADC0CN                            Lab4
     000000E8  _ADLJST                            Lab4
     000000E9  G$AD0WINT$0$0                      Lab4
     000000E9  G$ADWINT$0$0                       Lab4
     000000E9  G$PCA0L$0$0                        Lab4
     000000E9  _AD0WINT                           Lab4
     000000E9  _ADWINT                            Lab4
     000000E9  _PCA0L                             Lab4
     000000EA  G$AD0CM0$0$0                       Lab4
     000000EA  G$ADSTM0$0$0                       Lab4
     000000EA  G$PCA0CPL0$0$0                     Lab4
ASxxxx Linker V03.00 + NoICE + sdld,  page 12.
Hexadecimal  [32-Bits]

Area                                    Addr        Size        Decimal Bytes (Attributes)
--------------------------------        ----        ----        ------- ----- ------------
.  .ABS.                            00000000    00000000 =           0. bytes (ABS,CON)

      Value  Global                              Global Defined In Module
      -----  --------------------------------   ------------------------
     000000EA  _AD0CM0                            Lab4
     000000EA  _ADSTM0                            Lab4
     000000EA  _PCA0CPL0                          Lab4
     000000EB  G$AD0CM1$0$0                       Lab4
     000000EB  G$ADSTM1$0$0                       Lab4
     000000EB  G$PCA0CPL1$0$0                     Lab4
     000000EB  _AD0CM1                            Lab4
     000000EB  _ADSTM1                            Lab4
     000000EB  _PCA0CPL1                          Lab4
     000000EC  G$AD0BUSY$0$0                      Lab4
     000000EC  G$ADBUSY$0$0                       Lab4
     000000EC  G$PCA0CPL2$0$0                     Lab4
     000000EC  _AD0BUSY                           Lab4
     000000EC  _ADBUSY                            Lab4
     000000EC  _PCA0CPL2                          Lab4
     000000ED  G$AD0INT$0$0                       Lab4
     000000ED  G$ADCINT$0$0                       Lab4
     000000ED  G$PCA0CPL3$0$0                     Lab4
     000000ED  _AD0INT                            Lab4
     000000ED  _ADCINT                            Lab4
     000000ED  _PCA0CPL3                          Lab4
     000000EE  G$AD0TM$0$0                        Lab4
     000000EE  G$ADCTM$0$0                        Lab4
     000000EE  G$PCA0CPL4$0$0                     Lab4
     000000EE  _AD0TM                             Lab4
     000000EE  _ADCTM                             Lab4
     000000EE  _PCA0CPL4                          Lab4
     000000EF  G$AD0EN$0$0                        Lab4
     000000EF  G$ADCEN$0$0                        Lab4
     000000EF  G$RSTSRC$0$0                       Lab4
     000000EF  _AD0EN                             Lab4
     000000EF  _ADCEN                             Lab4
     000000EF  _RSTSRC                            Lab4
     000000F0  G$B$0$0                            Lab4
     000000F0  _B                                 Lab4
     000000F1  G$SCON1$0$0                        Lab4
     000000F1  _SCON1                             Lab4
     000000F2  G$SBUF1$0$0                        Lab4
     000000F2  _SBUF1                             Lab4
     000000F3  G$SADDR1$0$0                       Lab4
     000000F3  _SADDR1                            Lab4
     000000F4  G$TL4$0$0                          Lab4
     000000F4  _TL4                               Lab4
     000000F5  G$TH4$0$0                          Lab4
     000000F5  _B_5                               _gptrget
     000000F5  _TH4                               Lab4
     000000F6  G$EIP1$0$0                         Lab4
     000000F6  _B_6                               _gptrget
     000000F6  _EIP1                              Lab4
     000000F7  G$EIP2$0$0                         Lab4
     000000F7  _B_7                               _gptrget
ASxxxx Linker V03.00 + NoICE + sdld,  page 13.
Hexadecimal  [32-Bits]

Area                                    Addr        Size        Decimal Bytes (Attributes)
--------------------------------        ----        ----        ------- ----- ------------
.  .ABS.                            00000000    00000000 =           0. bytes (ABS,CON)

      Value  Global                              Global Defined In Module
      -----  --------------------------------   ------------------------
     000000F7  _EIP2                              Lab4
     000000F8  G$SPI0CN$0$0                       Lab4
     000000F8  G$SPIEN$0$0                        Lab4
     000000F8  _SPI0CN                            Lab4
     000000F8  _SPIEN                             Lab4
     000000F9  G$MSTEN$0$0                        Lab4
     000000F9  G$PCA0H$0$0                        Lab4
     000000F9  _MSTEN                             Lab4
     000000F9  _PCA0H                             Lab4
     000000FA  G$PCA0CPH0$0$0                     Lab4
     000000FA  G$SLVSEL$0$0                       Lab4
     000000FA  _PCA0CPH0                          Lab4
     000000FA  _SLVSEL                            Lab4
     000000FB  G$PCA0CPH1$0$0                     Lab4
     000000FB  G$TXBSY$0$0                        Lab4
     000000FB  _PCA0CPH1                          Lab4
     000000FB  _TXBSY                             Lab4
     000000FC  G$PCA0CPH2$0$0                     Lab4
     000000FC  G$RXOVRN$0$0                       Lab4
     000000FC  _PCA0CPH2                          Lab4
     000000FC  _RXOVRN                            Lab4
     000000FD  G$MODF$0$0                         Lab4
     000000FD  G$PCA0CPH3$0$0                     Lab4
     000000FD  _MODF                              Lab4
     000000FD  _PCA0CPH3                          Lab4
     000000FE  G$PCA0CPH4$0$0                     Lab4
     000000FE  G$WCOL$0$0                         Lab4
     000000FE  _PCA0CPH4                          Lab4
     000000FE  _WCOL                              Lab4
     000000FF  G$SPIF$0$0                         Lab4
     000000FF  G$WDTCN$0$0                        Lab4
     000000FF  _SPIF                              Lab4
     000000FF  _WDTCN                             Lab4
     00008C8A  G$TMR0$0$0                         Lab4
     00008C8A  _TMR0                              Lab4
     00008D8B  G$TMR1$0$0                         Lab4
     00008D8B  _TMR1                              Lab4
     00009392  G$TMR3RL$0$0                       Lab4
     00009392  _TMR3RL                            Lab4
     00009594  G$TMR3$0$0                         Lab4
     00009594  _TMR3                              Lab4
     0000BFBE  G$ADC0$0$0                         Lab4
     0000BFBE  _ADC0                              Lab4
     0000C5C4  G$ADC0GT$0$0                       Lab4
     0000C5C4  _ADC0GT                            Lab4
     0000C7C6  G$ADC0LT$0$0                       Lab4
     0000C7C6  _ADC0LT                            Lab4
     0000CBCA  G$RCAP2$0$0                        Lab4
     0000CBCA  _RCAP2                             Lab4
     0000CDCC  G$TMR2$0$0                         Lab4
     0000CDCC  _TMR2                              Lab4
ASxxxx Linker V03.00 + NoICE + sdld,  page 14.
Hexadecimal  [32-Bits]

Area                                    Addr        Size        Decimal Bytes (Attributes)
--------------------------------        ----        ----        ------- ----- ------------
.  .ABS.                            00000000    00000000 =           0. bytes (ABS,CON)

      Value  Global                              Global Defined In Module
      -----  --------------------------------   ------------------------
     0000D3D2  G$DAC0$0$0                         Lab4
     0000D3D2  _DAC0                              Lab4
     0000D6D5  G$DAC1$0$0                         Lab4
     0000D6D5  _DAC1                              Lab4
     0000E5E4  G$RCAP4$0$0                        Lab4
     0000E5E4  _RCAP4                             Lab4
     0000F5F4  G$TMR4$0$0                         Lab4
     0000F5F4  _TMR4                              Lab4
     0000F9E9  G$PCA0$0$0                         Lab4
     0000F9E9  _PCA0                              Lab4
     0000FAEA  G$PCA0CP0$0$0                      Lab4
     0000FAEA  _PCA0CP0                           Lab4
     0000FBEB  G$PCA0CP1$0$0                      Lab4
     0000FBEB  _PCA0CP1                           Lab4
     0000FCEC  G$PCA0CP2$0$0                      Lab4
     0000FCEC  _PCA0CP2                           Lab4
     0000FDED  G$PCA0CP3$0$0                      Lab4
     0000FDED  _PCA0CP3                           Lab4
     0000FEEE  G$PCA0CP4$0$0                      Lab4
     0000FEEE  _PCA0CP4                           Lab4

ASxxxx Linker V03.00 + NoICE + sdld,  page 15.
Hexadecimal  [32-Bits]

Area                                    Addr        Size        Decimal Bytes (Attributes)
--------------------------------        ----        ----        ------- ----- ------------
BSEG_BYTES                          00000020    00000003 =           3. bytes (REL,CON)

      Value  Global                              Global Defined In Module
      -----  --------------------------------   ------------------------
ASxxxx Linker V03.00 + NoICE + sdld,  page 16.
Hexadecimal  [32-Bits]

Area                                    Addr        Size        Decimal Bytes (Attributes)
--------------------------------        ----        ----        ------- ----- ------------
REG_BANK_0                          00000000    00000008 =           8. bytes (REL,OVR)

      Value  Global                              Global Defined In Module
      -----  --------------------------------   ------------------------
ASxxxx Linker V03.00 + NoICE + sdld,  page 17.
Hexadecimal  [32-Bits]

Area                                    Addr        Size        Decimal Bytes (Attributes)
--------------------------------        ----        ----        ------- ----- ------------
DSEG                                00000000    00000080 =         128. bytes (REL,CON)

      Value  Global                              Global Defined In Module
      -----  --------------------------------   ------------------------
     00000011  _vsprintf_PARM_2                   sprintf
     00000014  _vsprintf_PARM_3                   sprintf
     00000018  _bp                                _bp
     00000019  _vprintf_PARM_2                    vprintf
     00000023  LLab4.lcd_clear$NumBytes$1$77      Lab4
     00000024  LLab4.lcd_clear$Cmd$1$77           Lab4
     00000026  LLab4.read_keypad$Data$1$78        Lab4
     00000028  LLab4.i2c_write_data$start_reg$1   Lab4
     00000028  _i2c_write_data_PARM_2             Lab4
     00000029  LLab4.i2c_write_data$buffer$1$97   Lab4
     00000029  _i2c_write_data_PARM_3             Lab4
     0000002C  LLab4.i2c_write_data$num_bytes$1   Lab4
     0000002C  _i2c_write_data_PARM_4             Lab4
     0000002D  LLab4.i2c_read_data$start_reg$1$   Lab4
     0000002D  _i2c_read_data_PARM_2              Lab4
     0000002E  LLab4.i2c_read_data$buffer$1$99    Lab4
     0000002E  _i2c_read_data_PARM_3              Lab4
     00000031  LLab4.i2c_read_data$num_bytes$1$   Lab4
     00000031  _i2c_read_data_PARM_4              Lab4
     00000032  LLab4.Accel_Init$Data2$1$103       Lab4
     00000033  G$PW_NEUT$0$0                      Lab4
     00000033  _PW_NEUT                           Lab4
     00000035  G$PW_MIN$0$0                       Lab4
     00000035  _PW_MIN                            Lab4
     00000037  G$PW_MAX$0$0                       Lab4
     00000037  _PW_MAX                            Lab4
     00000039  G$IN_RANGE$0$0                     Lab4
     00000039  _IN_RANGE                          Lab4
     0000003A  G$counts$0$0                       Lab4
     0000003A  _counts                            Lab4
     0000003C  G$MOTOR_PW$0$0                     Lab4
     0000003C  _MOTOR_PW                          Lab4
     0000003E  G$STEERING_PW$0$0                  Lab4
     0000003E  _STEERING_PW                       Lab4
     00000040  G$addr_ranger$0$0                  Lab4
     00000040  _addr_ranger                       Lab4
     00000041  G$addr_compass$0$0                 Lab4
     00000041  _addr_compass                      Lab4
     00000042  G$gain_ranger$0$0                  Lab4
     00000042  _gain_ranger                       Lab4
     00000043  G$gain_compass$0$0                 Lab4
     00000043  _gain_compass                      Lab4
     00000047  LLab4.main$desiredHeading$1$118    Lab4
     00000049  LLab4.main$heading$1$118           Lab4
     0000004B  LLab4.main$batteryVoltage$1$118    Lab4
     0000004D  LLab4.ReadRanger$Data$1$126        Lab4
     0000004F  LLab4.ReadCompass$Data$1$129       Lab4
     00000051  LLab4.SteeringServo$heading$1$13   Lab4
     00000051  _SteeringServo_PARM_2              Lab4
     00000053  LLab4.SteeringServo$range$1$132    Lab4
ASxxxx Linker V03.00 + NoICE + sdld,  page 18.
Hexadecimal  [32-Bits]

Area                                    Addr        Size        Decimal Bytes (Attributes)
--------------------------------        ----        ----        ------- ----- ------------
DSEG                                00000000    00000080 =         128. bytes (REL,CON)

      Value  Global                              Global Defined In Module
      -----  --------------------------------   ------------------------
     00000053  _SteeringServo_PARM_3              Lab4
     00000055  LLab4.getNumberFromKeypad$data2$   Lab4
     00000064  __print_format_PARM_2              printf_large
     00000067  __print_format_PARM_3              printf_large
     0000006A  __print_format_PARM_4              printf_large

ASxxxx Linker V03.00 + NoICE + sdld,  page 19.
Hexadecimal  [32-Bits]

Area                                    Addr        Size        Decimal Bytes (Attributes)
--------------------------------        ----        ----        ------- ----- ------------
OSEG                                0000001A    00000006 =           6. bytes (REL,OVR)

      Value  Global                              Global Defined In Module
      -----  --------------------------------   ------------------------
     0000001A  __divsint_PARM_2                   _divuint
     0000001A  __divslong_PARM_2                  _divulong
     0000001A  __divuint_PARM_2                   _divuint
     0000001A  __divulong_PARM_2                  _divulong
     0000001A  __gptrput_PARM_2                   _gptrput
     0000001A  __mulint_PARM_2                    _mulint
     0000001A  __mullong_PARM_2                   _mullong

ASxxxx Linker V03.00 + NoICE + sdld,  page 20.
Hexadecimal  [32-Bits]

Area                                    Addr        Size        Decimal Bytes (Attributes)
--------------------------------        ----        ----        ------- ----- ------------
ISEG                                00000072    00000006 =           6. bytes (REL,CON)

      Value  Global                              Global Defined In Module
      -----  --------------------------------   ------------------------
ASxxxx Linker V03.00 + NoICE + sdld,  page 21.
Hexadecimal  [32-Bits]

Area                                    Addr        Size        Decimal Bytes (Attributes)
--------------------------------        ----        ----        ------- ----- ------------
SSEG                                00000078    00000088 =         136. bytes (REL,OVR)

      Value  Global                              Global Defined In Module
      -----  --------------------------------   ------------------------
     00000078  __start__stack                     Lab4

ASxxxx Linker V03.00 + NoICE + sdld,  page 22.
Hexadecimal  [32-Bits]

Area                                    Addr        Size        Decimal Bytes (Attributes)
--------------------------------        ----        ----        ------- ----- ------------
XSEG                                00000001    00000050 =          80. bytes (REL,CON,XDATA)

      Value  Global                              Global Defined In Module
      -----  --------------------------------   ------------------------
D:   00000001  LLab4.lcd_print$text$1$73          Lab4

ASxxxx Linker V03.00 + NoICE + sdld,  page 23.
Hexadecimal  [32-Bits]

Area                                    Addr        Size        Decimal Bytes (Attributes)
--------------------------------        ----        ----        ------- ----- ------------
HOME                                00000000    00000051 =          81. bytes (REL,CON,CODE)

      Value  Global                              Global Defined In Module
      -----  --------------------------------   ------------------------
C:   00000000  A$Lab4$1105                        Lab4
C:   00000003  A$Lab4$1106                        Lab4
C:   0000000B  A$Lab4$1108                        Lab4
C:   00000013  A$Lab4$1110                        Lab4
C:   0000001B  A$Lab4$1112                        Lab4
C:   00000023  A$Lab4$1114                        Lab4
C:   0000002B  A$Lab4$1116                        Lab4
C:   00000033  A$Lab4$1118                        Lab4
C:   0000003B  A$Lab4$1120                        Lab4
C:   00000043  A$Lab4$1122                        Lab4
C:   0000004B  A$Lab4$1124                        Lab4
C:   0000004E  A$Lab4$1189                        Lab4
C:   0000004E  __sdcc_program_startup             Lab4

ASxxxx Linker V03.00 + NoICE + sdld,  page 24.
Hexadecimal  [32-Bits]

Area                                    Addr        Size        Decimal Bytes (Attributes)
--------------------------------        ----        ----        ------- ----- ------------
GSINIT0                             00000051    00000003 =           3. bytes (REL,CON,CODE)

      Value  Global                              Global Defined In Module
      -----  --------------------------------   ------------------------
C:   00000051  __sdcc_gsinit_startup              

ASxxxx Linker V03.00 + NoICE + sdld,  page 25.
Hexadecimal  [32-Bits]

Area                                    Addr        Size        Decimal Bytes (Attributes)
--------------------------------        ----        ----        ------- ----- ------------
GSINIT2                             00000054    0000000A =          10. bytes (REL,CON,CODE)

      Value  Global                              Global Defined In Module
      -----  --------------------------------   ------------------------
ASxxxx Linker V03.00 + NoICE + sdld,  page 26.
Hexadecimal  [32-Bits]

Area                                    Addr        Size        Decimal Bytes (Attributes)
--------------------------------        ----        ----        ------- ----- ------------
GSINIT3                             0000005E    00000022 =          34. bytes (REL,CON,CODE)

      Value  Global                              Global Defined In Module
      -----  --------------------------------   ------------------------
C:   0000005E  __mcs51_genXINIT                   

ASxxxx Linker V03.00 + NoICE + sdld,  page 27.
Hexadecimal  [32-Bits]

Area                                    Addr        Size        Decimal Bytes (Attributes)
--------------------------------        ----        ----        ------- ----- ------------
GSINIT4                             00000080    0000002A =          42. bytes (REL,CON,CODE)

      Value  Global                              Global Defined In Module
      -----  --------------------------------   ------------------------
C:   00000080  __mcs51_genRAMCLEAR                
C:   00000086  __mcs51_genXRAMCLEAR               

ASxxxx Linker V03.00 + NoICE + sdld,  page 28.
Hexadecimal  [32-Bits]

Area                                    Addr        Size        Decimal Bytes (Attributes)
--------------------------------        ----        ----        ------- ----- ------------
GSINIT                              000000AA    00000035 =          53. bytes (REL,CON,CODE)

      Value  Global                              Global Defined In Module
      -----  --------------------------------   ------------------------
C:   000000AA  A$Lab4$1140                        Lab4
C:   000000AA  C$Lab4.c$33$1$171                  Lab4
C:   000000AD  A$Lab4$1141                        Lab4
C:   000000B0  A$Lab4$1144                        Lab4
C:   000000B0  C$Lab4.c$34$1$171                  Lab4
C:   000000B3  A$Lab4$1145                        Lab4
C:   000000B6  A$Lab4$1148                        Lab4
C:   000000B6  C$Lab4.c$35$1$171                  Lab4
C:   000000B9  A$Lab4$1149                        Lab4
C:   000000BC  A$Lab4$1152                        Lab4
C:   000000BC  C$Lab4.c$36$1$171                  Lab4
C:   000000BF  A$Lab4$1155                        Lab4
C:   000000BF  C$Lab4.c$38$1$171                  Lab4
C:   000000C0  A$Lab4$1156                        Lab4
C:   000000C2  A$Lab4$1157                        Lab4
C:   000000C4  A$Lab4$1160                        Lab4
C:   000000C4  C$Lab4.c$40$1$171                  Lab4
C:   000000C6  A$Lab4$1161                        Lab4
C:   000000C8  A$Lab4$1164                        Lab4
C:   000000C8  C$Lab4.c$41$1$171                  Lab4
C:   000000CA  A$Lab4$1165                        Lab4
C:   000000CC  A$Lab4$1168                        Lab4
C:   000000CC  C$Lab4.c$43$1$171                  Lab4
C:   000000CF  A$Lab4$1171                        Lab4
C:   000000CF  C$Lab4.c$44$1$171                  Lab4
C:   000000D2  A$Lab4$1174                        Lab4
C:   000000D2  C$Lab4.c$46$1$171                  Lab4
C:   000000D5  A$Lab4$1177                        Lab4
C:   000000D5  C$Lab4.c$47$1$171                  Lab4
C:   000000D7  A$Lab4$1178                        Lab4
C:   000000D9  A$Lab4$1179                        Lab4
C:   000000DC  A$Lab4$1180                        Lab4

ASxxxx Linker V03.00 + NoICE + sdld,  page 29.
Hexadecimal  [32-Bits]

Area                                    Addr        Size        Decimal Bytes (Attributes)
--------------------------------        ----        ----        ------- ----- ------------
GSFINAL                             000000DF    00000003 =           3. bytes (REL,CON,CODE)

      Value  Global                              Global Defined In Module
      -----  --------------------------------   ------------------------
C:   000000DF  A$Lab4$1182                        Lab4

ASxxxx Linker V03.00 + NoICE + sdld,  page 30.
Hexadecimal  [32-Bits]

Area                                    Addr        Size        Decimal Bytes (Attributes)
--------------------------------        ----        ----        ------- ----- ------------
CSEG                                000000E2    00001E6A =        7786. bytes (REL,CON,CODE)

      Value  Global                              Global Defined In Module
      -----  --------------------------------   ------------------------
C:   000000E2  A$Lab4$1217                        Lab4
C:   000000E2  C$c8051_SDCC.h$42$0$0              Lab4
C:   000000E2  C$c8051_SDCC.h$46$1$31             Lab4
C:   000000E2  G$SYSCLK_Init$0$0                  Lab4
C:   000000E2  _SYSCLK_Init                       Lab4
C:   000000E5  A$Lab4$1220                        Lab4
C:   000000E5  C$c8051_SDCC.h$49$1$31             Lab4
C:   000000E7  A$Lab4$1221                        Lab4
C:   000000E9  A$Lab4$1223                        Lab4
C:   000000EA  A$Lab4$1224                        Lab4
C:   000000ED  A$Lab4$1225                        Lab4
C:   000000EE  A$Lab4$1227                        Lab4
C:   000000EF  A$Lab4$1228                        Lab4
C:   000000F0  A$Lab4$1229                        Lab4
C:   000000F2  A$Lab4$1233                        Lab4
C:   000000F2  C$c8051_SDCC.h$51$1$31             Lab4
C:   000000F4  A$Lab4$1234                        Lab4
C:   000000F7  A$Lab4$1237                        Lab4
C:   000000F7  C$c8051_SDCC.h$53$1$31             Lab4
C:   000000FA  A$Lab4$1240                        Lab4
C:   000000FA  C$c8051_SDCC.h$56$1$31             Lab4
C:   000000FA  XG$SYSCLK_Init$0$0                 Lab4
C:   000000FB  A$Lab4$1253                        Lab4
C:   000000FB  C$c8051_SDCC.h$64$1$31             Lab4
C:   000000FB  C$c8051_SDCC.h$66$1$33             Lab4
C:   000000FB  G$UART0_Init$0$0                   Lab4
C:   000000FB  _UART0_Init                        Lab4
C:   000000FE  A$Lab4$1256                        Lab4
C:   000000FE  C$c8051_SDCC.h$67$1$33             Lab4
C:   00000101  A$Lab4$1259                        Lab4
C:   00000101  C$c8051_SDCC.h$68$1$33             Lab4
C:   00000104  A$Lab4$1262                        Lab4
C:   00000104  C$c8051_SDCC.h$69$1$33             Lab4
C:   00000106  A$Lab4$1265                        Lab4
C:   00000106  C$c8051_SDCC.h$70$1$33             Lab4
C:   00000109  A$Lab4$1268                        Lab4
C:   00000109  C$c8051_SDCC.h$71$1$33             Lab4
C:   0000010C  A$Lab4$1271                        Lab4
C:   0000010C  C$c8051_SDCC.h$73$1$33             Lab4
C:   0000010E  A$Lab4$1274                        Lab4
C:   0000010E  C$c8051_SDCC.h$74$1$33             Lab4
C:   00000111  A$Lab4$1277                        Lab4
C:   00000111  C$c8051_SDCC.h$75$1$33             Lab4
C:   00000111  XG$UART0_Init$0$0                  Lab4
C:   00000112  A$Lab4$1290                        Lab4
C:   00000112  C$c8051_SDCC.h$83$1$33             Lab4
C:   00000112  C$c8051_SDCC.h$85$1$35             Lab4
C:   00000112  G$Sys_Init$0$0                     Lab4
C:   00000112  _Sys_Init                          Lab4
C:   00000115  A$Lab4$1293                        Lab4
ASxxxx Linker V03.00 + NoICE + sdld,  page 31.
Hexadecimal  [32-Bits]

Area                                    Addr        Size        Decimal Bytes (Attributes)
--------------------------------        ----        ----        ------- ----- ------------
CSEG                                000000E2    00001E6A =        7786. bytes (REL,CON,CODE)

      Value  Global                              Global Defined In Module
      -----  --------------------------------   ------------------------
C:   00000115  C$c8051_SDCC.h$86$1$35             Lab4
C:   00000118  A$Lab4$1296                        Lab4
C:   00000118  C$c8051_SDCC.h$88$1$35             Lab4
C:   0000011B  A$Lab4$1299                        Lab4
C:   0000011B  C$c8051_SDCC.h$89$1$35             Lab4
C:   0000011E  A$Lab4$1302                        Lab4
C:   0000011E  C$c8051_SDCC.h$91$1$35             Lab4
C:   00000121  A$Lab4$1305                        Lab4
C:   00000121  C$c8051_SDCC.h$92$1$35             Lab4
C:   00000124  A$Lab4$1308                        Lab4
C:   00000124  C$c8051_SDCC.h$93$1$35             Lab4
C:   00000124  XG$Sys_Init$0$0                    Lab4
C:   00000125  A$Lab4$1321                        Lab4
C:   00000125  C$c8051_SDCC.h$98$1$35             Lab4
C:   00000125  G$putchar$0$0                      Lab4
C:   00000125  _putchar                           Lab4
C:   00000127  A$Lab4$1327                        Lab4
C:   00000127  C$c8051_SDCC.h$100$1$37            Lab4
C:   00000127  C$c8051_SDCC.h$101$1$37            Lab4
C:   0000012A  A$Lab4$1328                        Lab4
C:   0000012C  A$Lab4$1332                        Lab4
C:   0000012C  C$c8051_SDCC.h$102$1$37            Lab4
C:   0000012E  A$Lab4$1335                        Lab4
C:   0000012E  C$c8051_SDCC.h$103$1$37            Lab4
C:   0000012E  XG$putchar$0$0                     Lab4
C:   0000012F  A$Lab4$1353                        Lab4
C:   0000012F  C$c8051_SDCC.h$108$1$37            Lab4
C:   0000012F  C$c8051_SDCC.h$111$1$39            Lab4
C:   0000012F  C$c8051_SDCC.h$112$1$39            Lab4
C:   0000012F  G$getchar$0$0                      Lab4
C:   0000012F  _getchar                           Lab4
C:   00000132  A$Lab4$1354                        Lab4
C:   00000134  A$Lab4$1358                        Lab4
C:   00000134  C$c8051_SDCC.h$113$1$39            Lab4
C:   00000137  A$Lab4$1361                        Lab4
C:   00000137  C$c8051_SDCC.h$114$1$39            Lab4
C:   0000013A  A$Lab4$1364                        Lab4
C:   0000013A  C$c8051_SDCC.h$115$1$39            Lab4
C:   0000013D  A$Lab4$1367                        Lab4
C:   0000013D  C$c8051_SDCC.h$116$1$39            Lab4
C:   0000013D  XG$getchar$0$0                     Lab4
C:   0000013E  A$Lab4$1384                        Lab4
C:   0000013E  C$i2c.h$81$1$39                    Lab4
C:   0000013E  G$lcd_print$0$0                    Lab4
C:   0000013E  _lcd_print                         Lab4
C:   00000140  A$Lab4$1385                        Lab4
C:   00000143  A$Lab4$1388                        Lab4
C:   00000143  C$i2c.h$87$1$73                    Lab4
C:   00000145  A$Lab4$1389                        Lab4
C:   00000147  A$Lab4$1390                        Lab4
C:   00000148  A$Lab4$1391                        Lab4
ASxxxx Linker V03.00 + NoICE + sdld,  page 32.
Hexadecimal  [32-Bits]

Area                                    Addr        Size        Decimal Bytes (Attributes)
--------------------------------        ----        ----        ------- ----- ------------
CSEG                                000000E2    00001E6A =        7786. bytes (REL,CON,CODE)

      Value  Global                              Global Defined In Module
      -----  --------------------------------   ------------------------
C:   0000014A  A$Lab4$1392                        Lab4
C:   0000014B  A$Lab4$1393                        Lab4
C:   0000014D  A$Lab4$1394                        Lab4
C:   0000014E  A$Lab4$1395                        Lab4
C:   00000150  A$Lab4$1396                        Lab4
C:   00000153  A$Lab4$1397                        Lab4
C:   00000155  A$Lab4$1398                        Lab4
C:   00000158  A$Lab4$1399                        Lab4
C:   0000015A  A$Lab4$1400                        Lab4
C:   0000015C  A$Lab4$1401                        Lab4
C:   0000015E  A$Lab4$1405                        Lab4
C:   0000015E  C$i2c.h$89$2$74                    Lab4
C:   00000160  A$Lab4$1406                        Lab4
C:   00000162  A$Lab4$1407                        Lab4
C:   00000163  A$Lab4$1408                        Lab4
C:   00000165  A$Lab4$1411                        Lab4
C:   00000165  C$i2c.h$90$1$73                    Lab4
C:   00000167  A$Lab4$1412                        Lab4
C:   00000169  A$Lab4$1413                        Lab4
C:   0000016A  A$Lab4$1414                        Lab4
C:   0000016C  A$Lab4$1415                        Lab4
C:   0000016D  A$Lab4$1416                        Lab4
C:   0000016F  A$Lab4$1417                        Lab4
C:   00000170  A$Lab4$1418                        Lab4
C:   00000172  A$Lab4$1419                        Lab4
C:   00000175  A$Lab4$1420                        Lab4
C:   00000178  A$Lab4$1421                        Lab4
C:   0000017B  A$Lab4$1424                        Lab4
C:   0000017B  C$i2c.h$93$1$73                    Lab4
C:   0000017E  A$Lab4$1425                        Lab4
C:   00000181  A$Lab4$1426                        Lab4
C:   00000184  A$Lab4$1427                        Lab4
C:   00000186  A$Lab4$1430                        Lab4
C:   00000188  A$Lab4$1432                        Lab4
C:   00000189  A$Lab4$1433                        Lab4
C:   0000018A  A$Lab4$1434                        Lab4
C:   0000018B  A$Lab4$1435                        Lab4
C:   0000018D  A$Lab4$1438                        Lab4
C:   0000018D  C$i2c.h$96$2$76                    Lab4
C:   0000018E  A$Lab4$1439                        Lab4
C:   00000190  A$Lab4$1440                        Lab4
C:   00000192  A$Lab4$1441                        Lab4
C:   00000193  A$Lab4$1442                        Lab4
C:   00000195  A$Lab4$1443                        Lab4
C:   00000197  A$Lab4$1444                        Lab4
C:   00000198  A$Lab4$1445                        Lab4
C:   00000199  A$Lab4$1446                        Lab4
C:   0000019C  A$Lab4$1447                        Lab4
C:   0000019D  A$Lab4$1448                        Lab4
C:   0000019F  A$Lab4$1449                        Lab4
C:   000001A1  A$Lab4$1450                        Lab4
ASxxxx Linker V03.00 + NoICE + sdld,  page 33.
Hexadecimal  [32-Bits]

Area                                    Addr        Size        Decimal Bytes (Attributes)
--------------------------------        ----        ----        ------- ----- ------------
CSEG                                000000E2    00001E6A =        7786. bytes (REL,CON,CODE)

      Value  Global                              Global Defined In Module
      -----  --------------------------------   ------------------------
C:   000001A2  A$Lab4$1451                        Lab4
C:   000001A4  A$Lab4$1452                        Lab4
C:   000001A6  A$Lab4$1453                        Lab4
C:   000001A8  A$Lab4$1454                        Lab4
C:   000001A9  A$Lab4$1458                        Lab4
C:   000001A9  C$i2c.h$94$1$73                    Lab4
C:   000001AA  A$Lab4$1459                        Lab4
C:   000001AC  A$Lab4$1463                        Lab4
C:   000001AC  C$i2c.h$99$1$73                    Lab4
C:   000001AF  A$Lab4$1464                        Lab4
C:   000001B2  A$Lab4$1465                        Lab4
C:   000001B5  A$Lab4$1466                        Lab4
C:   000001B8  A$Lab4$1467                        Lab4
C:   000001BA  A$Lab4$1468                        Lab4
C:   000001BD  A$Lab4$1469                        Lab4
C:   000001C0  A$Lab4$1471                        Lab4
C:   000001C2  A$Lab4$1474                        Lab4
C:   000001C2  C$i2c.h$100$1$73                   Lab4
C:   000001C2  XG$lcd_print$0$0                   Lab4
C:   000001C3  A$Lab4$1490                        Lab4
C:   000001C3  C$i2c.h$103$1$73                   Lab4
C:   000001C3  C$i2c.h$105$1$73                   Lab4
C:   000001C3  G$lcd_clear$0$0                    Lab4
C:   000001C3  _lcd_clear                         Lab4
C:   000001C6  A$Lab4$1494                        Lab4
C:   000001C6  C$i2c.h$107$1$77                   Lab4
C:   000001C8  A$Lab4$1495                        Lab4
C:   000001CA  A$Lab4$1496                        Lab4
C:   000001CC  A$Lab4$1497                        Lab4
C:   000001CF  A$Lab4$1498                        Lab4
C:   000001D2  A$Lab4$1499                        Lab4
C:   000001D5  A$Lab4$1500                        Lab4
C:   000001D8  A$Lab4$1501                        Lab4
C:   000001DB  A$Lab4$1502                        Lab4
C:   000001DE  A$Lab4$1503                        Lab4
C:   000001E1  A$Lab4$1504                        Lab4
C:   000001E3  A$Lab4$1508                        Lab4
C:   000001E3  C$i2c.h$109$1$77                   Lab4
C:   000001E6  A$Lab4$1511                        Lab4
C:   000001E6  C$i2c.h$110$1$77                   Lab4
C:   000001E9  A$Lab4$1512                        Lab4
C:   000001EC  A$Lab4$1513                        Lab4
C:   000001EF  A$Lab4$1514                        Lab4
C:   000001F2  A$Lab4$1515                        Lab4
C:   000001F5  A$Lab4$1516                        Lab4
C:   000001F8  A$Lab4$1517                        Lab4
C:   000001FB  A$Lab4$1520                        Lab4
C:   000001FB  C$i2c.h$111$1$77                   Lab4
C:   000001FB  XG$lcd_clear$0$0                   Lab4
C:   000001FC  A$Lab4$1536                        Lab4
C:   000001FC  C$i2c.h$114$1$77                   Lab4
ASxxxx Linker V03.00 + NoICE + sdld,  page 34.
Hexadecimal  [32-Bits]

Area                                    Addr        Size        Decimal Bytes (Attributes)
--------------------------------        ----        ----        ------- ----- ------------
CSEG                                000000E2    00001E6A =        7786. bytes (REL,CON,CODE)

      Value  Global                              Global Defined In Module
      -----  --------------------------------   ------------------------
C:   000001FC  C$i2c.h$118$1$78                   Lab4
C:   000001FC  G$read_keypad$0$0                  Lab4
C:   000001FC  _read_keypad                       Lab4
C:   000001FF  A$Lab4$1537                        Lab4
C:   00000202  A$Lab4$1538                        Lab4
C:   00000205  A$Lab4$1539                        Lab4
C:   00000208  A$Lab4$1540                        Lab4
C:   0000020B  A$Lab4$1541                        Lab4
C:   0000020E  A$Lab4$1542                        Lab4
C:   00000211  A$Lab4$1545                        Lab4
C:   00000211  C$i2c.h$119$1$78                   Lab4
C:   00000213  A$Lab4$1546                        Lab4
C:   00000216  A$Lab4$1547                        Lab4
C:   00000219  A$Lab4$1548                        Lab4
C:   0000021B  A$Lab4$1552                        Lab4
C:   0000021D  A$Lab4$1553                        Lab4
C:   0000021F  A$Lab4$1557                        Lab4
C:   0000021F  C$i2c.h$123$2$79                   Lab4
C:   00000221  A$Lab4$1558                        Lab4
C:   00000223  A$Lab4$1559                        Lab4
C:   00000225  A$Lab4$1560                        Lab4
C:   00000227  A$Lab4$1561                        Lab4
C:   00000229  A$Lab4$1563                        Lab4
C:   0000022A  A$Lab4$1564                        Lab4
C:   0000022B  A$Lab4$1565                        Lab4
C:   0000022C  A$Lab4$1566                        Lab4
C:   0000022D  A$Lab4$1567                        Lab4
C:   0000022E  A$Lab4$1568                        Lab4
C:   0000022F  A$Lab4$1570                        Lab4
C:   00000232  A$Lab4$1571                        Lab4
C:   00000234  A$Lab4$1572                        Lab4
C:   00000236  A$Lab4$1573                        Lab4
C:   00000237  A$Lab4$1574                        Lab4
C:   00000239  A$Lab4$1575                        Lab4
C:   0000023A  A$Lab4$1576                        Lab4
C:   0000023C  A$Lab4$1577                        Lab4
C:   0000023D  A$Lab4$1578                        Lab4
C:   0000023E  A$Lab4$1579                        Lab4
C:   00000240  A$Lab4$1582                        Lab4
C:   00000240  C$i2c.h$124$2$79                   Lab4
C:   00000242  A$Lab4$1583                        Lab4
C:   00000243  A$Lab4$1584                        Lab4
C:   00000245  A$Lab4$1585                        Lab4
C:   00000247  A$Lab4$1589                        Lab4
C:   00000247  C$i2c.h$121$1$78                   Lab4
C:   00000248  A$Lab4$1590                        Lab4
C:   0000024A  A$Lab4$1591                        Lab4
C:   0000024D  A$Lab4$1593                        Lab4
C:   0000024F  A$Lab4$1596                        Lab4
C:   0000024F  C$i2c.h$127$1$78                   Lab4
C:   00000251  A$Lab4$1597                        Lab4
ASxxxx Linker V03.00 + NoICE + sdld,  page 35.
Hexadecimal  [32-Bits]

Area                                    Addr        Size        Decimal Bytes (Attributes)
--------------------------------        ----        ----        ------- ----- ------------
CSEG                                000000E2    00001E6A =        7786. bytes (REL,CON,CODE)

      Value  Global                              Global Defined In Module
      -----  --------------------------------   ------------------------
C:   00000254  A$Lab4$1598                        Lab4
C:   00000257  A$Lab4$1599                        Lab4
C:   00000259  A$Lab4$1603                        Lab4
C:   00000259  C$i2c.h$129$1$78                   Lab4
C:   0000025B  A$Lab4$1604                        Lab4
C:   0000025E  A$Lab4$1605                        Lab4
C:   00000261  A$Lab4$1606                        Lab4
C:   00000263  A$Lab4$1610                        Lab4
C:   00000263  C$i2c.h$131$1$78                   Lab4
C:   00000265  A$Lab4$1611                        Lab4
C:   00000268  A$Lab4$1612                        Lab4
C:   0000026B  A$Lab4$1613                        Lab4
C:   0000026D  A$Lab4$1617                        Lab4
C:   0000026D  C$i2c.h$133$1$78                   Lab4
C:   0000026F  A$Lab4$1618                        Lab4
C:   00000272  A$Lab4$1619                        Lab4
C:   00000275  A$Lab4$1620                        Lab4
C:   00000277  A$Lab4$1624                        Lab4
C:   00000277  C$i2c.h$135$1$78                   Lab4
C:   0000027A  A$Lab4$1628                        Lab4
C:   0000027A  C$i2c.h$136$1$78                   Lab4
C:   0000027A  XG$read_keypad$0$0                 Lab4
C:   0000027B  A$Lab4$1644                        Lab4
C:   0000027B  C$i2c.h$148$1$78                   Lab4
C:   0000027B  G$kpd_input$0$0                    Lab4
C:   0000027B  _kpd_input                         Lab4
C:   0000027D  A$Lab4$1649                        Lab4
C:   0000027D  C$i2c.h$153$1$81                   Lab4
C:   0000027D  C$i2c.h$156$1$81                   Lab4
C:   0000027E  A$Lab4$1650                        Lab4
C:   0000027F  A$Lab4$1651                        Lab4
C:   00000280  A$Lab4$1652                        Lab4
C:   00000281  A$Lab4$1653                        Lab4
C:   00000283  A$Lab4$1654                        Lab4
C:   00000285  A$Lab4$1655                        Lab4
C:   00000287  A$Lab4$1656                        Lab4
C:   00000289  A$Lab4$1657                        Lab4
C:   0000028B  A$Lab4$1658                        Lab4
C:   0000028D  A$Lab4$1659                        Lab4
C:   0000028F  A$Lab4$1660                        Lab4
C:   00000291  A$Lab4$1661                        Lab4
C:   00000293  A$Lab4$1662                        Lab4
C:   00000296  A$Lab4$1663                        Lab4
C:   00000298  A$Lab4$1664                        Lab4
C:   0000029A  A$Lab4$1665                        Lab4
C:   0000029C  A$Lab4$1666                        Lab4
C:   0000029E  A$Lab4$1667                        Lab4
C:   000002A0  A$Lab4$1671                        Lab4
C:   000002A0  C$i2c.h$158$1$81                   Lab4
C:   000002A2  A$Lab4$1672                        Lab4
C:   000002A4  A$Lab4$1673                        Lab4
ASxxxx Linker V03.00 + NoICE + sdld,  page 36.
Hexadecimal  [32-Bits]

Area                                    Addr        Size        Decimal Bytes (Attributes)
--------------------------------        ----        ----        ------- ----- ------------
CSEG                                000000E2    00001E6A =        7786. bytes (REL,CON,CODE)

      Value  Global                              Global Defined In Module
      -----  --------------------------------   ------------------------
C:   000002A6  A$Lab4$1674                        Lab4
C:   000002A8  A$Lab4$1675                        Lab4
C:   000002A9  A$Lab4$1676                        Lab4
C:   000002AB  A$Lab4$1677                        Lab4
C:   000002AD  A$Lab4$1678                        Lab4
C:   000002AF  A$Lab4$1679                        Lab4
C:   000002B0  A$Lab4$1680                        Lab4
C:   000002B2  A$Lab4$1681                        Lab4
C:   000002B4  A$Lab4$1682                        Lab4
C:   000002B6  A$Lab4$1683                        Lab4
C:   000002B7  A$Lab4$1684                        Lab4
C:   000002B9  A$Lab4$1685                        Lab4
C:   000002BB  A$Lab4$1686                        Lab4
C:   000002BD  A$Lab4$1687                        Lab4
C:   000002BE  A$Lab4$1688                        Lab4
C:   000002C0  A$Lab4$1689                        Lab4
C:   000002C2  A$Lab4$1690                        Lab4
C:   000002C4  A$Lab4$1691                        Lab4
C:   000002C5  A$Lab4$1692                        Lab4
C:   000002C7  A$Lab4$1693                        Lab4
C:   000002C9  A$Lab4$1694                        Lab4
C:   000002CB  A$Lab4$1695                        Lab4
C:   000002CD  A$Lab4$1696                        Lab4
C:   000002CF  A$Lab4$1697                        Lab4
C:   000002D1  A$Lab4$1698                        Lab4
C:   000002D3  A$Lab4$1699                        Lab4
C:   000002D6  A$Lab4$1700                        Lab4
C:   000002D8  A$Lab4$1701                        Lab4
C:   000002DA  A$Lab4$1702                        Lab4
C:   000002DC  A$Lab4$1705                        Lab4
C:   000002DC  C$i2c.h$160$1$81                   Lab4
C:   000002DF  A$Lab4$1706                        Lab4
C:   000002E2  A$Lab4$1707                        Lab4
C:   000002E3  A$Lab4$1708                        Lab4
C:   000002E6  A$Lab4$1709                        Lab4
C:   000002E8  A$Lab4$1710                        Lab4
C:   000002EA  A$Lab4$1713                        Lab4
C:   000002EC  A$Lab4$1717                        Lab4
C:   000002EC  C$i2c.h$166$3$84                   Lab4
C:   000002EE  A$Lab4$1718                        Lab4
C:   000002F0  A$Lab4$1719                        Lab4
C:   000002F2  A$Lab4$1720                        Lab4
C:   000002F5  A$Lab4$1721                        Lab4
C:   000002F7  A$Lab4$1722                        Lab4
C:   000002F9  A$Lab4$1723                        Lab4
C:   000002FB  A$Lab4$1724                        Lab4
C:   000002FD  A$Lab4$1725                        Lab4
[...]
C:   00000D2C  A$Lab4$3773                        Lab4
C:   00000D2C  C$Lab4.c$399$1$157                 Lab4
C:   00000D2F  A$Lab4$3776                        Lab4
C:   00000D31  A$Lab4$3780                        Lab4
C:   00000D31  C$Lab4.c$403$2$158                 Lab4
C:   00000D33  A$Lab4$3781                        Lab4
C:   00000D36  A$Lab4$3782                        Lab4
C:   00000D38  A$Lab4$3783                        Lab4
C:   00000D3A  A$Lab4$3786                        Lab4
C:   00000D3A  C$Lab4.c$405$2$158                 Lab4
C:   00000D3D  A$Lab4$3787                        Lab4
C:   00000D3F  A$Lab4$3789                        Lab4
C:   00000D42  A$Lab4$3790                        Lab4
C:   00000D44  A$Lab4$3794                        Lab4
C:   00000D44  C$Lab4.c$407$3$159                 Lab4
C:   00000D45  A$Lab4$3795                        Lab4
C:   00000D47  A$Lab4$3796                        Lab4
C:   00000D48  A$Lab4$3797                        Lab4
C:   00000D4A  A$Lab4$3798                        Lab4
C:   00000D4C  A$Lab4$3802                        Lab4
ASxxxx Linker V03.00 + NoICE + sdld,  page 68.
Hexadecimal  [32-Bits]

Area                                    Addr        Size        Decimal Bytes (Attributes)
--------------------------------        ----        ----        ------- ----- ------------
CSEG                                000000E2    00001E6A =        7786. bytes (REL,CON,CODE)

      Value  Global                              Global Defined In Module
      -----  --------------------------------   ------------------------
C:   00000D4C  C$Lab4.c$409$2$158                 Lab4
C:   00000D4F  A$Lab4$3803                        Lab4
C:   00000D51  A$Lab4$3807                        Lab4
C:   00000D51  C$Lab4.c$413$2$158                 Lab4
C:   00000D54  A$Lab4$3810                        Lab4
C:   00000D54  C$Lab4.c$415$3$161                 Lab4
C:   00000D55  A$Lab4$3811                        Lab4
C:   00000D57  A$Lab4$3812                        Lab4
C:   00000D58  A$Lab4$3813                        Lab4
C:   00000D5A  A$Lab4$3817                        Lab4
C:   00000D5A  C$Lab4.c$417$2$158                 Lab4
C:   00000D5B  A$Lab4$3818                        Lab4
C:   00000D5D  A$Lab4$3819                        Lab4
C:   00000D5E  A$Lab4$3820                        Lab4
C:   00000D60  A$Lab4$3821                        Lab4
C:   00000D62  A$Lab4$3822                        Lab4
C:   00000D64  A$Lab4$3823                        Lab4
C:   00000D66  A$Lab4$3824                        Lab4
C:   00000D68  A$Lab4$3825                        Lab4
C:   00000D6A  A$Lab4$3826                        Lab4
C:   00000D6C  A$Lab4$3827                        Lab4
C:   00000D6E  A$Lab4$3828                        Lab4
C:   00000D70  A$Lab4$3829                        Lab4
C:   00000D72  A$Lab4$3830                        Lab4
C:   00000D74  A$Lab4$3831                        Lab4
C:   00000D77  A$Lab4$3832                        Lab4
C:   00000D79  A$Lab4$3833                        Lab4
C:   00000D7B  A$Lab4$3834                        Lab4
C:   00000D7D  A$Lab4$3835                        Lab4
C:   00000D7F  A$Lab4$3838                        Lab4
C:   00000D7F  C$Lab4.c$401$1$157                 Lab4
C:   00000D80  A$Lab4$3839                        Lab4
C:   00000D83  A$Lab4$3841                        Lab4
C:   00000D85  A$Lab4$3845                        Lab4
C:   00000D85  C$Lab4.c$420$1$157                 Lab4
C:   00000D88  A$Lab4$3846                        Lab4
C:   00000D8B  A$Lab4$3847                        Lab4
C:   00000D8E  A$Lab4$3852                        Lab4
C:   00000D8E  C$Lab4.c$422$1$157                 Lab4
C:   00000D8E  C$Lab4.c$423$1$157                 Lab4
C:   00000D8E  XG$getNumberFromKeypad$0$0         Lab4
C:   00000D8F  A$Lab4$3865                        Lab4
C:   00000D8F  C$Lab4.c$429$1$157                 Lab4
C:   00000D8F  C$Lab4.c$432$1$162                 Lab4
C:   00000D8F  G$Port_Init$0$0                    Lab4
C:   00000D8F  _Port_Init                         Lab4
C:   00000D92  A$Lab4$3868                        Lab4
C:   00000D92  C$Lab4.c$433$1$162                 Lab4
C:   00000D95  A$Lab4$3871                        Lab4
C:   00000D95  C$Lab4.c$434$1$162                 Lab4
C:   00000D98  A$Lab4$3874                        Lab4
ASxxxx Linker V03.00 + NoICE + sdld,  page 69.
Hexadecimal  [32-Bits]

Area                                    Addr        Size        Decimal Bytes (Attributes)
--------------------------------        ----        ----        ------- ----- ------------
CSEG                                000000E2    00001E6A =        7786. bytes (REL,CON,CODE)

      Value  Global                              Global Defined In Module
      -----  --------------------------------   ------------------------
C:   00000D98  C$Lab4.c$435$1$162                 Lab4
C:   00000D9A  A$Lab4$3875                        Lab4
C:   00000D9C  A$Lab4$3876                        Lab4
C:   00000D9D  A$Lab4$3877                        Lab4
C:   00000D9F  A$Lab4$3880                        Lab4
C:   00000D9F  C$Lab4.c$437$1$162                 Lab4
C:   00000DA2  A$Lab4$3883                        Lab4
C:   00000DA2  C$Lab4.c$438$1$162                 Lab4
C:   00000DA4  A$Lab4$3884                        Lab4
C:   00000DA6  A$Lab4$3885                        Lab4
C:   00000DA7  A$Lab4$3886                        Lab4
C:   00000DA9  A$Lab4$3889                        Lab4
C:   00000DA9  C$Lab4.c$439$1$162                 Lab4
C:   00000DAC  A$Lab4$3892                        Lab4
C:   00000DAC  C$Lab4.c$440$1$162                 Lab4
C:   00000DAC  XG$Port_Init$0$0                   Lab4
C:   00000DAD  A$Lab4$3905                        Lab4
C:   00000DAD  C$Lab4.c$445$1$162                 Lab4
C:   00000DAD  C$Lab4.c$447$1$164                 Lab4
C:   00000DAD  G$ADC_Init$0$0                     Lab4
C:   00000DAD  _ADC_Init                          Lab4
C:   00000DB0  A$Lab4$3908                        Lab4
C:   00000DB0  C$Lab4.c$448$1$164                 Lab4
C:   00000DB3  A$Lab4$3911                        Lab4
C:   00000DB3  C$Lab4.c$449$1$164                 Lab4
C:   00000DB6  A$Lab4$3914                        Lab4
C:   00000DB6  C$Lab4.c$451$1$164                 Lab4
C:   00000DB9  A$Lab4$3917                        Lab4
C:   00000DB9  C$Lab4.c$453$1$164                 Lab4
C:   00000DB9  XG$ADC_Init$0$0                    Lab4
C:   00000DBA  A$Lab4$3930                        Lab4
C:   00000DBA  C$Lab4.c$458$1$164                 Lab4
C:   00000DBA  C$Lab4.c$460$1$165                 Lab4
C:   00000DBA  G$XBR0_Init$0$0                    Lab4
C:   00000DBA  _XBR0_Init                         Lab4
C:   00000DBD  A$Lab4$3933                        Lab4
C:   00000DBD  C$Lab4.c$462$1$165                 Lab4
C:   00000DBD  XG$XBR0_Init$0$0                   Lab4
C:   00000DBE  A$Lab4$3946                        Lab4
C:   00000DBE  C$Lab4.c$467$1$165                 Lab4
C:   00000DBE  C$Lab4.c$469$1$167                 Lab4
C:   00000DBE  G$PCA_Init$0$0                     Lab4
C:   00000DBE  _PCA_Init                          Lab4
C:   00000DC1  A$Lab4$3949                        Lab4
C:   00000DC1  C$Lab4.c$470$1$167                 Lab4
C:   00000DC4  A$Lab4$3952                        Lab4
C:   00000DC4  C$Lab4.c$472$1$167                 Lab4
C:   00000DC7  A$Lab4$3955                        Lab4
C:   00000DC7  C$Lab4.c$474$1$167                 Lab4
C:   00000DCA  A$Lab4$3958                        Lab4
C:   00000DCA  C$Lab4.c$475$1$167                 Lab4
ASxxxx Linker V03.00 + NoICE + sdld,  page 70.
Hexadecimal  [32-Bits]

Area                                    Addr        Size        Decimal Bytes (Attributes)
--------------------------------        ----        ----        ------- ----- ------------
CSEG                                000000E2    00001E6A =        7786. bytes (REL,CON,CODE)

      Value  Global                              Global Defined In Module
      -----  --------------------------------   ------------------------
C:   00000DCD  A$Lab4$3961                        Lab4
C:   00000DCD  C$Lab4.c$477$1$167                 Lab4
C:   00000DD0  A$Lab4$3964                        Lab4
C:   00000DD0  C$Lab4.c$478$1$167                 Lab4
C:   00000DD2  A$Lab4$3967                        Lab4
C:   00000DD2  C$Lab4.c$479$1$167                 Lab4
C:   00000DD2  XG$PCA_Init$0$0                    Lab4
C:   00000DD3  A$Lab4$3978                        Lab4
C:   00000DD3  C$Lab4.c$484$1$167                 Lab4
C:   00000DD3  G$PCA_ISR$0$0                      Lab4
C:   00000DD3  _PCA_ISR                           Lab4
C:   00000DD5  A$Lab4$3979                        Lab4
C:   00000DD7  A$Lab4$3982                        Lab4
C:   00000DD7  C$Lab4.c$486$1$169                 Lab4
C:   00000DDA  A$Lab4$3985                        Lab4
C:   00000DDA  C$Lab4.c$488$2$170                 Lab4
C:   00000DDC  A$Lab4$3986                        Lab4
C:   00000DDD  A$Lab4$3987                        Lab4
C:   00000DE0  A$Lab4$3988                        Lab4
C:   00000DE2  A$Lab4$3992                        Lab4
C:   00000DE2  C$Lab4.c$489$2$170                 Lab4
C:   00000DE4  A$Lab4$3995                        Lab4
C:   00000DE4  C$Lab4.c$490$2$170                 Lab4
C:   00000DE7  A$Lab4$3996                        Lab4
C:   00000DEA  A$Lab4$4000                        Lab4
C:   00000DEA  C$Lab4.c$493$1$169                 Lab4
C:   00000DED  A$Lab4$4001                        Lab4
C:   00000DEF  A$Lab4$4002                        Lab4
C:   00000DF1  A$Lab4$4005                        Lab4
C:   00000DF1  C$Lab4.c$494$1$169                 Lab4
C:   00000DF1  XG$PCA_ISR$0$0                     Lab4
C:   00000DF2  A$Lab4$4022                        Lab4
C:   00000DF2  C$Lab4.c$499$1$169                 Lab4
C:   00000DF2  C$Lab4.c$501$1$171                 Lab4
C:   00000DF2  G$SMB0_Init$0$0                    Lab4
C:   00000DF2  _SMB0_Init                         Lab4
C:   00000DF5  A$Lab4$4025                        Lab4
C:   00000DF5  C$Lab4.c$502$1$171                 Lab4
C:   00000DF7  A$Lab4$4028                        Lab4
C:   00000DF7  C$Lab4.c$503$1$171                 Lab4
C:   00000DF7  XG$SMB0_Init$0$0                   Lab4
C:   00000DF8  __divuint                          _divuint
C:   00000E21  _printf_fast_f                     printf_fast_f
C:   000012A2  __divulong                         _divulong
C:   00001307  ___fsmul                           _fsmul
C:   000013AA  fsgetargs                          _fsget2args
C:   000013D8  fs_rshift_a                        _fsrshift
C:   0000141B  fs_normalize_a                     _fsnormalize
C:   0000144E  _atoi                              _atoi
C:   0000153A  __gptrput                          _gptrput
C:   00001555  __mulint                           _mulint
ASxxxx Linker V03.00 + NoICE + sdld,  page 71.
Hexadecimal  [32-Bits]

Area                                    Addr        Size        Decimal Bytes (Attributes)
--------------------------------        ----        ----        ------- ----- ------------
CSEG                                000000E2    00001E6A =        7786. bytes (REL,CON,CODE)

      Value  Global                              Global Defined In Module
      -----  --------------------------------   ------------------------
C:   00001555  __mulint_dummy                     _mulint
C:   000015E2  _vsprintf                          sprintf
C:   0000161F  _sprintf                           sprintf
C:   0000166D  __mullong                          _mullong
C:   0000166D  __mullong_dummy                    _mullong
C:   000016DB  __divslong                         _divslong
C:   0000172D  ___sint2fs                         _sint2fs
C:   0000173A  ___fs2uint                         _fs2uint
C:   00001745  ___uint2fs                         _uint2fs
C:   00001751  fs_round_and_return                _fsreturnval
C:   00001769  fs_zerocheck_return                _fsreturnval
C:   00001772  fs_return_zero                     _fsreturnval
C:   0000177A  fs_direct_return                   _fsreturnval
C:   00001788  fs_return_inf                      _fsreturnval
C:   00001795  fs_return_nan                      _fsreturnval
C:   000017AB  _vprintf                           vprintf
C:   000017C4  _printf                            vprintf
C:   00001896  __print_format                     printf_large
C:   00001DA0  _strlen                            _strlen
C:   00001DB8  ___fsdiv                           _fsdiv
C:   00001E7B  __gptrget                          _gptrget
C:   00001E97  ___slong2fs                        _slong2fs
C:   00001EA0  slong2fs_doit                      _slong2fs
C:   00001EC4  ___ulong2fs                        _ulong2fs
C:   00001ECD  ulong2fs_doit                      _ulong2fs
C:   00001ED7  __divsint                          _divsint
C:   00001F0F  __sdcc_external_startup            _startup
C:   00001F13  ___fs2ulong                        _fs2ulong
C:   00001F15  fs2ulong_begin                     _fs2ulong
C:   00001F3A  fsgetarg                           _fsget1arg

ASxxxx Linker V03.00 + NoICE + sdld,  page 72.
Hexadecimal  [32-Bits]

Area                                    Addr        Size        Decimal Bytes (Attributes)
--------------------------------        ----        ----        ------- ----- ------------
CONST                               00001F4C    0000047D =        1149. bytes (REL,CON,CODE)

      Value  Global                              Global Defined In Module
      -----  --------------------------------   ------------------------
C:   00001F4C  FLab4$__str_0$0$0                  Lab4
C:   00001F62  FLab4$__str_1$0$0                  Lab4
C:   00001F72  FLab4$__str_2$0$0                  Lab4
C:   00001F75  FLab4$__str_3$0$0                  Lab4
C:   00001F8F  FLab4$__str_4$0$0                  Lab4
C:   00001FA9  FLab4$__str_5$0$0                  Lab4
C:   00001FBE  FLab4$__str_6$0$0                  Lab4
C:   00001FD3  FLab4$__str_7$0$0                  Lab4
C:   00001FE8  FLab4$__str_8$0$0                  Lab4
C:   00002001  FLab4$__str_9$0$0                  Lab4
C:   00002018  FLab4$__str_10$0$0                 Lab4
C:   00002031  FLab4$__str_11$0$0                 Lab4
C:   00002046  FLab4$__str_12$0$0                 Lab4
C:   0000205B  FLab4$__str_13$0$0                 Lab4
C:   00002070  FLab4$__str_14$0$0                 Lab4
C:   000020C2  FLab4$__str_15$0$0                 Lab4
C:   000020D7  FLab4$__str_16$0$0                 Lab4
C:   000020EC  FLab4$__str_17$0$0                 Lab4
C:   00002101  FLab4$__str_18$0$0                 Lab4
C:   0000210B  FLab4$__str_19$0$0                 Lab4
C:   00002120  FLab4$__str_20$0$0                 Lab4
C:   00002135  FLab4$__str_21$0$0                 Lab4
C:   0000214A  FLab4$__str_22$0$0                 Lab4
C:   00002162  FLab4$__str_23$0$0                 Lab4
C:   00002177  FLab4$__str_24$0$0                 Lab4
C:   0000218D  FLab4$__str_25$0$0                 Lab4
C:   000021A2  FLab4$__str_26$0$0                 Lab4
C:   000021B0  FLab4$__str_27$0$0                 Lab4
C:   000021C2  FLab4$__str_28$0$0                 Lab4
C:   000021D1  FLab4$__str_29$0$0                 Lab4
ASxxxx Linker V03.00 + NoICE + sdld,  page 73.

Files Linked                              [ module(s) ]

C:\Users\Christopher\Google Drive\School\2015 Spring - Embedded Control\Labs\04 - Combining Ranger and Compass\Code\Lab4.rel
                                          [  ]


Libraries Linked                          [ object file ]

C:\Program Files\SDCC\bin\..\lib\small/libint.lib
                                          [ _divuint.rel ]
C:\Program Files\SDCC\bin\..\lib\small/libsdcc.lib
                                          [ printf_fast_f.rel ]
C:\Program Files\SDCC\bin\..\lib\small/liblong.lib
                                          [ _divulong.rel ]
C:\Program Files\SDCC\bin\..\lib\small/libfloat.lib
                                          [ _fsmul.rel ]
C:\Program Files\SDCC\bin\..\lib\small/libfloat.lib
                                          [ _fsget2args.rel ]
C:\Program Files\SDCC\bin\..\lib\small/mcs51.lib
                                          [ crtclear.rel ]
C:\Program Files\SDCC\bin\..\lib\small/libfloat.lib
                                          [ _fsrshift.rel ]
C:\Program Files\SDCC\bin\..\lib\small/libfloat.lib
                                          [ _fsnormalize.rel ]
C:\Program Files\SDCC\bin\..\lib\small/libsdcc.lib
                                          [ _atoi.rel ]
C:\Program Files\SDCC\bin\..\lib\small/mcs51.lib
                                          [ crtxinit.rel ]
C:\Program Files\SDCC\bin\..\lib\small/libsdcc.lib
                                          [ _gptrput.rel ]
C:\Program Files\SDCC\bin\..\lib\small/libint.lib
                                          [ _mulint.rel ]
C:\Program Files\SDCC\bin\..\lib\small/libsdcc.lib
                                          [ sprintf.rel ]
C:\Program Files\SDCC\bin\..\lib\small/liblong.lib
                                          [ _mullong.rel ]
C:\Program Files\SDCC\bin\..\lib\small/mcs51.lib
                                          [ crtxclear.rel ]
C:\Program Files\SDCC\bin\..\lib\small/liblong.lib
                                          [ _divslong.rel ]
C:\Program Files\SDCC\bin\..\lib\small/libfloat.lib
                                          [ _sint2fs.rel ]
C:\Program Files\SDCC\bin\..\lib\small/libfloat.lib
                                          [ _fs2uint.rel ]
C:\Program Files\SDCC\bin\..\lib\small/libfloat.lib
                                          [ _uint2fs.rel ]
C:\Program Files\SDCC\bin\..\lib\small/libfloat.lib
                                          [ _fsreturnval.rel ]
C:\Program Files\SDCC\bin\..\lib\small/libsdcc.lib
                                          [ _bp.rel ]
C:\Program Files\SDCC\bin\..\lib\small/libsdcc.lib
                                          [ vprintf.rel ]
C:\Program Files\SDCC\bin\..\lib\small/libsdcc.lib
                                          [ printf_large.rel ]
C:\Program Files\SDCC\bin\..\lib\small/libsdcc.lib
                                          [ _strlen.rel ]
C:\Program Files\SDCC\bin\..\lib\small/libfloat.lib
                                          [ _fsdiv.rel ]
C:\Program Files\SDCC\bin\..\lib\small/mcs51.lib
                                          [ crtstart.rel ]
C:\Program Files\SDCC\bin\..\lib\small/libsdcc.lib
                                          [ _gptrget.rel ]
C:\Program Files\SDCC\bin\..\lib\small/libfloat.lib
                                          [ _slong2fs.rel ]
C:\Program Files\SDCC\bin\..\lib\small/libfloat.lib
                                          [ _ulong2fs.rel ]
C:\Program Files\SDCC\bin\..\lib\small/libint.lib
                                          [ _divsint.rel ]
C:\Program Files\SDCC\bin\..\lib\small/libsdcc.lib
                                          [ _startup.rel ]
C:\Program Files\SDCC\bin\..\lib\small/libfloat.lib
                                          [ _fs2ulong.rel ]
C:\Program Files\SDCC\bin\..\lib\small/libfloat.lib
                                          [ _fsget1arg.rel ]

ASxxxx Linker V03.00 + NoICE + sdld,  page 74.

User Base Address Definitions

HOME = 0x0000
XSEG = 0x0001
PSEG = 0x0001
ISEG = 0x0000
BSEG = 0x0000

